#
# There is insufficient memory for the Java Runtime Environment to continue.
# Native memory allocation (malloc) failed to allocate 1138384 bytes. Error detail: Chunk::new
# Possible reasons:
#   The system is out of physical RAM or swap space
#   This process is running with CompressedOops enabled, and the Java Heap may be blocking the growth of the native heap
# Possible solutions:
#   Reduce memory load on the system
#   Increase physical memory or swap space
#   Check if swap backing store is full
#   Decrease Java heap size (-Xmx/-Xms)
#   Decrease number of Java threads
#   Decrease Java thread stack sizes (-Xss)
#   Set larger code cache with -XX:ReservedCodeCacheSize=
#   JVM is running with Unscaled Compressed Oops mode in which the Java heap is
#     placed in the first 4GB address space. The Java Heap base address is the
#     maximum limit for the native heap growth. Please use -XX:HeapBaseMinAddress
#     to set the Java Heap base and to place the Java Heap above 4GB virtual address.
# This output file may be truncated or incomplete.
#
#  Out of Memory Error (arena.cpp:168), pid=16544, tid=26432
#
# JRE version: OpenJDK Runtime Environment Temurin-21.0.10+7 (21.0.10+7) (build 21.0.10+7-LTS)
# Java VM: OpenJDK 64-Bit Server VM Temurin-21.0.10+7 (21.0.10+7-LTS, mixed mode, sharing, tiered, compressed oops, compressed class ptrs, parallel gc, windows-amd64)
# No core dump will be written. Minidumps are not enabled by default on client versions of Windows
#

---------------  S U M M A R Y ------------

Command Line: --add-modules=ALL-SYSTEM --add-opens=java.base/java.util=ALL-UNNAMED --add-opens=java.base/java.lang=ALL-UNNAMED --add-opens=java.base/sun.nio.fs=ALL-UNNAMED -Declipse.application=org.eclipse.jdt.ls.core.id1 -Dosgi.bundles.defaultStartLevel=4 -Declipse.product=org.eclipse.jdt.ls.core.product -Djava.import.generatesMetadataFilesAtProjectRoot=false -DDetectVMInstallationsJob.disabled=true -Dfile.encoding=utf8 -XX:+UseParallelGC -XX:GCTimeRatio=4 -XX:AdaptiveSizePolicyWeight=90 -Dsun.zip.disableMemoryMapping=true -Xmx2G -Xms100m -Xlog:disable -javaagent:c:\Users\admin\.vscode\extensions\redhat.java-1.54.0-win32-x64\lombok\lombok-1.18.39-4050.jar -XX:+HeapDumpOnOutOfMemoryError -XX:HeapDumpPath=c:\Users\admin\AppData\Roaming\Code\User\workspaceStorage\1c6c7382f2917cdd6518ce0c012ef50e\redhat.java -Daether.dependencyCollector.impl=bf -agentpath:C:\Program Files\Palo Alto Networks\Traps\cyjagent.dll c:\Users\admin\.vscode\extensions\redhat.java-1.54.0-win32-x64\server\plugins\org.eclipse.equinox.launcher_1.7.100.v20251111-0406.jar -configuration c:\Users\admin\AppData\Roaming\Code\User\globalStorage\redhat.java\1.54.0\config_win -data c:\Users\admin\AppData\Roaming\Code\User\workspaceStorage\1c6c7382f2917cdd6518ce0c012ef50e\redhat.java\jdt_ws --pipe=\\.\pipe\lsp-3a6031e18b7f005f5ff554b38011888c-sock

Host: 13th Gen Intel(R) Core(TM) i5-1335U, 12 cores, 15G,  Windows 11 , 64 bit Build 26100 (10.0.26100.8246)
Time: Thu May 14 00:15:01 2026 Afr. centrale Ouest elapsed time: 47.309676 seconds (0d 0h 0m 47s)

---------------  T H R E A D  ---------------

Current thread (0x000001a16d2766c0):  JavaThread "C2 CompilerThread1" daemon [_thread_in_native, id=26432, stack(0x0000007b76000000,0x0000007b76100000) (1024K)]


Current CompileTask:
C2:47313 7871       4       org.eclipse.jdt.internal.core.JrtPackageFragmentRoot$1::visitFile (14 bytes)

Stack: [0x0000007b76000000,0x0000007b76100000]
Native frames: (J=compiled Java code, j=interpreted, Vv=VM code, C=native code)
V  [jvm.dll+0x6d7a39]
V  [jvm.dll+0x8b4b26]
V  [jvm.dll+0x8b70de]
V  [jvm.dll+0x8b77c3]
V  [jvm.dll+0x284346]
V  [jvm.dll+0xc66ed]
V  [jvm.dll+0xc6c31]
V  [jvm.dll+0x3bec3b]
V  [jvm.dll+0x38b162]
V  [jvm.dll+0x38a5aa]
V  [jvm.dll+0x24c560]
V  [jvm.dll+0x24bb40]
V  [jvm.dll+0x1cb34e]
V  [jvm.dll+0x25b85d]
V  [jvm.dll+0x259dea]
V  [jvm.dll+0x3f857e]
V  [jvm.dll+0x85f59d]
V  [jvm.dll+0x6d626d]
C  [ucrtbase.dll+0x37b0]
C  [cyinjct.dll+0x11e7]
C  [KERNEL32.dll+0x2e8d7]
C  [ntdll.dll+0x8c3fc]


---------------  P R O C E S S  ---------------

Threads class SMR info:
_java_thread_list=0x000001a16c25a930, length=54, elements={
0x000001a10be5fba0, 0x000001a12289b390, 0x000001a12289d000, 0x000001a164807700,
0x000001a1648085e0, 0x000001a16480a330, 0x000001a164811f00, 0x000001a164818880,
0x000001a16481d360, 0x000001a164aa97f0, 0x000001a16a129d90, 0x000001a16a8f4100,
0x000001a16a8f4e20, 0x000001a16a8f33e0, 0x000001a16a8f4790, 0x000001a16a8f54b0,
0x000001a16a8f2030, 0x000001a16a8f3a70, 0x000001a16a8f26c0, 0x000001a16b2e9770,
0x000001a16b2e7010, 0x000001a16b2e76a0, 0x000001a16b2e83c0, 0x000001a16b2e7d30,
0x000001a16b2e9e00, 0x000001a16b2e6980, 0x000001a16b2ea490, 0x000001a16b2eab20,
0x000001a16b2eb840, 0x000001a16b2eb1b0, 0x000001a16b2ebed0, 0x000001a16b2e8a50,
0x000001a16b2ec560, 0x000001a16b2ed910, 0x000001a16b2ecbf0, 0x000001a16b2ed280,
0x000001a16b2edfa0, 0x000001a16d255ac0, 0x000001a16d256e70, 0x000001a16d254080,
0x000001a16d254710, 0x000001a16d257500, 0x000001a16d256150, 0x000001a16d254da0,
0x000001a16d2588b0, 0x000001a16d257b90, 0x000001a16d2567e0, 0x000001a16d258220,
0x000001a16d255430, 0x000001a16d25a2f0, 0x000001a16d258f40, 0x000001a16d2595d0,
0x000001a16d2766c0, 0x000001a16be36840
}

Java Threads: ( => current thread )
  0x000001a10be5fba0 JavaThread "main"                              [_thread_blocked, id=45508, stack(0x0000007b73d00000,0x0000007b73e00000) (1024K)]
  0x000001a12289b390 JavaThread "Reference Handler"          daemon [_thread_blocked, id=16228, stack(0x0000007b74200000,0x0000007b74300000) (1024K)]
  0x000001a12289d000 JavaThread "Finalizer"                  daemon [_thread_blocked, id=9052, stack(0x0000007b74300000,0x0000007b74400000) (1024K)]
  0x000001a164807700 JavaThread "Signal Dispatcher"          daemon [_thread_blocked, id=39264, stack(0x0000007b74400000,0x0000007b74500000) (1024K)]
  0x000001a1648085e0 JavaThread "Attach Listener"            daemon [_thread_blocked, id=24648, stack(0x0000007b74500000,0x0000007b74600000) (1024K)]
  0x000001a16480a330 JavaThread "Service Thread"             daemon [_thread_blocked, id=46208, stack(0x0000007b74600000,0x0000007b74700000) (1024K)]
  0x000001a164811f00 JavaThread "Monitor Deflation Thread"   daemon [_thread_blocked, id=28884, stack(0x0000007b74700000,0x0000007b74800000) (1024K)]
  0x000001a164818880 JavaThread "C2 CompilerThread0"         daemon [_thread_in_native, id=23772, stack(0x0000007b74800000,0x0000007b74900000) (1024K)]
  0x000001a16481d360 JavaThread "C1 CompilerThread0"         daemon [_thread_in_native, id=18820, stack(0x0000007b74900000,0x0000007b74a00000) (1024K)]
  0x000001a164aa97f0 JavaThread "Common-Cleaner"             daemon [_thread_blocked, id=21080, stack(0x0000007b74b00000,0x0000007b74c00000) (1024K)]
  0x000001a16a129d90 JavaThread "Notification Thread"        daemon [_thread_blocked, id=46476, stack(0x0000007b74c00000,0x0000007b74d00000) (1024K)]
  0x000001a16a8f4100 JavaThread "Active Thread: Equinox Container: d94ab74e-c824-4dea-828a-ffaefa953b77"        [_thread_blocked, id=32176, stack(0x0000007b75400000,0x0000007b75500000) (1024K)]
  0x000001a16a8f4e20 JavaThread "Refresh Thread: Equinox Container: d94ab74e-c824-4dea-828a-ffaefa953b77" daemon [_thread_blocked, id=29472, stack(0x0000007b74a00000,0x0000007b74b00000) (1024K)]
  0x000001a16a8f33e0 JavaThread "Framework Event Dispatcher: Equinox Container: d94ab74e-c824-4dea-828a-ffaefa953b77" daemon [_thread_blocked, id=6064, stack(0x0000007b75500000,0x0000007b75600000) (1024K)]
  0x000001a16a8f4790 JavaThread "Start Level: Equinox Container: d94ab74e-c824-4dea-828a-ffaefa953b77" daemon [_thread_blocked, id=33876, stack(0x0000007b75600000,0x0000007b75700000) (1024K)]
  0x000001a16a8f54b0 JavaThread "Bundle File Closer"         daemon [_thread_blocked, id=9404, stack(0x0000007b75a00000,0x0000007b75b00000) (1024K)]
  0x000001a16a8f2030 JavaThread "SCR Component Actor"        daemon [_thread_blocked, id=17260, stack(0x0000007b75700000,0x0000007b75800000) (1024K)]
  0x000001a16a8f3a70 JavaThread "Worker-JM"                         [_thread_blocked, id=16720, stack(0x0000007b75b00000,0x0000007b75c00000) (1024K)]
  0x000001a16a8f26c0 JavaThread "JNA Cleaner"                daemon [_thread_blocked, id=32116, stack(0x0000007b75c00000,0x0000007b75d00000) (1024K)]
  0x000001a16b2e9770 JavaThread "Worker-0"                          [_thread_blocked, id=24604, stack(0x0000007b75d00000,0x0000007b75e00000) (1024K)]
  0x000001a16b2e7010 JavaThread "Worker-1"                          [_thread_blocked, id=34824, stack(0x0000007b75e00000,0x0000007b75f00000) (1024K)]
  0x000001a16b2e76a0 JavaThread "Worker-2"                          [_thread_blocked, id=7268, stack(0x0000007b75f00000,0x0000007b76000000) (1024K)]
  0x000001a16b2e83c0 JavaThread "Worker-3: Initialize workspace"        [_thread_in_vm, id=30516, stack(0x0000007b76100000,0x0000007b76200000) (1024K)]
  0x000001a16b2e7d30 JavaThread "Java indexing"              daemon [_thread_blocked, id=23300, stack(0x0000007b76300000,0x0000007b76400000) (1024K)]
  0x000001a16b2e9e00 JavaThread "Worker-4"                          [_thread_blocked, id=6036, stack(0x0000007b76700000,0x0000007b76800000) (1024K)]
  0x000001a16b2e6980 JavaThread "Thread-1"                   daemon [_thread_in_native, id=40912, stack(0x0000007b76800000,0x0000007b76900000) (1024K)]
  0x000001a16b2ea490 JavaThread "Thread-2"                   daemon [_thread_in_native, id=31288, stack(0x0000007b76900000,0x0000007b76a00000) (1024K)]
  0x000001a16b2eab20 JavaThread "Thread-3"                   daemon [_thread_in_native, id=27260, stack(0x0000007b76a00000,0x0000007b76b00000) (1024K)]
  0x000001a16b2eb840 JavaThread "Thread-4"                   daemon [_thread_in_native, id=32388, stack(0x0000007b76b00000,0x0000007b76c00000) (1024K)]
  0x000001a16b2eb1b0 JavaThread "Thread-5"                   daemon [_thread_in_native, id=2620, stack(0x0000007b76c00000,0x0000007b76d00000) (1024K)]
  0x000001a16b2ebed0 JavaThread "Thread-6"                   daemon [_thread_in_native, id=8056, stack(0x0000007b76d00000,0x0000007b76e00000) (1024K)]
  0x000001a16b2e8a50 JavaThread "Thread-7"                   daemon [_thread_in_native, id=2464, stack(0x0000007b76e00000,0x0000007b76f00000) (1024K)]
  0x000001a16b2ec560 JavaThread "Thread-8"                   daemon [_thread_in_native, id=31360, stack(0x0000007b76f00000,0x0000007b77000000) (1024K)]
  0x000001a16b2ed910 JavaThread "Thread-9"                   daemon [_thread_in_native, id=25908, stack(0x0000007b77000000,0x0000007b77100000) (1024K)]
  0x000001a16b2ecbf0 JavaThread "Thread-10"                  daemon [_thread_in_native, id=25628, stack(0x0000007b77100000,0x0000007b77200000) (1024K)]
  0x000001a16b2ed280 JavaThread "Thread-11"                  daemon [_thread_in_native, id=18664, stack(0x0000007b77200000,0x0000007b77300000) (1024K)]
  0x000001a16b2edfa0 JavaThread "Thread-12"                  daemon [_thread_in_native, id=35228, stack(0x0000007b77300000,0x0000007b77400000) (1024K)]
  0x000001a16d255ac0 JavaThread "Thread-13"                  daemon [_thread_in_native, id=12932, stack(0x0000007b77400000,0x0000007b77500000) (1024K)]
  0x000001a16d256e70 JavaThread "pool-2-thread-1"                   [_thread_blocked, id=44148, stack(0x0000007b77500000,0x0000007b77600000) (1024K)]
  0x000001a16d254080 JavaThread "WorkspaceEventsHandler"            [_thread_blocked, id=35352, stack(0x0000007b77600000,0x0000007b77700000) (1024K)]
  0x000001a16d254710 JavaThread "pool-1-thread-1"                   [_thread_blocked, id=11196, stack(0x0000007b77700000,0x0000007b77800000) (1024K)]
  0x000001a16d257500 JavaThread "ForkJoinPool.commonPool-worker-1" daemon [_thread_blocked, id=4692, stack(0x0000007b77800000,0x0000007b77900000) (1024K)]
  0x000001a16d256150 JavaThread "ForkJoinPool.commonPool-worker-3" daemon [_thread_in_Java, id=46900, stack(0x0000007b77900000,0x0000007b77a00000) (1024K)]
  0x000001a16d254da0 JavaThread "ForkJoinPool.commonPool-worker-2" daemon [_thread_blocked, id=45380, stack(0x0000007b77a00000,0x0000007b77b00000) (1024K)]
  0x000001a16d2588b0 JavaThread "ForkJoinPool.commonPool-worker-4" daemon [_thread_blocked, id=9140, stack(0x0000007b77b00000,0x0000007b77c00000) (1024K)]
  0x000001a16d257b90 JavaThread "ForkJoinPool.commonPool-worker-5" daemon [_thread_blocked, id=48520, stack(0x0000007b77c00000,0x0000007b77d00000) (1024K)]
  0x000001a16d2567e0 JavaThread "ForkJoinPool.commonPool-worker-6" daemon [_thread_blocked, id=24544, stack(0x0000007b77d00000,0x0000007b77e00000) (1024K)]
  0x000001a16d258220 JavaThread "ForkJoinPool.commonPool-worker-7" daemon [_thread_blocked, id=7256, stack(0x0000007b77e00000,0x0000007b77f00000) (1024K)]
  0x000001a16d255430 JavaThread "ForkJoinPool.commonPool-worker-8" daemon [_thread_blocked, id=41476, stack(0x0000007b77f00000,0x0000007b78000000) (1024K)]
  0x000001a16d25a2f0 JavaThread "ForkJoinPool.commonPool-worker-9" daemon [_thread_blocked, id=7896, stack(0x0000007b78000000,0x0000007b78100000) (1024K)]
  0x000001a16d258f40 JavaThread "ForkJoinPool.commonPool-worker-10" daemon [_thread_blocked, id=36964, stack(0x0000007b78100000,0x0000007b78200000) (1024K)]
  0x000001a16d2595d0 JavaThread "ForkJoinPool.commonPool-worker-11" daemon [_thread_blocked, id=19436, stack(0x0000007b78200000,0x0000007b78300000) (1024K)]
=>0x000001a16d2766c0 JavaThread "C2 CompilerThread1"         daemon [_thread_in_native, id=26432, stack(0x0000007b76000000,0x0000007b76100000) (1024K)]
  0x000001a16be36840 JavaThread "C2 CompilerThread2"         daemon [_thread_in_native, id=1980, stack(0x0000007b76200000,0x0000007b76300000) (1024K)]
Total: 54

Other Threads:
  0x000001a164804930 VMThread "VM Thread"                           [id=34592, stack(0x0000007b74100000,0x0000007b74200000) (1024K)]
  0x000001a10be86f00 WatcherThread "VM Periodic Task Thread"        [id=9672, stack(0x0000007b74000000,0x0000007b74100000) (1024K)]
  0x000001a10be7af70 WorkerThread "GC Thread#0"                     [id=20820, stack(0x0000007b73f00000,0x0000007b74000000) (1024K)]
  0x000001a16a6bf140 WorkerThread "GC Thread#1"                     [id=48784, stack(0x0000007b74e00000,0x0000007b74f00000) (1024K)]
  0x000001a16a0933d0 WorkerThread "GC Thread#2"                     [id=36280, stack(0x0000007b74f00000,0x0000007b75000000) (1024K)]
  0x000001a16a53c710 WorkerThread "GC Thread#3"                     [id=45432, stack(0x0000007b75000000,0x0000007b75100000) (1024K)]
  0x000001a16a53cac0 WorkerThread "GC Thread#4"                     [id=46648, stack(0x0000007b75100000,0x0000007b75200000) (1024K)]
  0x000001a16a8f0670 WorkerThread "GC Thread#5"                     [id=22128, stack(0x0000007b75200000,0x0000007b75300000) (1024K)]
  0x000001a16a8f0a20 WorkerThread "GC Thread#6"                     [id=22956, stack(0x0000007b75300000,0x0000007b75400000) (1024K)]
  0x000001a16a6990c0 WorkerThread "GC Thread#7"                     [id=20956, stack(0x0000007b74d00000,0x0000007b74e00000) (1024K)]
  0x000001a16ada1980 WorkerThread "GC Thread#8"                     [id=18252, stack(0x0000007b75800000,0x0000007b75900000) (1024K)]
  0x000001a16a9cb1f0 WorkerThread "GC Thread#9"                     [id=21172, stack(0x0000007b75900000,0x0000007b75a00000) (1024K)]
Total: 12

Threads with active compile tasks:
C2 CompilerThread0  49835 7866       4       org.eclipse.jdt.internal.compiler.util.JrtFileSystem$2::visitFile (10 bytes)
C2 CompilerThread1  49839 7871       4       org.eclipse.jdt.internal.core.JrtPackageFragmentRoot$1::visitFile (14 bytes)
C2 CompilerThread2  49843 8391       4       org.eclipse.jdt.internal.core.util.WeakHashSet::add (105 bytes)
Total: 3

VM state: not at safepoint (normal execution)

VM Mutex/Monitor currently owned by a thread: None

Heap address: 0x0000000080000000, size: 2048 MB, Compressed Oops mode: 32-bit

CDS archive(s) mapped at: [0x000001a123000000-0x000001a123ba0000-0x000001a123ba0000), size 12189696, SharedBaseAddress: 0x000001a123000000, ArchiveRelocationMode: 1.
Compressed class space mapped at: 0x000001a124000000-0x000001a164000000, reserved size: 1073741824
Narrow klass base: 0x000001a123000000, Narrow klass shift: 0, Narrow klass range: 0x100000000

GC Precious Log:
 CardTable entry size: 512
 CPUs: 12 total, 12 available
 Memory: 16064M
 Large Page Support: Disabled
 NUMA Support: Disabled
 Compressed Oops: Enabled (32-bit)
 Alignments: Space 512K, Generation 512K, Heap 2M
 Heap Min Capacity: 100M
 Heap Initial Capacity: 100M
 Heap Max Capacity: 2G
 Pre-touch: Disabled
 Parallel Workers: 10

Heap:
 PSYoungGen      total 15872K, used 2312K [0x00000000d5580000, 0x00000000d6600000, 0x0000000100000000)
  eden space 14848K, 12% used [0x00000000d5580000,0x00000000d574e920,0x00000000d6400000)
  from space 1024K, 68% used [0x00000000d6400000,0x00000000d64b0000,0x00000000d6500000)
  to   space 1024K, 0% used [0x00000000d6500000,0x00000000d6500000,0x00000000d6600000)
 ParOldGen       total 68608K, used 53635K [0x0000000080000000, 0x0000000084300000, 0x00000000d5580000)
  object space 68608K, 78% used [0x0000000080000000,0x0000000083460d20,0x0000000084300000)
 Metaspace       used 51982K, committed 53312K, reserved 1114112K
  class space    used 5586K, committed 6144K, reserved 1048576K

Card table byte_map: [0x000001a10b8a0000,0x000001a10bcb0000] _byte_map_base: 0x000001a10b4a0000

Marking Bits: (ParMarkBitMap*) 0x00007ff8f5263450
 Begin Bits: [0x000001a11e2a0000, 0x000001a1202a0000)
 End Bits:   [0x000001a1202a0000, 0x000001a1222a0000)

Polling page: 0x000001a109bd0000

Metaspace:

Usage:
  Non-class:     45.31 MB used.
      Class:      5.46 MB used.
       Both:     50.76 MB used.

Virtual space:
  Non-class space:       64.00 MB reserved,      46.06 MB ( 72%) committed,  1 nodes.
      Class space:        1.00 GB reserved,       6.00 MB ( <1%) committed,  1 nodes.
             Both:        1.06 GB reserved,      52.06 MB (  5%) committed. 

Chunk freelists:
   Non-Class:  1.34 MB
       Class:  9.94 MB
        Both:  11.28 MB

MaxMetaspaceSize: unlimited
CompressedClassSpaceSize: 1.00 GB
Initial GC threshold: 21.00 MB
Current GC threshold: 58.38 MB
CDS: on
 - commit_granule_bytes: 65536.
 - commit_granule_words: 8192.
 - virtual_space_node_default_size: 8388608.
 - enlarge_chunks_in_place: 1.
 - use_allocation_guard: 0.


Internal statistics:

num_allocs_failed_limit: 6.
num_arena_births: 1026.
num_arena_deaths: 14.
num_vsnodes_births: 2.
num_vsnodes_deaths: 0.
num_space_committed: 833.
num_space_uncommitted: 0.
num_chunks_returned_to_freelist: 20.
num_chunks_taken_from_freelist: 3539.
num_chunk_merges: 7.
num_chunk_splits: 2088.
num_chunks_enlarged: 1057.
num_inconsistent_stats: 0.

CodeHeap 'non-profiled nmethods': size=120000Kb used=4730Kb max_used=4730Kb free=115269Kb
 bounds [0x000001a116ac0000, 0x000001a116f60000, 0x000001a11dff0000]
CodeHeap 'profiled nmethods': size=120000Kb used=16367Kb max_used=16367Kb free=103632Kb
 bounds [0x000001a10eff0000, 0x000001a10fff0000, 0x000001a116520000]
CodeHeap 'non-nmethods': size=5760Kb used=1381Kb max_used=1428Kb free=4379Kb
 bounds [0x000001a116520000, 0x000001a116790000, 0x000001a116ac0000]
CodeCache: size=245760Kb, used=22478Kb, max_used=22525Kb, free=223280Kb
 total_blobs=8502, nmethods=7820, adapters=588, full_count=0
Compilation: enabled, stopped_count=0, restarted_count=0

Compilation events (20 events):
Event: 46.240 Thread 0x000001a16481d360 nmethod 8305 0x000001a116f47010 code [0x000001a116f471a0, 0x000001a116f47268]
Event: 46.240 Thread 0x000001a16481d360 8306       1       org.apache.maven.model.Contributor::getEmail (5 bytes)
Event: 46.242 Thread 0x000001a16481d360 nmethod 8306 0x000001a116f47310 code [0x000001a116f474a0, 0x000001a116f47568]
Event: 46.242 Thread 0x000001a16481d360 8307       1       org.apache.maven.model.Contributor::getUrl (5 bytes)
Event: 46.243 Thread 0x000001a16481d360 nmethod 8307 0x000001a116f47610 code [0x000001a116f477a0, 0x000001a116f47868]
Event: 46.244 Thread 0x000001a16481d360 8308       1       org.apache.maven.model.Contributor::getOrganization (5 bytes)
Event: 46.245 Thread 0x000001a16481d360 nmethod 8308 0x000001a116f47910 code [0x000001a116f47aa0, 0x000001a116f47b68]
Event: 46.245 Thread 0x000001a16481d360 8309       1       org.apache.maven.model.Contributor::getOrganizationUrl (5 bytes)
Event: 46.246 Thread 0x000001a16481d360 nmethod 8309 0x000001a116f47c10 code [0x000001a116f47da0, 0x000001a116f47e68]
Event: 46.247 Thread 0x000001a16481d360 8310       2       java.net.URI::toString (60 bytes)
Event: 46.249 Thread 0x000001a16481d360 nmethod 8310 0x000001a10ff75510 code [0x000001a10ff75700, 0x000001a10ff75a90]
Event: 46.250 Thread 0x000001a16481d360 8311       2       java.net.URI::appendFragment (27 bytes)
Event: 46.250 Thread 0x000001a16481d360 nmethod 8311 0x000001a10ff75d10 code [0x000001a10ff75ee0, 0x000001a10ff76090]
Event: 46.251 Thread 0x000001a16481d360 8312       2       java.net.URI::checkPath (38 bytes)
Event: 46.252 Thread 0x000001a16481d360 nmethod 8312 0x000001a10ff76190 code [0x000001a10ff76360, 0x000001a10ff76638]
Event: 46.252 Thread 0x000001a16481d360 8297       2       java.io.File::getAbsoluteFile (38 bytes)
Event: 46.254 Thread 0x000001a16481d360 nmethod 8297 0x000001a10ff76890 code [0x000001a10ff76a60, 0x000001a10ff76cd0]
Event: 46.259 Thread 0x000001a16481d360 8313       2       org.eclipse.sisu.inject.QualifyingStrategy$1::qualifies (23 bytes)
Event: 46.260 Thread 0x000001a16481d360 nmethod 8313 0x000001a10ff76e10 code [0x000001a10ff76fc0, 0x000001a10ff77138]
Event: 46.272 Thread 0x000001a16481d360 8314       2       org.eclipse.core.internal.resources.Resource::equals (69 bytes)

GC Heap History (20 events):
Event: 43.848 GC heap before
{Heap before GC invocations=34 (full 2):
 PSYoungGen      total 17920K, used 17858K [0x00000000d5580000, 0x00000000d6980000, 0x0000000100000000)
  eden space 15872K, 100% used [0x00000000d5580000,0x00000000d6500000,0x00000000d6500000)
  from space 2048K, 96% used [0x00000000d6600000,0x00000000d67f0800,0x00000000d6800000)
  to   space 1536K, 0% used [0x00000000d6800000,0x00000000d6800000,0x00000000d6980000)
 ParOldGen       total 68608K, used 42050K [0x0000000080000000, 0x0000000084300000, 0x00000000d5580000)
  object space 68608K, 61% used [0x0000000080000000,0x0000000082910ad8,0x0000000084300000)
 Metaspace       used 50247K, committed 51584K, reserved 1114112K
  class space    used 5421K, committed 6016K, reserved 1048576K
}
Event: 43.857 GC heap after
{Heap after GC invocations=34 (full 2):
 PSYoungGen      total 16384K, used 1508K [0x00000000d5580000, 0x00000000d6d00000, 0x0000000100000000)
  eden space 14848K, 0% used [0x00000000d5580000,0x00000000d5580000,0x00000000d6400000)
  from space 1536K, 98% used [0x00000000d6800000,0x00000000d6979000,0x00000000d6980000)
  to   space 4096K, 0% used [0x00000000d6400000,0x00000000d6400000,0x00000000d6800000)
 ParOldGen       total 68608K, used 43977K [0x0000000080000000, 0x0000000084300000, 0x00000000d5580000)
  object space 68608K, 64% used [0x0000000080000000,0x0000000082af2488,0x0000000084300000)
 Metaspace       used 50247K, committed 51584K, reserved 1114112K
  class space    used 5421K, committed 6016K, reserved 1048576K
}
Event: 44.010 GC heap before
{Heap before GC invocations=35 (full 2):
 PSYoungGen      total 16384K, used 16356K [0x00000000d5580000, 0x00000000d6d00000, 0x0000000100000000)
  eden space 14848K, 100% used [0x00000000d5580000,0x00000000d6400000,0x00000000d6400000)
  from space 1536K, 98% used [0x00000000d6800000,0x00000000d6979000,0x00000000d6980000)
  to   space 4096K, 0% used [0x00000000d6400000,0x00000000d6400000,0x00000000d6800000)
 ParOldGen       total 68608K, used 43977K [0x0000000080000000, 0x0000000084300000, 0x00000000d5580000)
  object space 68608K, 64% used [0x0000000080000000,0x0000000082af2488,0x0000000084300000)
 Metaspace       used 50250K, committed 51648K, reserved 1114112K
  class space    used 5421K, committed 6016K, reserved 1048576K
}
Event: 44.015 GC heap after
{Heap after GC invocations=35 (full 2):
 PSYoungGen      total 16896K, used 1632K [0x00000000d5580000, 0x00000000d6900000, 0x0000000100000000)
  eden space 14848K, 0% used [0x00000000d5580000,0x00000000d5580000,0x00000000d6400000)
  from space 2048K, 79% used [0x00000000d6400000,0x00000000d6598000,0x00000000d6600000)
  to   space 2560K, 0% used [0x00000000d6680000,0x00000000d6680000,0x00000000d6900000)
 ParOldGen       total 68608K, used 45518K [0x0000000080000000, 0x0000000084300000, 0x00000000d5580000)
  object space 68608K, 66% used [0x0000000080000000,0x0000000082c73ab0,0x0000000084300000)
 Metaspace       used 50250K, committed 51648K, reserved 1114112K
  class space    used 5421K, committed 6016K, reserved 1048576K
}
Event: 44.223 GC heap before
{Heap before GC invocations=36 (full 2):
 PSYoungGen      total 16896K, used 16480K [0x00000000d5580000, 0x00000000d6900000, 0x0000000100000000)
  eden space 14848K, 100% used [0x00000000d5580000,0x00000000d6400000,0x00000000d6400000)
  from space 2048K, 79% used [0x00000000d6400000,0x00000000d6598000,0x00000000d6600000)
  to   space 2560K, 0% used [0x00000000d6680000,0x00000000d6680000,0x00000000d6900000)
 ParOldGen       total 68608K, used 45518K [0x0000000080000000, 0x0000000084300000, 0x00000000d5580000)
  object space 68608K, 66% used [0x0000000080000000,0x0000000082c73ab0,0x0000000084300000)
 Metaspace       used 50285K, committed 51648K, reserved 1114112K
  class space    used 5422K, committed 6016K, reserved 1048576K
}
Event: 44.229 GC heap after
{Heap after GC invocations=36 (full 2):
 PSYoungGen      total 16896K, used 1728K [0x00000000d5580000, 0x00000000d6880000, 0x0000000100000000)
  eden space 14848K, 0% used [0x00000000d5580000,0x00000000d5580000,0x00000000d6400000)
  from space 2048K, 84% used [0x00000000d6680000,0x00000000d6830010,0x00000000d6880000)
  to   space 2048K, 0% used [0x00000000d6400000,0x00000000d6400000,0x00000000d6600000)
 ParOldGen       total 68608K, used 47070K [0x0000000080000000, 0x0000000084300000, 0x00000000d5580000)
  object space 68608K, 68% used [0x0000000080000000,0x0000000082df7ab0,0x0000000084300000)
 Metaspace       used 50285K, committed 51648K, reserved 1114112K
  class space    used 5422K, committed 6016K, reserved 1048576K
}
Event: 44.424 GC heap before
{Heap before GC invocations=37 (full 2):
 PSYoungGen      total 16896K, used 16576K [0x00000000d5580000, 0x00000000d6880000, 0x0000000100000000)
  eden space 14848K, 100% used [0x00000000d5580000,0x00000000d6400000,0x00000000d6400000)
  from space 2048K, 84% used [0x00000000d6680000,0x00000000d6830010,0x00000000d6880000)
  to   space 2048K, 0% used [0x00000000d6400000,0x00000000d6400000,0x00000000d6600000)
 ParOldGen       total 68608K, used 47070K [0x0000000080000000, 0x0000000084300000, 0x00000000d5580000)
  object space 68608K, 68% used [0x0000000080000000,0x0000000082df7ab0,0x0000000084300000)
 Metaspace       used 50318K, committed 51712K, reserved 1114112K
  class space    used 5422K, committed 6016K, reserved 1048576K
}
Event: 44.432 GC heap after
{Heap after GC invocations=37 (full 2):
 PSYoungGen      total 16896K, used 1592K [0x00000000d5580000, 0x00000000d6800000, 0x0000000100000000)
  eden space 14848K, 0% used [0x00000000d5580000,0x00000000d5580000,0x00000000d6400000)
  from space 2048K, 77% used [0x00000000d6400000,0x00000000d658e200,0x00000000d6600000)
  to   space 2048K, 0% used [0x00000000d6600000,0x00000000d6600000,0x00000000d6800000)
 ParOldGen       total 68608K, used 48702K [0x0000000080000000, 0x0000000084300000, 0x00000000d5580000)
  object space 68608K, 70% used [0x0000000080000000,0x0000000082f8fac0,0x0000000084300000)
 Metaspace       used 50318K, committed 51712K, reserved 1114112K
  class space    used 5422K, committed 6016K, reserved 1048576K
}
Event: 45.101 GC heap before
{Heap before GC invocations=38 (full 2):
 PSYoungGen      total 16896K, used 16440K [0x00000000d5580000, 0x00000000d6800000, 0x0000000100000000)
  eden space 14848K, 100% used [0x00000000d5580000,0x00000000d6400000,0x00000000d6400000)
  from space 2048K, 77% used [0x00000000d6400000,0x00000000d658e200,0x00000000d6600000)
  to   space 2048K, 0% used [0x00000000d6600000,0x00000000d6600000,0x00000000d6800000)
 ParOldGen       total 68608K, used 48702K [0x0000000080000000, 0x0000000084300000, 0x00000000d5580000)
  object space 68608K, 70% used [0x0000000080000000,0x0000000082f8fac0,0x0000000084300000)
 Metaspace       used 50980K, committed 52352K, reserved 1114112K
  class space    used 5498K, committed 6080K, reserved 1048576K
}
Event: 45.107 GC heap after
{Heap after GC invocations=38 (full 2):
 PSYoungGen      total 15872K, used 800K [0x00000000d5580000, 0x00000000d6700000, 0x0000000100000000)
  eden space 14848K, 0% used [0x00000000d5580000,0x00000000d5580000,0x00000000d6400000)
  from space 1024K, 78% used [0x00000000d6600000,0x00000000d66c8010,0x00000000d6700000)
  to   space 1536K, 0% used [0x00000000d6400000,0x00000000d6400000,0x00000000d6580000)
 ParOldGen       total 68608K, used 50119K [0x0000000080000000, 0x0000000084300000, 0x00000000d5580000)
  object space 68608K, 73% used [0x0000000080000000,0x00000000830f1cc0,0x0000000084300000)
 Metaspace       used 50980K, committed 52352K, reserved 1114112K
  class space    used 5498K, committed 6080K, reserved 1048576K
}
Event: 45.289 GC heap before
{Heap before GC invocations=39 (full 2):
 PSYoungGen      total 15872K, used 15648K [0x00000000d5580000, 0x00000000d6700000, 0x0000000100000000)
  eden space 14848K, 100% used [0x00000000d5580000,0x00000000d6400000,0x00000000d6400000)
  from space 1024K, 78% used [0x00000000d6600000,0x00000000d66c8010,0x00000000d6700000)
  to   space 1536K, 0% used [0x00000000d6400000,0x00000000d6400000,0x00000000d6580000)
 ParOldGen       total 68608K, used 50119K [0x0000000080000000, 0x0000000084300000, 0x00000000d5580000)
  object space 68608K, 73% used [0x0000000080000000,0x00000000830f1cc0,0x0000000084300000)
 Metaspace       used 51253K, committed 52608K, reserved 1114112K
  class space    used 5525K, committed 6144K, reserved 1048576K
}
Event: 45.296 GC heap after
{Heap after GC invocations=39 (full 2):
 PSYoungGen      total 16384K, used 673K [0x00000000d5580000, 0x00000000d6680000, 0x0000000100000000)
  eden space 14848K, 0% used [0x00000000d5580000,0x00000000d5580000,0x00000000d6400000)
  from space 1536K, 43% used [0x00000000d6400000,0x00000000d64a8420,0x00000000d6580000)
  to   space 1024K, 0% used [0x00000000d6580000,0x00000000d6580000,0x00000000d6680000)
 ParOldGen       total 68608K, used 50743K [0x0000000080000000, 0x0000000084300000, 0x00000000d5580000)
  object space 68608K, 73% used [0x0000000080000000,0x000000008318dd10,0x0000000084300000)
 Metaspace       used 51253K, committed 52608K, reserved 1114112K
  class space    used 5525K, committed 6144K, reserved 1048576K
}
Event: 45.446 GC heap before
{Heap before GC invocations=40 (full 2):
 PSYoungGen      total 16384K, used 15521K [0x00000000d5580000, 0x00000000d6680000, 0x0000000100000000)
  eden space 14848K, 100% used [0x00000000d5580000,0x00000000d6400000,0x00000000d6400000)
  from space 1536K, 43% used [0x00000000d6400000,0x00000000d64a8420,0x00000000d6580000)
  to   space 1024K, 0% used [0x00000000d6580000,0x00000000d6580000,0x00000000d6680000)
 ParOldGen       total 68608K, used 50743K [0x0000000080000000, 0x0000000084300000, 0x00000000d5580000)
  object space 68608K, 73% used [0x0000000080000000,0x000000008318dd10,0x0000000084300000)
 Metaspace       used 51359K, committed 52736K, reserved 1114112K
  class space    used 5538K, committed 6144K, reserved 1048576K
}
Event: 45.450 GC heap after
{Heap after GC invocations=40 (full 2):
 PSYoungGen      total 15872K, used 1021K [0x00000000d5580000, 0x00000000d6700000, 0x0000000100000000)
  eden space 14848K, 0% used [0x00000000d5580000,0x00000000d5580000,0x00000000d6400000)
  from space 1024K, 99% used [0x00000000d6580000,0x00000000d667f630,0x00000000d6680000)
  to   space 1536K, 0% used [0x00000000d6400000,0x00000000d6400000,0x00000000d6580000)
 ParOldGen       total 68608K, used 50927K [0x0000000080000000, 0x0000000084300000, 0x00000000d5580000)
  object space 68608K, 74% used [0x0000000080000000,0x00000000831bbd10,0x0000000084300000)
 Metaspace       used 51359K, committed 52736K, reserved 1114112K
  class space    used 5538K, committed 6144K, reserved 1048576K
}
Event: 45.629 GC heap before
{Heap before GC invocations=41 (full 2):
 PSYoungGen      total 15872K, used 15869K [0x00000000d5580000, 0x00000000d6700000, 0x0000000100000000)
  eden space 14848K, 100% used [0x00000000d5580000,0x00000000d6400000,0x00000000d6400000)
  from space 1024K, 99% used [0x00000000d6580000,0x00000000d667f630,0x00000000d6680000)
  to   space 1536K, 0% used [0x00000000d6400000,0x00000000d6400000,0x00000000d6580000)
 ParOldGen       total 68608K, used 50927K [0x0000000080000000, 0x0000000084300000, 0x00000000d5580000)
  object space 68608K, 74% used [0x0000000080000000,0x00000000831bbd10,0x0000000084300000)
 Metaspace       used 51539K, committed 52928K, reserved 1114112K
  class space    used 5559K, committed 6144K, reserved 1048576K
}
Event: 45.635 GC heap after
{Heap after GC invocations=41 (full 2):
 PSYoungGen      total 15872K, used 799K [0x00000000d5580000, 0x00000000d6600000, 0x0000000100000000)
  eden space 14848K, 0% used [0x00000000d5580000,0x00000000d5580000,0x00000000d6400000)
  from space 1024K, 78% used [0x00000000d6400000,0x00000000d64c7cc8,0x00000000d6500000)
  to   space 1024K, 0% used [0x00000000d6500000,0x00000000d6500000,0x00000000d6600000)
 ParOldGen       total 68608K, used 51743K [0x0000000080000000, 0x0000000084300000, 0x00000000d5580000)
  object space 68608K, 75% used [0x0000000080000000,0x0000000083287d10,0x0000000084300000)
 Metaspace       used 51539K, committed 52928K, reserved 1114112K
  class space    used 5559K, committed 6144K, reserved 1048576K
}
Event: 45.838 GC heap before
{Heap before GC invocations=42 (full 2):
 PSYoungGen      total 15872K, used 15647K [0x00000000d5580000, 0x00000000d6600000, 0x0000000100000000)
  eden space 14848K, 100% used [0x00000000d5580000,0x00000000d6400000,0x00000000d6400000)
  from space 1024K, 78% used [0x00000000d6400000,0x00000000d64c7cc8,0x00000000d6500000)
  to   space 1024K, 0% used [0x00000000d6500000,0x00000000d6500000,0x00000000d6600000)
 ParOldGen       total 68608K, used 51743K [0x0000000080000000, 0x0000000084300000, 0x00000000d5580000)
  object space 68608K, 75% used [0x0000000080000000,0x0000000083287d10,0x0000000084300000)
 Metaspace       used 51723K, committed 53056K, reserved 1114112K
  class space    used 5577K, committed 6144K, reserved 1048576K
}
Event: 45.843 GC heap after
{Heap after GC invocations=42 (full 2):
 PSYoungGen      total 15872K, used 554K [0x00000000d5580000, 0x00000000d6600000, 0x0000000100000000)
  eden space 14848K, 0% used [0x00000000d5580000,0x00000000d5580000,0x00000000d6400000)
  from space 1024K, 54% used [0x00000000d6500000,0x00000000d658a8f8,0x00000000d6600000)
  to   space 1024K, 0% used [0x00000000d6400000,0x00000000d6400000,0x00000000d6500000)
 ParOldGen       total 68608K, used 52143K [0x0000000080000000, 0x0000000084300000, 0x00000000d5580000)
  object space 68608K, 76% used [0x0000000080000000,0x00000000832ebd10,0x0000000084300000)
 Metaspace       used 51723K, committed 53056K, reserved 1114112K
  class space    used 5577K, committed 6144K, reserved 1048576K
}
Event: 46.065 GC heap before
{Heap before GC invocations=43 (full 2):
 PSYoungGen      total 15872K, used 15402K [0x00000000d5580000, 0x00000000d6600000, 0x0000000100000000)
  eden space 14848K, 100% used [0x00000000d5580000,0x00000000d6400000,0x00000000d6400000)
  from space 1024K, 54% used [0x00000000d6500000,0x00000000d658a8f8,0x00000000d6600000)
  to   space 1024K, 0% used [0x00000000d6400000,0x00000000d6400000,0x00000000d6500000)
 ParOldGen       total 68608K, used 52143K [0x0000000080000000, 0x0000000084300000, 0x00000000d5580000)
  object space 68608K, 76% used [0x0000000080000000,0x00000000832ebd10,0x0000000084300000)
 Metaspace       used 51798K, committed 53184K, reserved 1114112K
  class space    used 5581K, committed 6144K, reserved 1048576K
}
Event: 46.069 GC heap after
{Heap after GC invocations=43 (full 2):
 PSYoungGen      total 15872K, used 720K [0x00000000d5580000, 0x00000000d6600000, 0x0000000100000000)
  eden space 14848K, 0% used [0x00000000d5580000,0x00000000d5580000,0x00000000d6400000)
  from space 1024K, 70% used [0x00000000d6400000,0x00000000d64b4010,0x00000000d6500000)
  to   space 1024K, 0% used [0x00000000d6500000,0x00000000d6500000,0x00000000d6600000)
 ParOldGen       total 68608K, used 52343K [0x0000000080000000, 0x0000000084300000, 0x00000000d5580000)
  object space 68608K, 76% used [0x0000000080000000,0x000000008331dd10,0x0000000084300000)
 Metaspace       used 51798K, committed 53184K, reserved 1114112K
  class space    used 5581K, committed 6144K, reserved 1048576K
}

Dll operation events (10 events):
Event: 0.101 Loaded shared library c:\Users\admin\.vscode\extensions\redhat.java-1.54.0-win32-x64\jre\21.0.10-win32-x86_64\bin\java.dll
Event: 0.147 Loaded shared library c:\Users\admin\.vscode\extensions\redhat.java-1.54.0-win32-x64\jre\21.0.10-win32-x86_64\bin\zip.dll
Event: 0.279 Loaded shared library C:\Users\admin\.vscode\extensions\redhat.java-1.54.0-win32-x64\jre\21.0.10-win32-x86_64\bin\instrument.dll
Event: 0.307 Loaded shared library C:\Users\admin\.vscode\extensions\redhat.java-1.54.0-win32-x64\jre\21.0.10-win32-x86_64\bin\net.dll
Event: 0.328 Loaded shared library C:\Users\admin\.vscode\extensions\redhat.java-1.54.0-win32-x64\jre\21.0.10-win32-x86_64\bin\nio.dll
Event: 0.335 Loaded shared library C:\Users\admin\.vscode\extensions\redhat.java-1.54.0-win32-x64\jre\21.0.10-win32-x86_64\bin\zip.dll
Event: 0.371 Loaded shared library C:\Users\admin\.vscode\extensions\redhat.java-1.54.0-win32-x64\jre\21.0.10-win32-x86_64\bin\jimage.dll
Event: 0.535 Loaded shared library c:\Users\admin\.vscode\extensions\redhat.java-1.54.0-win32-x64\jre\21.0.10-win32-x86_64\bin\verify.dll
Event: 3.606 Loaded shared library C:\Users\admin\AppData\Roaming\Code\User\globalStorage\redhat.java\1.54.0\config_win\org.eclipse.equinox.launcher\org.eclipse.equinox.launcher.win32.win32.x86_64_1.3.0.v20260203-2149\eclipse_11919.dll
Event: 12.554 Loaded shared library C:\Users\admin\AppData\Local\Temp\jna-92668751\jna13177768924327233707.dll

Deoptimization events (20 events):
Event: 46.012 Thread 0x000001a16b2e83c0 DEOPT PACKING pc=0x000001a116bd1354 sp=0x0000007b761fd8a0
Event: 46.012 Thread 0x000001a16b2e83c0 DEOPT UNPACKING pc=0x000001a116573aa2 sp=0x0000007b761fd840 mode 2
Event: 46.013 Thread 0x000001a16b2e83c0 Uncommon trap: trap_request=0xffffff45 fr.pc=0x000001a116d0680c relative=0x0000000000000acc
Event: 46.013 Thread 0x000001a16b2e83c0 Uncommon trap: reason=unstable_if action=reinterpret pc=0x000001a116d0680c method=sun.nio.cs.UTF_8$Decoder.decodeArrayLoop(Ljava/nio/ByteBuffer;Ljava/nio/CharBuffer;)Ljava/nio/charset/CoderResult; @ 125 c2
Event: 46.013 Thread 0x000001a16b2e83c0 DEOPT PACKING pc=0x000001a116d0680c sp=0x0000007b761fd5f0
Event: 46.013 Thread 0x000001a16b2e83c0 DEOPT UNPACKING pc=0x000001a116573aa2 sp=0x0000007b761fd548 mode 2
Event: 46.024 Thread 0x000001a16d256150 Uncommon trap: trap_request=0xfffffff4 fr.pc=0x000001a116f128bc relative=0x000000000000017c
Event: 46.024 Thread 0x000001a16d256150 Uncommon trap: reason=null_check action=make_not_entrant pc=0x000001a116f128bc method=java.util.ArrayList$SubList.equals(Ljava/lang/Object;)Z @ 8 c2
Event: 46.024 Thread 0x000001a16d256150 DEOPT PACKING pc=0x000001a116f128bc sp=0x0000007b779fe2a0
Event: 46.024 Thread 0x000001a16d256150 DEOPT UNPACKING pc=0x000001a116573aa2 sp=0x0000007b779fe238 mode 2
Event: 46.049 Thread 0x000001a16b2e83c0 Uncommon trap: trap_request=0xffffff45 fr.pc=0x000001a116e55d88 relative=0x0000000000000068
Event: 46.049 Thread 0x000001a16b2e83c0 Uncommon trap: reason=unstable_if action=reinterpret pc=0x000001a116e55d88 method=java.util.stream.StreamOpFlag.fromCharacteristics(Ljava/util/Spliterator;)I @ 10 c2
Event: 46.049 Thread 0x000001a16b2e83c0 DEOPT PACKING pc=0x000001a116e55d88 sp=0x0000007b761fdd30
Event: 46.049 Thread 0x000001a16b2e83c0 DEOPT UNPACKING pc=0x000001a116573aa2 sp=0x0000007b761fdcc8 mode 2
Event: 46.236 Thread 0x000001a16b2e83c0 Uncommon trap: trap_request=0xffffff45 fr.pc=0x000001a116cafc7c relative=0x00000000000001dc
Event: 46.236 Thread 0x000001a16b2e83c0 Uncommon trap: reason=unstable_if action=reinterpret pc=0x000001a116cafc7c method=java.lang.String.indexOf(Ljava/lang/String;)I @ 10 c2
Event: 46.237 Thread 0x000001a16b2e83c0 DEOPT PACKING pc=0x000001a116cafc7c sp=0x0000007b761fdb00
Event: 46.237 Thread 0x000001a16b2e83c0 DEOPT UNPACKING pc=0x000001a116573aa2 sp=0x0000007b761fda90 mode 2
Event: 47.275 Thread 0x000001a16d256150 DEOPT PACKING pc=0x000001a10f0a3bfb sp=0x0000007b779fde80
Event: 47.275 Thread 0x000001a16d256150 DEOPT UNPACKING pc=0x000001a116574242 sp=0x0000007b779fd3b8 mode 0

Classes loaded (20 events):
Event: 40.292 Loading class sun/nio/ch/Util$4
Event: 40.292 Loading class sun/nio/ch/Util$4 done
Event: 40.354 Loading class java/nio/file/ClosedDirectoryStreamException
Event: 40.355 Loading class java/nio/file/ClosedDirectoryStreamException done
Event: 40.355 Loading class jdk/internal/jrtfs/JrtFileSystem
Event: 40.357 Loading class jdk/internal/jrtfs/JrtFileSystem done
Event: 40.357 Loading class jdk/internal/jrtfs/JrtPath
Event: 40.359 Loading class jdk/internal/jrtfs/JrtPath done
Event: 40.359 Loading class jdk/internal/jimage/ImageReader$Node
Event: 40.360 Loading class jdk/internal/jimage/ImageReader$Node done
Event: 40.403 Loading class java/nio/ByteBufferAsIntBufferL
Event: 40.404 Loading class java/nio/ByteBufferAsIntBufferL done
Event: 40.411 Loading class jdk/internal/jimage/ImageReader$Directory
Event: 40.414 Loading class jdk/internal/jimage/ImageReader$Directory done
Event: 43.362 Loading class java/nio/channels/Channels$ReadableByteChannelImpl
Event: 43.363 Loading class java/nio/channels/Channels$ReadableByteChannelImpl done
Event: 43.372 Loading class java/nio/channels/NonWritableChannelException
Event: 43.372 Loading class java/nio/channels/NonWritableChannelException done
Event: 44.074 Loading class java/lang/invoke/MethodHandleImpl$CountingWrapper$1
Event: 44.075 Loading class java/lang/invoke/MethodHandleImpl$CountingWrapper$1 done

Classes unloaded (7 events):
Event: 14.755 Thread 0x000001a164804930 Unloading class 0x000001a1241aec00 'java/lang/invoke/LambdaForm$MH+0x000001a1241aec00'
Event: 14.755 Thread 0x000001a164804930 Unloading class 0x000001a1241ae800 'java/lang/invoke/LambdaForm$MH+0x000001a1241ae800'
Event: 14.755 Thread 0x000001a164804930 Unloading class 0x000001a1241ae400 'java/lang/invoke/LambdaForm$MH+0x000001a1241ae400'
Event: 14.755 Thread 0x000001a164804930 Unloading class 0x000001a1241ae000 'java/lang/invoke/LambdaForm$MH+0x000001a1241ae000'
Event: 14.755 Thread 0x000001a164804930 Unloading class 0x000001a1241adc00 'java/lang/invoke/LambdaForm$BMH+0x000001a1241adc00'
Event: 14.755 Thread 0x000001a164804930 Unloading class 0x000001a1241ad400 'java/lang/invoke/LambdaForm$DMH+0x000001a1241ad400'
Event: 14.755 Thread 0x000001a164804930 Unloading class 0x000001a1241ac400 'java/lang/invoke/LambdaForm$DMH+0x000001a1241ac400'

Classes redefined (6 events):
Event: 0.760 Thread 0x000001a164804930 redefined class name=java.io.FileOutputStream, count=1
Event: 0.764 Thread 0x000001a164804930 redefined class name=java.io.File, count=1
Event: 0.769 Thread 0x000001a164804930 redefined class name=java.nio.file.Files, count=1
Event: 0.775 Thread 0x000001a164804930 redefined class name=java.lang.ClassLoader, count=1
Event: 0.781 Thread 0x000001a164804930 redefined class name=java.net.URLStreamHandler, count=1
Event: 0.786 Thread 0x000001a164804930 redefined class name=java.lang.Thread, count=1

Internal exceptions (20 events):
Event: 39.935 Thread 0x000001a16d254710 Exception <a 'java/lang/IncompatibleClassChangeError'{0x00000000d5ae2208}: Found class java.lang.Object, but interface was expected> (0x00000000d5ae2208) 
thrown [s\src\hotspot\share\interpreter\linkResolver.cpp, line 840]
Event: 40.253 Thread 0x000001a16d257b90 Implicit null exception at 0x000001a116d42d84 to 0x000001a116d43b0c
Event: 40.295 Thread 0x000001a16d256150 Implicit null exception at 0x000001a116db2603 to 0x000001a116db2884
Event: 40.295 Thread 0x000001a16b2e83c0 Exception <a 'java/io/FileNotFoundException'{0x00000000d56a69e8}> (0x00000000d56a69e8) 
thrown [s\src\hotspot\share\prims\jni.cpp, line 520]
Event: 40.297 Thread 0x000001a16b2e83c0 Exception <a 'java/io/FileNotFoundException'{0x00000000d56a7ca8}> (0x00000000d56a7ca8) 
thrown [s\src\hotspot\share\prims\jni.cpp, line 520]
Event: 40.299 Thread 0x000001a16d256150 Exception <a 'java/lang/NoSuchMethodError'{0x00000000d56c03b0}: 'java.lang.Object java.lang.invoke.DelegatingMethodHandle$Holder.reinvoke_L(java.lang.Object, int, long, java.lang.Object, java.lang.Object, int, java.lang.Object)'> (0x00000000d56c03b0) 
thrown [s\src\hotspot\share\interpreter\linkResolver.cpp, line 773]
Event: 40.300 Thread 0x000001a16b2e83c0 Exception <a 'java/io/FileNotFoundException'{0x00000000d56bb5a0}> (0x00000000d56bb5a0) 
thrown [s\src\hotspot\share\prims\jni.cpp, line 520]
Event: 40.393 Thread 0x000001a16b2e83c0 Exception <a 'sun/nio/fs/WindowsException'{0x00000000d5853d50}> (0x00000000d5853d50) 
thrown [s\src\hotspot\share\prims\jni.cpp, line 520]
Event: 40.393 Thread 0x000001a16b2e83c0 Exception <a 'sun/nio/fs/WindowsException'{0x00000000d585d6e0}> (0x00000000d585d6e0) 
thrown [s\src\hotspot\share\prims\jni.cpp, line 520]
Event: 40.396 Thread 0x000001a16b2e83c0 Exception <a 'sun/nio/fs/WindowsException'{0x00000000d585e408}> (0x00000000d585e408) 
thrown [s\src\hotspot\share\prims\jni.cpp, line 520]
Event: 40.397 Thread 0x000001a16b2e83c0 Exception <a 'sun/nio/fs/WindowsException'{0x00000000d585ea38}> (0x00000000d585ea38) 
thrown [s\src\hotspot\share\prims\jni.cpp, line 520]
Event: 44.594 Thread 0x000001a16b2e83c0 Exception <a 'java/io/FileNotFoundException'{0x00000000d58e4950}> (0x00000000d58e4950) 
thrown [s\src\hotspot\share\prims\jni.cpp, line 520]
Event: 44.596 Thread 0x000001a16b2e83c0 Exception <a 'java/io/FileNotFoundException'{0x00000000d58e5ac0}> (0x00000000d58e5ac0) 
thrown [s\src\hotspot\share\prims\jni.cpp, line 520]
Event: 44.638 Thread 0x000001a16b2e83c0 Exception <a 'sun/nio/fs/WindowsException'{0x00000000d5976bb8}> (0x00000000d5976bb8) 
thrown [s\src\hotspot\share\prims\jni.cpp, line 520]
Event: 44.639 Thread 0x000001a16b2e83c0 Exception <a 'sun/nio/fs/WindowsException'{0x00000000d59771e8}> (0x00000000d59771e8) 
thrown [s\src\hotspot\share\prims\jni.cpp, line 520]
Event: 45.404 Thread 0x000001a16d256150 Implicit null exception at 0x000001a116ecea21 to 0x000001a116eced34
Event: 45.696 Thread 0x000001a16b2e83c0 Exception <a 'java/lang/NoSuchMethodError'{0x00000000d598d2d0}: 'void java.lang.invoke.DirectMethodHandle$Holder.invokeStatic(java.lang.Object, java.lang.Object, java.lang.Object, int)'> (0x00000000d598d2d0) 
thrown [s\src\hotspot\share\interpreter\linkResolver.cpp, line 773]
Event: 45.748 Thread 0x000001a16b2e83c0 Exception <a 'java/lang/NoSuchMethodError'{0x00000000d5aa1078}: 'void java.lang.invoke.DirectMethodHandle$Holder.invokeVirtual(java.lang.Object, java.lang.Object, int)'> (0x00000000d5aa1078) 
thrown [s\src\hotspot\share\interpreter\linkResolver.cpp, line 773]
Event: 45.797 Thread 0x000001a16d256150 Implicit null exception at 0x000001a116f14086 to 0x000001a116f14190
Event: 46.024 Thread 0x000001a16d256150 Implicit null exception at 0x000001a116f12786 to 0x000001a116f128b1

ZGC Phase Switch (0 events):
No events

VM Operations (20 events):
Event: 44.229 Executing safepoint VM operation: ParallelGCFailedAllocation (Allocation Failure) done
Event: 44.424 Executing safepoint VM operation: ParallelGCFailedAllocation (Allocation Failure)
Event: 44.432 Executing safepoint VM operation: ParallelGCFailedAllocation (Allocation Failure) done
Event: 44.555 Executing non-safepoint VM operation: HandshakeAllThreads (Deoptimize)
Event: 44.556 Executing non-safepoint VM operation: HandshakeAllThreads (Deoptimize) done
Event: 44.771 Executing non-safepoint VM operation: HandshakeAllThreads (Deoptimize)
Event: 44.782 Executing non-safepoint VM operation: HandshakeAllThreads (Deoptimize) done
Event: 45.100 Executing safepoint VM operation: ParallelGCFailedAllocation (Allocation Failure)
Event: 45.107 Executing safepoint VM operation: ParallelGCFailedAllocation (Allocation Failure) done
Event: 45.288 Executing safepoint VM operation: ParallelGCFailedAllocation (Allocation Failure)
Event: 45.296 Executing safepoint VM operation: ParallelGCFailedAllocation (Allocation Failure) done
Event: 45.445 Executing safepoint VM operation: ParallelGCFailedAllocation (Allocation Failure)
Event: 45.450 Executing safepoint VM operation: ParallelGCFailedAllocation (Allocation Failure) done
Event: 45.623 Executing safepoint VM operation: ParallelGCFailedAllocation (Allocation Failure)
Event: 45.635 Executing safepoint VM operation: ParallelGCFailedAllocation (Allocation Failure) done
Event: 45.838 Executing safepoint VM operation: ParallelGCFailedAllocation (Allocation Failure)
Event: 45.843 Executing safepoint VM operation: ParallelGCFailedAllocation (Allocation Failure) done
Event: 46.065 Executing safepoint VM operation: ParallelGCFailedAllocation (Allocation Failure)
Event: 46.069 Executing safepoint VM operation: ParallelGCFailedAllocation (Allocation Failure) done
Event: 47.073 Executing safepoint VM operation: Cleanup

Memory protections (0 events):
No events

Nmethod flushes (20 events):
Event: 20.090 Thread 0x000001a164804930 flushing  nmethod 0x000001a10f69e390
Event: 20.090 Thread 0x000001a164804930 flushing  nmethod 0x000001a10f69ec90
Event: 20.090 Thread 0x000001a164804930 flushing  nmethod 0x000001a10f69fe90
Event: 20.090 Thread 0x000001a164804930 flushing  nmethod 0x000001a10f6a0a10
Event: 20.090 Thread 0x000001a164804930 flushing  nmethod 0x000001a10f6a1190
Event: 20.090 Thread 0x000001a164804930 flushing  nmethod 0x000001a10f6a1b10
Event: 20.090 Thread 0x000001a164804930 flushing  nmethod 0x000001a10f6a1f10
Event: 20.090 Thread 0x000001a164804930 flushing  nmethod 0x000001a10f6a3010
Event: 20.090 Thread 0x000001a164804930 flushing  nmethod 0x000001a10f6a3d10
Event: 20.090 Thread 0x000001a164804930 flushing  nmethod 0x000001a10f6a4990
Event: 20.090 Thread 0x000001a164804930 flushing  nmethod 0x000001a10f6a6690
Event: 20.090 Thread 0x000001a164804930 flushing  nmethod 0x000001a10f6a6b90
Event: 20.091 Thread 0x000001a164804930 flushing  nmethod 0x000001a10f6c2590
Event: 20.091 Thread 0x000001a164804930 flushing  nmethod 0x000001a10f6de110
Event: 20.091 Thread 0x000001a164804930 flushing  nmethod 0x000001a10f6df590
Event: 20.091 Thread 0x000001a164804930 flushing  nmethod 0x000001a10f6e3810
Event: 20.091 Thread 0x000001a164804930 flushing  nmethod 0x000001a10f6ea890
Event: 20.091 Thread 0x000001a164804930 flushing  nmethod 0x000001a10f6f6f10
Event: 20.091 Thread 0x000001a164804930 flushing  nmethod 0x000001a10f6f7890
Event: 20.091 Thread 0x000001a164804930 flushing  nmethod 0x000001a10f736790

Events (20 events):
Event: 23.543 Thread 0x000001a16d255430 Thread added: 0x000001a16d258f40
Event: 23.551 Thread 0x000001a16d25a2f0 Thread added: 0x000001a16d2595d0
Event: 25.535 Thread 0x000001a16af4afa0 Thread exited: 0x000001a16af4afa0
Event: 26.582 Thread 0x000001a16b38cd60 Thread exited: 0x000001a16b38cd60
Event: 26.762 Thread 0x000001a16481d360 Thread added: 0x000001a16dbadc10
Event: 26.890 Thread 0x000001a16b2e9e00 Thread added: 0x000001a16d25b010
Event: 27.158 Thread 0x000001a16481d360 Thread added: 0x000001a16d2766c0
Event: 27.911 Thread 0x000001a16d2766c0 Thread exited: 0x000001a16d2766c0
Event: 27.932 Thread 0x000001a16dbadc10 Thread exited: 0x000001a16dbadc10
Event: 32.615 Thread 0x000001a16481d360 Thread added: 0x000001a16d2766c0
Event: 32.670 Thread 0x000001a16481d360 Thread added: 0x000001a16af4afa0
Event: 33.811 Thread 0x000001a16af4afa0 Thread exited: 0x000001a16af4afa0
Event: 33.811 Thread 0x000001a16d2766c0 Thread exited: 0x000001a16d2766c0
Event: 36.679 Thread 0x000001a16481d360 Thread added: 0x000001a16d2766c0
Event: 36.706 Thread 0x000001a16481d360 Thread added: 0x000001a16af4afa0
Event: 39.797 Thread 0x000001a16af4afa0 Thread exited: 0x000001a16af4afa0
Event: 39.802 Thread 0x000001a16d2766c0 Thread exited: 0x000001a16d2766c0
Event: 39.806 Thread 0x000001a16d25b010 Thread exited: 0x000001a16d25b010
Event: 39.910 Thread 0x000001a16481d360 Thread added: 0x000001a16d2766c0
Event: 40.460 Thread 0x000001a16481d360 Thread added: 0x000001a16be36840


Dynamic libraries:
0x00007ff71acf0000 - 0x00007ff71acfe000 	c:\Users\admin\.vscode\extensions\redhat.java-1.54.0-win32-x64\jre\21.0.10-win32-x86_64\bin\java.exe
0x00007ff9d03e0000 - 0x00007ff9d0647000 	C:\WINDOWS\SYSTEM32\ntdll.dll
0x000000007c290000 - 0x000000007c2ce000 	C:\WINDOWS\System32\cyinjct.dll
0x00007ff9cfb70000 - 0x00007ff9cfb94000 	C:\WINDOWS\System32\cyvera.dll
0x000001a109870000 - 0x000001a109939000 	C:\WINDOWS\System32\KERNEL32.dll
0x00007ff9cfd00000 - 0x00007ff9d00f4000 	C:\WINDOWS\System32\KERNELBASE.dll
0x00007ff9cfa00000 - 0x00007ff9cfb66000 	C:\WINDOWS\System32\cyvrtrap.dll
0x00007ff99d2e0000 - 0x00007ff99d301000 	C:\Program Files\Avast Software\Avast\aswhook.dll
0x00007ff9cd9b0000 - 0x00007ff9cdafb000 	C:\WINDOWS\System32\ucrtbase.dll
0x00007ff9b38d0000 - 0x00007ff9b38e8000 	c:\Users\admin\.vscode\extensions\redhat.java-1.54.0-win32-x64\jre\21.0.10-win32-x86_64\bin\jli.dll
0x00007ff9d01d0000 - 0x00007ff9d0395000 	C:\WINDOWS\System32\USER32.dll
0x00007ff9cdb00000 - 0x00007ff9cdb27000 	C:\WINDOWS\System32\win32u.dll
0x00007ff9ce220000 - 0x00007ff9ce24b000 	C:\WINDOWS\System32\GDI32.dll
0x00007ff9cd710000 - 0x00007ff9cd83b000 	C:\WINDOWS\System32\gdi32full.dll
0x00007ff9cca70000 - 0x00007ff9ccb13000 	C:\WINDOWS\System32\msvcp_win.dll
0x00007ff9b38b0000 - 0x00007ff9b38ce000 	c:\Users\admin\.vscode\extensions\redhat.java-1.54.0-win32-x64\jre\21.0.10-win32-x86_64\bin\VCRUNTIME140.dll
0x00007ff9aca80000 - 0x00007ff9acd13000 	C:\WINDOWS\WinSxS\amd64_microsoft.windows.common-controls_6595b64144ccf1df_6.0.26100.8115_none_3e075c82e3354f9c\COMCTL32.dll
0x00007ff9cebb0000 - 0x00007ff9cec59000 	C:\WINDOWS\System32\msvcrt.dll
0x00007ff9cf960000 - 0x00007ff9cf992000 	C:\WINDOWS\System32\IMM32.DLL
0x00007ff9c9540000 - 0x00007ff9c954c000 	c:\Users\admin\.vscode\extensions\redhat.java-1.54.0-win32-x64\jre\21.0.10-win32-x86_64\bin\vcruntime140_1.dll
0x00007ff985ba0000 - 0x00007ff985c2d000 	c:\Users\admin\.vscode\extensions\redhat.java-1.54.0-win32-x64\jre\21.0.10-win32-x86_64\bin\msvcp140.dll
0x00007ff8f45a0000 - 0x00007ff8f5341000 	c:\Users\admin\.vscode\extensions\redhat.java-1.54.0-win32-x64\jre\21.0.10-win32-x86_64\bin\server\jvm.dll
0x00007ff9cf7e0000 - 0x00007ff9cf896000 	C:\WINDOWS\System32\ADVAPI32.dll
0x00007ff9ced40000 - 0x00007ff9cede7000 	C:\WINDOWS\System32\sechost.dll
0x00007ff9cfbe0000 - 0x00007ff9cfcf8000 	C:\WINDOWS\System32\RPCRT4.dll
0x00007ff9ceef0000 - 0x00007ff9cef70000 	C:\WINDOWS\System32\WS2_32.dll
0x00007ff9cc8d0000 - 0x00007ff9cc92e000 	C:\WINDOWS\SYSTEM32\POWRPROF.dll
0x00007ff9c9950000 - 0x00007ff9c9986000 	C:\WINDOWS\SYSTEM32\WINMM.dll
0x00007ff9c56d0000 - 0x00007ff9c56db000 	C:\WINDOWS\SYSTEM32\VERSION.dll
0x00007ff9cc8a0000 - 0x00007ff9cc8b4000 	C:\WINDOWS\SYSTEM32\UMPDC.dll
0x00007ff9cb7c0000 - 0x00007ff9cb7db000 	C:\WINDOWS\SYSTEM32\kernel.appcore.dll
0x00007ff9c6e00000 - 0x00007ff9c6e0a000 	c:\Users\admin\.vscode\extensions\redhat.java-1.54.0-win32-x64\jre\21.0.10-win32-x86_64\bin\jimage.dll
0x00007ff9ca840000 - 0x00007ff9caa82000 	C:\WINDOWS\SYSTEM32\DBGHELP.DLL
0x00007ff9cdb30000 - 0x00007ff9cdeb2000 	C:\WINDOWS\System32\combase.dll
0x00007ff9cec60000 - 0x00007ff9ced38000 	C:\WINDOWS\System32\OLEAUT32.dll
0x00007ff9b8b60000 - 0x00007ff9b8b9b000 	C:\WINDOWS\SYSTEM32\dbgcore.DLL
0x00007ff9cd900000 - 0x00007ff9cd9a5000 	C:\WINDOWS\System32\bcryptPrimitives.dll
0x00007ff9bf7a0000 - 0x00007ff9bf7af000 	c:\Users\admin\.vscode\extensions\redhat.java-1.54.0-win32-x64\jre\21.0.10-win32-x86_64\bin\instrument.dll
0x00007ff9af260000 - 0x00007ff9af280000 	c:\Users\admin\.vscode\extensions\redhat.java-1.54.0-win32-x64\jre\21.0.10-win32-x86_64\bin\java.dll
0x00007ff9cf9a0000 - 0x00007ff9cf9fa000 	C:\Program Files\Palo Alto Networks\Traps\cyjagent.dll
0x00007ff9af240000 - 0x00007ff9af258000 	c:\Users\admin\.vscode\extensions\redhat.java-1.54.0-win32-x64\jre\21.0.10-win32-x86_64\bin\zip.dll
0x00007ff9ceff0000 - 0x00007ff9cf757000 	C:\WINDOWS\System32\SHELL32.dll
0x00007ff9ccd30000 - 0x00007ff9cce9a000 	C:\WINDOWS\System32\wintypes.dll
0x00007ff9ccea0000 - 0x00007ff9cd708000 	C:\WINDOWS\System32\windows.storage.dll
0x00007ff9ce700000 - 0x00007ff9ce7f8000 	C:\WINDOWS\System32\SHCORE.dll
0x00007ff9ce800000 - 0x00007ff9ce866000 	C:\WINDOWS\System32\shlwapi.dll
0x00007ff9cc990000 - 0x00007ff9cc9b9000 	C:\WINDOWS\SYSTEM32\profapi.dll
0x00007ff9bfc10000 - 0x00007ff9bfc20000 	C:\Users\admin\.vscode\extensions\redhat.java-1.54.0-win32-x64\jre\21.0.10-win32-x86_64\bin\net.dll
0x00007ff9c65f0000 - 0x00007ff9c671d000 	C:\WINDOWS\SYSTEM32\WINHTTP.dll
0x00007ff9cbd10000 - 0x00007ff9cbd7c000 	C:\WINDOWS\system32\mswsock.dll
0x00007ff98bd10000 - 0x00007ff98bd26000 	C:\Users\admin\.vscode\extensions\redhat.java-1.54.0-win32-x64\jre\21.0.10-win32-x86_64\bin\nio.dll
0x00007ff9b91a0000 - 0x00007ff9b91b0000 	c:\Users\admin\.vscode\extensions\redhat.java-1.54.0-win32-x64\jre\21.0.10-win32-x86_64\bin\verify.dll
0x00007ff9ae7b0000 - 0x00007ff9ae7f5000 	C:\Users\admin\AppData\Roaming\Code\User\globalStorage\redhat.java\1.54.0\config_win\org.eclipse.equinox.launcher\org.eclipse.equinox.launcher.win32.win32.x86_64_1.3.0.v20260203-2149\eclipse_11919.dll
0x00007ff9cdec0000 - 0x00007ff9ce057000 	C:\WINDOWS\System32\ole32.dll
0x00007ff9cc110000 - 0x00007ff9cc12b000 	C:\WINDOWS\SYSTEM32\CRYPTSP.dll
0x00007ff9cb720000 - 0x00007ff9cb759000 	C:\WINDOWS\system32\rsaenh.dll
0x00007ff9cbdc0000 - 0x00007ff9cbdf3000 	C:\WINDOWS\SYSTEM32\USERENV.dll
0x00007ff9cc960000 - 0x00007ff9cc98a000 	C:\WINDOWS\SYSTEM32\bcrypt.dll
0x00007ff9cc0f0000 - 0x00007ff9cc0fc000 	C:\WINDOWS\SYSTEM32\CRYPTBASE.dll
0x00007ff9caf70000 - 0x00007ff9cafa2000 	C:\WINDOWS\SYSTEM32\IPHLPAPI.DLL
0x00007ff9ce6f0000 - 0x00007ff9ce6fa000 	C:\WINDOWS\System32\NSI.dll
0x00007ff9ad6b0000 - 0x00007ff9ad6f9000 	C:\Users\admin\AppData\Local\Temp\jna-92668751\jna13177768924327233707.dll
0x00007ff9cefd0000 - 0x00007ff9cefd8000 	C:\WINDOWS\System32\PSAPI.DLL
0x00007ff9c6910000 - 0x00007ff9c692d000 	C:\WINDOWS\SYSTEM32\dhcpcsvc6.DLL
0x00007ff9c68e0000 - 0x00007ff9c6905000 	C:\WINDOWS\SYSTEM32\dhcpcsvc.DLL

JVMTI agents:
c:\Users\admin\.vscode\extensions\redhat.java-1.54.0-win32-x64\lombok\lombok-1.18.39-4050.jar path:c:\Users\admin\.vscode\extensions\redhat.java-1.54.0-win32-x64\jre\21.0.10-win32-x86_64\bin\instrument.dll, loaded, initialized, instrumentlib options:none
C:\Program Files\Palo Alto Networks\Traps\cyjagent.dll path:C:\Program Files\Palo Alto Networks\Traps\cyjagent.dll, loaded, initialized, options:none

dbghelp: loaded successfully - version: 4.0.5 - missing functions: none
symbol engine: initialized successfully - sym options: 0x614 - pdb path: .;c:\Users\admin\.vscode\extensions\redhat.java-1.54.0-win32-x64\jre\21.0.10-win32-x86_64\bin;C:\WINDOWS\SYSTEM32;C:\Program Files\Avast Software\Avast;C:\WINDOWS\WinSxS\amd64_microsoft.windows.common-controls_6595b64144ccf1df_6.0.26100.8115_none_3e075c82e3354f9c;c:\Users\admin\.vscode\extensions\redhat.java-1.54.0-win32-x64\jre\21.0.10-win32-x86_64\bin\server;C:\Program Files\Palo Alto Networks\Traps;C:\Users\admin\AppData\Roaming\Code\User\globalStorage\redhat.java\1.54.0\config_win\org.eclipse.equinox.launcher\org.eclipse.equinox.launcher.win32.win32.x86_64_1.3.0.v20260203-2149;C:\Users\admin\AppData\Local\Temp\jna-92668751

VM Arguments:
jvm_args: --add-modules=ALL-SYSTEM --add-opens=java.base/java.util=ALL-UNNAMED --add-opens=java.base/java.lang=ALL-UNNAMED --add-opens=java.base/sun.nio.fs=ALL-UNNAMED -Declipse.application=org.eclipse.jdt.ls.core.id1 -Dosgi.bundles.defaultStartLevel=4 -Declipse.product=org.eclipse.jdt.ls.core.product -Djava.import.generatesMetadataFilesAtProjectRoot=false -DDetectVMInstallationsJob.disabled=true -Dfile.encoding=utf8 -XX:+UseParallelGC -XX:GCTimeRatio=4 -XX:AdaptiveSizePolicyWeight=90 -Dsun.zip.disableMemoryMapping=true -Xmx2G -Xms100m -Xlog:disable -javaagent:c:\Users\admin\.vscode\extensions\redhat.java-1.54.0-win32-x64\lombok\lombok-1.18.39-4050.jar -XX:+HeapDumpOnOutOfMemoryError -XX:HeapDumpPath=c:\Users\admin\AppData\Roaming\Code\User\workspaceStorage\1c6c7382f2917cdd6518ce0c012ef50e\redhat.java -Daether.dependencyCollector.impl=bf -agentpath:C:\Program Files\Palo Alto Networks\Traps\cyjagent.dll 
java_command: c:\Users\admin\.vscode\extensions\redhat.java-1.54.0-win32-x64\server\plugins\org.eclipse.equinox.launcher_1.7.100.v20251111-0406.jar -configuration c:\Users\admin\AppData\Roaming\Code\User\globalStorage\redhat.java\1.54.0\config_win -data c:\Users\admin\AppData\Roaming\Code\User\workspaceStorage\1c6c7382f2917cdd6518ce0c012ef50e\redhat.java\jdt_ws --pipe=\\.\pipe\lsp-3a6031e18b7f005f5ff554b38011888c-sock
java_class_path (initial): c:\Users\admin\.vscode\extensions\redhat.java-1.54.0-win32-x64\server\plugins\org.eclipse.equinox.launcher_1.7.100.v20251111-0406.jar
Launcher Type: SUN_STANDARD

[Global flags]
    uintx AdaptiveSizePolicyWeight                 = 90                                        {product} {command line}
     intx CICompilerCount                          = 4                                         {product} {ergonomic}
    uintx GCTimeRatio                              = 4                                         {product} {command line}
     bool HeapDumpOnOutOfMemoryError               = true                                   {manageable} {command line}
    ccstr HeapDumpPath                             = c:\Users\admin\AppData\Roaming\Code\User\workspaceStorage\1c6c7382f2917cdd6518ce0c012ef50e\redhat.java         {manageable} {command line}
   size_t InitialHeapSize                          = 104857600                                 {product} {command line}
   size_t MaxHeapSize                              = 2147483648                                {product} {command line}
   size_t MaxNewSize                               = 715653120                                 {product} {ergonomic}
   size_t MinHeapDeltaBytes                        = 524288                                    {product} {ergonomic}
   size_t MinHeapSize                              = 104857600                                 {product} {command line}
   size_t NewSize                                  = 34603008                                  {product} {ergonomic}
    uintx NonNMethodCodeHeapSize                   = 5839372                                {pd product} {ergonomic}
    uintx NonProfiledCodeHeapSize                  = 122909434                              {pd product} {ergonomic}
   size_t OldSize                                  = 70254592                                  {product} {ergonomic}
    uintx ProfiledCodeHeapSize                     = 122909434                              {pd product} {ergonomic}
    uintx ReservedCodeCacheSize                    = 251658240                              {pd product} {ergonomic}
     bool SegmentedCodeCache                       = true                                      {product} {ergonomic}
   size_t SoftMaxHeapSize                          = 2147483648                             {manageable} {ergonomic}
     bool UseCompressedOops                        = true                           {product lp64_product} {ergonomic}
     bool UseLargePagesIndividualAllocation        = false                                  {pd product} {ergonomic}
     bool UseParallelGC                            = true                                      {product} {command line}

Logging:
Log output configuration:
 #0: stdout all=off uptime,level,tags foldmultilines=false
 #1: stderr all=off uptime,level,tags foldmultilines=false

Release file:
JAVA_VERSION="21.0.10" 
MODULES="java.base java.compiler java.datatransfer java.xml java.prefs java.desktop java.instrument java.logging java.management java.security.sasl java.naming java.rmi java.management.rmi java.net.http java.scripting java.security.jgss java.transaction.xa java.sql java.sql.rowset java.xml.crypto java.se java.smartcardio jdk.accessibility jdk.internal.jvmstat jdk.attach jdk.charsets jdk.internal.opt jdk.zipfs jdk.compiler jdk.crypto.ec jdk.crypto.cryptoki jdk.crypto.mscapi jdk.dynalink jdk.internal.ed jdk.editpad jdk.hotspot.agent jdk.httpserver jdk.internal.le jdk.internal.vm.ci jdk.internal.vm.compiler jdk.internal.vm.compiler.management jdk.jartool jdk.javadoc jdk.jcmd jdk.management jdk.management.agent jdk.jconsole jdk.jdeps jdk.jdwp.agent jdk.jdi jdk.jfr jdk.jshell jdk.jsobject jdk.jstatd jdk.localedata jdk.management.jfr jdk.naming.dns jdk.naming.rmi jdk.net jdk.nio.mapmode jdk.random jdk.sctp jdk.security.auth jdk.security.jgss jdk.unsupported jdk.unsupported.desktop jdk.xml.dom" 

Environment Variables:
JAVA_HOME=C:\Program Files\Java\jdk-17
PATH=C:\Program Files (x86)\VMware\VMware Workstation\bin\;C:\oraclexe\app\oracle\product\11.2.0\server\bin;C:\Program Files (x86)\Common Files\Oracle\Java\javapath;C:\WINDOWS\system32;C:\WINDOWS;C:\WINDOWS\System32\Wbem;C:\WINDOWS\System32\WindowsPowerShell\v1.0\;C:\WINDOWS\System32\OpenSSH\;C:\Program Files\Java\jdk-17\bin;C:\Program Files\Git\cmd;C:\xampp\php;C:\composer;C:\apache-maven-3.9.7\bin;C:\Users\admin\Downloads\cmder;C:\Program Files\nodejs\;C:\Program Files\MongoDB\Server\8.0\bin;C:\Program Files\Symfony;C:\Program Files\MongoDB;C:\Users\admin\Desktop\mongosh-2.5.10-win32-x64\bin;C:\Program Files\Docker\Docker\resources\bin;C:\Users\admin\scoop\shims;C:\Users\admin\AppData\Local\Microsoft\WindowsApps;C:\Users\admin\AppData\Local\Programs\Microsoft VS Code\bin;C:\Users\admin\AppData\Roaming\Composer\vendor\bin;C:\Users\admin\AppData\Local\Programs\cursor\resources\app\bin;C:\Users\admin\AppData\Roaming\npm;C:\Users\admin\AppData\Local\Programs\Windsurf\bin;C:\Users\admin\Desktop\mongosh-2.5.10-win32-x64;C:\Program Files\MySQL\MySQL Server 8.4\bin;C:\Users\admin\scoop\shims;C:\Users\admin\AppData\Local\Microsoft\WindowsApps;C:\Users\admin\AppData\Local\Programs\Microsoft VS Code\bin;C:\xampp\php;C:\Users\admin\AppData\Roaming\Composer\vendor\bin;C:\Users\admin\AppData\Local\Programs\cursor\resources\app\bin;C:\Users\admin\Downloads\cmder;C:\Users\admin\AppData\Roaming\npm;C:\Program Files\MongoDB\Server\8.0\bin;C:\Program Files\Symfony;C:\Users\admin\AppData\Local\Programs\Windsurf\bin;C:\Users\admin\Desktop\mongosh-2.5.10-win32-x64;C:\Program Files\Java\jdk-17\bin;
USERNAME=admin
OS=Windows_NT
PROCESSOR_IDENTIFIER=Intel64 Family 6 Model 186 Stepping 3, GenuineIntel
TMP=C:\Users\admin\AppData\Local\Temp
TEMP=C:\Users\admin\AppData\Local\Temp




Periodic native trim disabled

---------------  S Y S T E M  ---------------

OS:
 Windows 11 , 64 bit Build 26100 (10.0.26100.8246)
OS uptime: 23 days 11:31 hours
Hyper-V role detected

CPU: total 12 (initial active 12) (6 cores per cpu, 2 threads per core) family 6 model 186 stepping 3 microcode 0x4128, cx8, cmov, fxsr, ht, mmx, 3dnowpref, sse, sse2, sse3, ssse3, sse4.1, sse4.2, popcnt, lzcnt, tsc, tscinvbit, avx, avx2, aes, erms, clmul, bmi1, bmi2, adx, sha, fma, vzeroupper, clflush, clflushopt, clwb, hv, serialize, rdtscp, rdpid, fsrm, f16c, cet_ibt, cet_ss
Processor Information for processor 0
  Max Mhz: 1300, Current Mhz: 893, Mhz Limit: 884
Processor Information for processor 1
  Max Mhz: 1300, Current Mhz: 893, Mhz Limit: 884
Processor Information for processor 2
  Max Mhz: 1300, Current Mhz: 893, Mhz Limit: 884
Processor Information for processor 3
  Max Mhz: 1300, Current Mhz: 893, Mhz Limit: 884
Processor Information for processor 4
  Max Mhz: 1300, Current Mhz: 866, Mhz Limit: 858
Processor Information for processor 5
  Max Mhz: 1300, Current Mhz: 866, Mhz Limit: 858
Processor Information for processor 6
  Max Mhz: 1300, Current Mhz: 866, Mhz Limit: 858
Processor Information for processor 7
  Max Mhz: 1300, Current Mhz: 866, Mhz Limit: 858
Processor Information for processor 8
  Max Mhz: 1300, Current Mhz: 866, Mhz Limit: 858
Processor Information for processor 9
  Max Mhz: 1300, Current Mhz: 866, Mhz Limit: 858
Processor Information for processor 10
  Max Mhz: 1300, Current Mhz: 866, Mhz Limit: 858
Processor Information for processor 11
  Max Mhz: 1300, Current Mhz: 866, Mhz Limit: 858

Memory: 4k page, system-wide physical 16064M (732M free)
TotalPageFile size 65216M (AvailPageFile size 48M)
current process WorkingSet (physical memory assigned to process): 266M, peak: 266M
current process commit charge ("private bytes"): 357M, peak: 366M

vm_info: OpenJDK 64-Bit Server VM (21.0.10+7-LTS) for windows-amd64 JRE (21.0.10+7-LTS), built on 2026-01-20T00:00:00Z by "admin" with MS VC++ 17.12 (VS2022)

END.
