#
# There is insufficient memory for the Java Runtime Environment to continue.
# Native memory allocation (malloc) failed to allocate 1044576 bytes. Error detail: Chunk::new
# Possible reasons:
#   The system is out of physical RAM or swap space
#   This process is running with CompressedOops enabled, and the Java Heap may be blocking the growth of the native heap
# Possible solutions:
#   Reduce memory load on the system
#   Increase physical memory or swap space
#   Check if swap backing store is full
#   Decrease Java heap size (-Xmx/-Xms)
#   Decrease number of Java threads
#   Decrease Java thread stack sizes (-Xss)
#   Set larger code cache with -XX:ReservedCodeCacheSize=
#   JVM is running with Unscaled Compressed Oops mode in which the Java heap is
#     placed in the first 4GB address space. The Java Heap base address is the
#     maximum limit for the native heap growth. Please use -XX:HeapBaseMinAddress
#     to set the Java Heap base and to place the Java Heap above 4GB virtual address.
# This output file may be truncated or incomplete.
#
#  Out of Memory Error (arena.cpp:168), pid=2800, tid=30132
#
# JRE version: OpenJDK Runtime Environment Temurin-21.0.10+7 (21.0.10+7) (build 21.0.10+7-LTS)
# Java VM: OpenJDK 64-Bit Server VM Temurin-21.0.10+7 (21.0.10+7-LTS, mixed mode, sharing, tiered, compressed oops, compressed class ptrs, parallel gc, windows-amd64)
# No core dump will be written. Minidumps are not enabled by default on client versions of Windows
#

---------------  S U M M A R Y ------------

Command Line: --add-modules=ALL-SYSTEM --add-opens=java.base/java.util=ALL-UNNAMED --add-opens=java.base/java.lang=ALL-UNNAMED --add-opens=java.base/sun.nio.fs=ALL-UNNAMED -Declipse.application=org.eclipse.jdt.ls.core.id1 -Dosgi.bundles.defaultStartLevel=4 -Declipse.product=org.eclipse.jdt.ls.core.product -Djava.import.generatesMetadataFilesAtProjectRoot=false -DDetectVMInstallationsJob.disabled=true -Dfile.encoding=utf8 -XX:+UseParallelGC -XX:GCTimeRatio=4 -XX:AdaptiveSizePolicyWeight=90 -Dsun.zip.disableMemoryMapping=true -Xmx2G -Xms100m -Xlog:disable -javaagent:c:\Users\admin\.vscode\extensions\redhat.java-1.54.0-win32-x64\lombok\lombok-1.18.39-4050.jar -XX:+HeapDumpOnOutOfMemoryError -XX:HeapDumpPath=c:\Users\admin\AppData\Roaming\Code\User\workspaceStorage\1c6c7382f2917cdd6518ce0c012ef50e\redhat.java -Daether.dependencyCollector.impl=bf -agentpath:C:\Program Files\Palo Alto Networks\Traps\cyjagent.dll c:\Users\admin\.vscode\extensions\redhat.java-1.54.0-win32-x64\server\plugins\org.eclipse.equinox.launcher_1.7.100.v20251111-0406.jar -configuration c:\Users\admin\AppData\Roaming\Code\User\globalStorage\redhat.java\1.54.0\config_win -data c:\Users\admin\AppData\Roaming\Code\User\workspaceStorage\1c6c7382f2917cdd6518ce0c012ef50e\redhat.java\jdt_ws --pipe=\\.\pipe\lsp-5e686fdeda44b4dfaab0c39e044e1657-sock

Host: 13th Gen Intel(R) Core(TM) i5-1335U, 12 cores, 15G,  Windows 11 , 64 bit Build 26100 (10.0.26100.8246)
Time: Wed May 13 23:57:33 2026 Afr. centrale Ouest elapsed time: 39.721244 seconds (0d 0h 0m 39s)

---------------  T H R E A D  ---------------

Current thread (0x000002316f172990):  JavaThread "C2 CompilerThread0" daemon [_thread_in_native, id=30132, stack(0x000000e0ae500000,0x000000e0ae600000) (1024K)]


Current CompileTask:
C2:39725 7492   !   4       java.nio.file.FileTreeWalker::next (144 bytes)

Stack: [0x000000e0ae500000,0x000000e0ae600000]
Native frames: (J=compiled Java code, j=interpreted, Vv=VM code, C=native code)
V  [jvm.dll+0x6d7a39]
V  [jvm.dll+0x8b4b26]
V  [jvm.dll+0x8b70de]
V  [jvm.dll+0x8b77c3]
V  [jvm.dll+0x284346]
V  [jvm.dll+0xc66ed]
V  [jvm.dll+0xc6c31]
V  [jvm.dll+0x3bec3b]
V  [jvm.dll+0x38b162]
V  [jvm.dll+0x38a5aa]
V  [jvm.dll+0x24c560]
V  [jvm.dll+0x24bb40]
V  [jvm.dll+0x1cb34e]
V  [jvm.dll+0x25b85d]
V  [jvm.dll+0x259dea]
V  [jvm.dll+0x3f857e]
V  [jvm.dll+0x85f59d]
V  [jvm.dll+0x6d626d]
C  [ucrtbase.dll+0x37b0]
C  [cyinjct.dll+0x11e7]
C  [KERNEL32.dll+0x2e8d7]
C  [ntdll.dll+0x8c3fc]


---------------  P R O C E S S  ---------------

Threads class SMR info:
_java_thread_list=0x00000231787edbc0, length=54, elements={
0x00000231163eec60, 0x000002316f15dfe0, 0x000002316f160770, 0x000002316f16d220,
0x000002316f16dc80, 0x000002316f165f80, 0x000002316f16f530, 0x000002316f172990,
0x000002316f17b4a0, 0x000002316f3aa600, 0x000002316f5075e0, 0x0000023170852ae0,
0x000002317073eab0, 0x0000023170a743a0, 0x0000023170a74a10, 0x000002317579dbc0,
0x00000231757c5800, 0x00000231756990e0, 0x000002316f4ad060, 0x000002316f4ad6f0,
0x000002316f4add80, 0x000002316f4ae410, 0x000002316f4aaf90, 0x000002316f4ab620,
0x000002316f4abcb0, 0x000002316f4ac340, 0x000002316f4ac9d0, 0x0000023177eb4ed0,
0x0000023177eb3b20, 0x0000023177eb2770, 0x0000023177eb2e00, 0x0000023177eb20e0,
0x0000023177eb3490, 0x0000023177eb41b0, 0x0000023177eb4840, 0x0000023177eb1a50,
0x0000023177eb6fa0, 0x0000023177eb7cc0, 0x0000023177eb5560, 0x0000023177eb8350,
0x0000023177eb7630, 0x0000023177eb89e0, 0x0000023177eb6280, 0x0000023177eb9070,
0x0000023177eb6910, 0x0000023178dbb350, 0x0000023178db9280, 0x0000023178db9910,
0x0000023178dba630, 0x0000023178db9fa0, 0x0000023178dbacc0, 0x0000023178dbb9e0,
0x0000023177720240, 0x0000023177720910
}

Java Threads: ( => current thread )
  0x00000231163eec60 JavaThread "main"                              [_thread_blocked, id=15296, stack(0x000000e0ada00000,0x000000e0adb00000) (1024K)]
  0x000002316f15dfe0 JavaThread "Reference Handler"          daemon [_thread_blocked, id=28428, stack(0x000000e0adf00000,0x000000e0ae000000) (1024K)]
  0x000002316f160770 JavaThread "Finalizer"                  daemon [_thread_blocked, id=37136, stack(0x000000e0ae000000,0x000000e0ae100000) (1024K)]
  0x000002316f16d220 JavaThread "Signal Dispatcher"          daemon [_thread_blocked, id=15432, stack(0x000000e0ae100000,0x000000e0ae200000) (1024K)]
  0x000002316f16dc80 JavaThread "Attach Listener"            daemon [_thread_blocked, id=15632, stack(0x000000e0ae200000,0x000000e0ae300000) (1024K)]
  0x000002316f165f80 JavaThread "Service Thread"             daemon [_thread_blocked, id=35824, stack(0x000000e0ae300000,0x000000e0ae400000) (1024K)]
  0x000002316f16f530 JavaThread "Monitor Deflation Thread"   daemon [_thread_blocked, id=8696, stack(0x000000e0ae400000,0x000000e0ae500000) (1024K)]
=>0x000002316f172990 JavaThread "C2 CompilerThread0"         daemon [_thread_in_native, id=30132, stack(0x000000e0ae500000,0x000000e0ae600000) (1024K)]
  0x000002316f17b4a0 JavaThread "C1 CompilerThread0"         daemon [_thread_blocked, id=37144, stack(0x000000e0ae600000,0x000000e0ae700000) (1024K)]
  0x000002316f3aa600 JavaThread "Common-Cleaner"             daemon [_thread_blocked, id=35912, stack(0x000000e0ae800000,0x000000e0ae900000) (1024K)]
  0x000002316f5075e0 JavaThread "Notification Thread"        daemon [_thread_blocked, id=22840, stack(0x000000e0ae900000,0x000000e0aea00000) (1024K)]
  0x0000023170852ae0 JavaThread "Active Thread: Equinox Container: 0a1a3631-692a-4799-b255-1c59c27d6683"        [_thread_blocked, id=44440, stack(0x000000e0ae700000,0x000000e0ae800000) (1024K)]
  0x000002317073eab0 JavaThread "Refresh Thread: Equinox Container: 0a1a3631-692a-4799-b255-1c59c27d6683" daemon [_thread_blocked, id=32764, stack(0x000000e0aea00000,0x000000e0aeb00000) (1024K)]
  0x0000023170a743a0 JavaThread "Framework Event Dispatcher: Equinox Container: 0a1a3631-692a-4799-b255-1c59c27d6683" daemon [_thread_blocked, id=24188, stack(0x000000e0af200000,0x000000e0af300000) (1024K)]
  0x0000023170a74a10 JavaThread "Start Level: Equinox Container: 0a1a3631-692a-4799-b255-1c59c27d6683" daemon [_thread_blocked, id=45416, stack(0x000000e0af300000,0x000000e0af400000) (1024K)]
  0x000002317579dbc0 JavaThread "Bundle File Closer"         daemon [_thread_blocked, id=40536, stack(0x000000e0af700000,0x000000e0af800000) (1024K)]
  0x00000231757c5800 JavaThread "SCR Component Actor"        daemon [_thread_blocked, id=28604, stack(0x000000e0af400000,0x000000e0af500000) (1024K)]
  0x00000231756990e0 JavaThread "Worker-JM"                         [_thread_blocked, id=45912, stack(0x000000e0af800000,0x000000e0af900000) (1024K)]
  0x000002316f4ad060 JavaThread "JNA Cleaner"                daemon [_thread_blocked, id=19268, stack(0x000000e0af900000,0x000000e0afa00000) (1024K)]
  0x000002316f4ad6f0 JavaThread "Worker-0"                          [_thread_blocked, id=37960, stack(0x000000e0afa00000,0x000000e0afb00000) (1024K)]
  0x000002316f4add80 JavaThread "Worker-1"                          [_thread_blocked, id=17760, stack(0x000000e0afb00000,0x000000e0afc00000) (1024K)]
  0x000002316f4ae410 JavaThread "Worker-2"                          [_thread_blocked, id=30820, stack(0x000000e0afc00000,0x000000e0afd00000) (1024K)]
  0x000002316f4aaf90 JavaThread "Java indexing"              daemon [_thread_blocked, id=43500, stack(0x000000e0aff00000,0x000000e0b0000000) (1024K)]
  0x000002316f4ab620 JavaThread "Worker-3: Initialize workspace"        [_thread_blocked, id=20912, stack(0x000000e0b0300000,0x000000e0b0400000) (1024K)]
  0x000002316f4abcb0 JavaThread "Worker-4"                          [_thread_blocked, id=39940, stack(0x000000e0b0400000,0x000000e0b0500000) (1024K)]
  0x000002316f4ac340 JavaThread "Thread-1"                   daemon [_thread_in_native, id=28156, stack(0x000000e0b0500000,0x000000e0b0600000) (1024K)]
  0x000002316f4ac9d0 JavaThread "Thread-2"                   daemon [_thread_in_native, id=38756, stack(0x000000e0b0600000,0x000000e0b0700000) (1024K)]
  0x0000023177eb4ed0 JavaThread "Thread-3"                   daemon [_thread_in_native, id=46768, stack(0x000000e0b0700000,0x000000e0b0800000) (1024K)]
  0x0000023177eb3b20 JavaThread "Thread-4"                   daemon [_thread_in_native, id=26568, stack(0x000000e0b0800000,0x000000e0b0900000) (1024K)]
  0x0000023177eb2770 JavaThread "Thread-5"                   daemon [_thread_in_native, id=32148, stack(0x000000e0b0900000,0x000000e0b0a00000) (1024K)]
  0x0000023177eb2e00 JavaThread "Thread-6"                   daemon [_thread_in_native, id=47720, stack(0x000000e0b0a00000,0x000000e0b0b00000) (1024K)]
  0x0000023177eb20e0 JavaThread "Thread-7"                   daemon [_thread_in_native, id=17120, stack(0x000000e0b0b00000,0x000000e0b0c00000) (1024K)]
  0x0000023177eb3490 JavaThread "Thread-8"                   daemon [_thread_in_native, id=43068, stack(0x000000e0b0c00000,0x000000e0b0d00000) (1024K)]
  0x0000023177eb41b0 JavaThread "Thread-9"                   daemon [_thread_in_native, id=29936, stack(0x000000e0b0d00000,0x000000e0b0e00000) (1024K)]
  0x0000023177eb4840 JavaThread "Thread-10"                  daemon [_thread_in_native, id=17684, stack(0x000000e0b0e00000,0x000000e0b0f00000) (1024K)]
  0x0000023177eb1a50 JavaThread "Thread-11"                  daemon [_thread_in_native, id=49084, stack(0x000000e0b0f00000,0x000000e0b1000000) (1024K)]
  0x0000023177eb6fa0 JavaThread "Thread-12"                  daemon [_thread_in_native, id=34392, stack(0x000000e0b1000000,0x000000e0b1100000) (1024K)]
  0x0000023177eb7cc0 JavaThread "Thread-13"                  daemon [_thread_in_native, id=16316, stack(0x000000e0b1100000,0x000000e0b1200000) (1024K)]
  0x0000023177eb5560 JavaThread "pool-2-thread-1"                   [_thread_blocked, id=12348, stack(0x000000e0b1200000,0x000000e0b1300000) (1024K)]
  0x0000023177eb8350 JavaThread "WorkspaceEventsHandler"            [_thread_blocked, id=48244, stack(0x000000e0b1300000,0x000000e0b1400000) (1024K)]
  0x0000023177eb7630 JavaThread "pool-1-thread-1"                   [_thread_blocked, id=14528, stack(0x000000e0b1400000,0x000000e0b1500000) (1024K)]
  0x0000023177eb89e0 JavaThread "ForkJoinPool.commonPool-worker-1" daemon [_thread_blocked, id=43428, stack(0x000000e0b1500000,0x000000e0b1600000) (1024K)]
  0x0000023177eb6280 JavaThread "ForkJoinPool.commonPool-worker-3" daemon [_thread_blocked, id=43556, stack(0x000000e0b1600000,0x000000e0b1700000) (1024K)]
  0x0000023177eb9070 JavaThread "ForkJoinPool.commonPool-worker-2" daemon [_thread_blocked, id=15220, stack(0x000000e0b1700000,0x000000e0b1800000) (1024K)]
  0x0000023177eb6910 JavaThread "ForkJoinPool.commonPool-worker-4" daemon [_thread_blocked, id=47912, stack(0x000000e0b1800000,0x000000e0b1900000) (1024K)]
  0x0000023178dbb350 JavaThread "ForkJoinPool.commonPool-worker-5" daemon [_thread_blocked, id=46412, stack(0x000000e0b1900000,0x000000e0b1a00000) (1024K)]
  0x0000023178db9280 JavaThread "ForkJoinPool.commonPool-worker-6" daemon [_thread_blocked, id=39744, stack(0x000000e0b1a00000,0x000000e0b1b00000) (1024K)]
  0x0000023178db9910 JavaThread "ForkJoinPool.commonPool-worker-7" daemon [_thread_blocked, id=20008, stack(0x000000e0b1b00000,0x000000e0b1c00000) (1024K)]
  0x0000023178dba630 JavaThread "ForkJoinPool.commonPool-worker-8" daemon [_thread_blocked, id=47360, stack(0x000000e0b1c00000,0x000000e0b1d00000) (1024K)]
  0x0000023178db9fa0 JavaThread "ForkJoinPool.commonPool-worker-9" daemon [_thread_blocked, id=1196, stack(0x000000e0b1d00000,0x000000e0b1e00000) (1024K)]
  0x0000023178dbacc0 JavaThread "ForkJoinPool.commonPool-worker-10" daemon [_thread_blocked, id=9020, stack(0x000000e0b1e00000,0x000000e0b1f00000) (1024K)]
  0x0000023178dbb9e0 JavaThread "ForkJoinPool.commonPool-worker-11" daemon [_thread_blocked, id=21064, stack(0x000000e0b1f00000,0x000000e0b2000000) (1024K)]
  0x0000023177720240 JavaThread "C2 CompilerThread1"         daemon [_thread_in_native, id=44868, stack(0x000000e0afd00000,0x000000e0afe00000) (1024K)]
  0x0000023177720910 JavaThread "C2 CompilerThread2"         daemon [_thread_blocked, id=24004, stack(0x000000e0afe00000,0x000000e0aff00000) (1024K)]
Total: 54

Other Threads:
  0x0000023116477c10 VMThread "VM Thread"                           [id=22332, stack(0x000000e0ade00000,0x000000e0adf00000) (1024K)]
  0x000002311645d940 WatcherThread "VM Periodic Task Thread"        [id=45696, stack(0x000000e0add00000,0x000000e0ade00000) (1024K)]
  0x000002311640f420 WorkerThread "GC Thread#0"                     [id=39388, stack(0x000000e0adc00000,0x000000e0add00000) (1024K)]
  0x000002317076f470 WorkerThread "GC Thread#1"                     [id=13176, stack(0x000000e0aeb00000,0x000000e0aec00000) (1024K)]
  0x000002317076f820 WorkerThread "GC Thread#2"                     [id=17840, stack(0x000000e0aec00000,0x000000e0aed00000) (1024K)]
  0x0000023170add470 WorkerThread "GC Thread#3"                     [id=24368, stack(0x000000e0aed00000,0x000000e0aee00000) (1024K)]
  0x0000023170a25520 WorkerThread "GC Thread#4"                     [id=22620, stack(0x000000e0aee00000,0x000000e0aef00000) (1024K)]
  0x0000023170add820 WorkerThread "GC Thread#5"                     [id=46896, stack(0x000000e0aef00000,0x000000e0af000000) (1024K)]
  0x0000023170a00750 WorkerThread "GC Thread#6"                     [id=31848, stack(0x000000e0af000000,0x000000e0af100000) (1024K)]
  0x0000023175018a20 WorkerThread "GC Thread#7"                     [id=34588, stack(0x000000e0af100000,0x000000e0af200000) (1024K)]
  0x0000023175435fd0 WorkerThread "GC Thread#8"                     [id=27392, stack(0x000000e0af500000,0x000000e0af600000) (1024K)]
  0x0000023175436380 WorkerThread "GC Thread#9"                     [id=41284, stack(0x000000e0af600000,0x000000e0af700000) (1024K)]
Total: 12

Threads with active compile tasks:
C2 CompilerThread0  40186 7492   !   4       java.nio.file.FileTreeWalker::next (144 bytes)
C2 CompilerThread1  40188 7661       4       jdk.internal.jimage.ImageLocation::getFullName (109 bytes)
C2 CompilerThread2  40190 7557   !   4       java.nio.file.FileTreeWalker::visit (204 bytes)
Total: 3

VM state: at safepoint (normal execution)

VM Mutex/Monitor currently owned by a thread:  ([mutex/lock_event])
[0x00007ff8f525e560] Threads_lock - owner thread: 0x0000023116477c10
[0x00007ff8f525e660] Heap_lock - owner thread: 0x0000023177eb6280

Heap address: 0x0000000080000000, size: 2048 MB, Compressed Oops mode: 32-bit

CDS archive(s) mapped at: [0x000002312d000000-0x000002312dba0000-0x000002312dba0000), size 12189696, SharedBaseAddress: 0x000002312d000000, ArchiveRelocationMode: 1.
Compressed class space mapped at: 0x000002312e000000-0x000002316e000000, reserved size: 1073741824
Narrow klass base: 0x000002312d000000, Narrow klass shift: 0, Narrow klass range: 0x100000000

GC Precious Log:
 CardTable entry size: 512
 CPUs: 12 total, 12 available
 Memory: 16064M
 Large Page Support: Disabled
 NUMA Support: Disabled
 Compressed Oops: Enabled (32-bit)
 Alignments: Space 512K, Generation 512K, Heap 2M
 Heap Min Capacity: 100M
 Heap Initial Capacity: 100M
 Heap Max Capacity: 2G
 Pre-touch: Disabled
 Parallel Workers: 10

Heap:
 PSYoungGen      total 16896K, used 1521K [0x00000000d5580000, 0x00000000d6900000, 0x0000000100000000)
  eden space 15360K, 0% used [0x00000000d5580000,0x00000000d5580000,0x00000000d6480000)
  from space 1536K, 99% used [0x00000000d6780000,0x00000000d68fc400,0x00000000d6900000)
  to   space 2048K, 0% used [0x00000000d6480000,0x00000000d6480000,0x00000000d6680000)
 ParOldGen       total 68608K, used 40868K [0x0000000080000000, 0x0000000084300000, 0x00000000d5580000)
  object space 68608K, 59% used [0x0000000080000000,0x00000000827e9028,0x0000000084300000)
 Metaspace       used 50212K, committed 51584K, reserved 1114112K
  class space    used 5419K, committed 6016K, reserved 1048576K

Card table byte_map: [0x0000023115f50000,0x0000023116360000] _byte_map_base: 0x0000023115b50000

Marking Bits: (ParMarkBitMap*) 0x00007ff8f5263450
 Begin Bits: [0x0000023128870000, 0x000002312a870000)
 End Bits:   [0x000002312a870000, 0x000002312c870000)

Polling page: 0x0000023113cb0000

Metaspace:

Usage:
  Non-class:     43.74 MB used.
      Class:      5.29 MB used.
       Both:     49.04 MB used.

Virtual space:
  Non-class space:       64.00 MB reserved,      44.50 MB ( 70%) committed,  1 nodes.
      Class space:        1.00 GB reserved,       5.88 MB ( <1%) committed,  1 nodes.
             Both:        1.06 GB reserved,      50.38 MB (  5%) committed. 

Chunk freelists:
   Non-Class:  2.80 MB
       Class:  10.09 MB
        Both:  12.89 MB

MaxMetaspaceSize: unlimited
CompressedClassSpaceSize: 1.00 GB
Initial GC threshold: 21.00 MB
Current GC threshold: 58.88 MB
CDS: on
 - commit_granule_bytes: 65536.
 - commit_granule_words: 8192.
 - virtual_space_node_default_size: 8388608.
 - enlarge_chunks_in_place: 1.
 - use_allocation_guard: 0.


Internal statistics:

num_allocs_failed_limit: 10.
num_arena_births: 1012.
num_arena_deaths: 14.
num_vsnodes_births: 2.
num_vsnodes_deaths: 0.
num_space_committed: 806.
num_space_uncommitted: 0.
num_chunks_returned_to_freelist: 24.
num_chunks_taken_from_freelist: 3406.
num_chunk_merges: 7.
num_chunk_splits: 2029.
num_chunks_enlarged: 1066.
num_inconsistent_stats: 0.

CodeHeap 'non-profiled nmethods': size=120000Kb used=3840Kb max_used=3840Kb free=116159Kb
 bounds [0x0000023121090000, 0x0000023121460000, 0x00000231285c0000]
CodeHeap 'profiled nmethods': size=120000Kb used=14526Kb max_used=14526Kb free=105473Kb
 bounds [0x00000231195c0000, 0x000002311a3f0000, 0x0000023120af0000]
CodeHeap 'non-nmethods': size=5760Kb used=1377Kb max_used=1440Kb free=4382Kb
 bounds [0x0000023120af0000, 0x0000023120d60000, 0x0000023121090000]
CodeCache: size=245760Kb, used=19743Kb, max_used=19806Kb, free=226014Kb
 total_blobs=7724, nmethods=7047, adapters=583, full_count=0
Compilation: enabled, stopped_count=0, restarted_count=0

Compilation events (20 events):
Event: 38.590 Thread 0x000002316f17b4a0 nmethod 7640 0x000002311a3ce810 code [0x000002311a3ceb20, 0x000002311a3cf870]
Event: 38.592 Thread 0x000002316f17b4a0 7642       3       org.eclipse.jdt.internal.core.JarPackageFragmentRoot::entryToClassName (23 bytes)
Event: 38.594 Thread 0x000002316f17b4a0 nmethod 7642 0x000002311a3cfe90 code [0x000002311a3d00a0, 0x000002311a3d0588]
Event: 38.595 Thread 0x000002316f17b4a0 7643       3       java.util.ArrayList$SubList::equals (47 bytes)
Event: 38.598 Thread 0x000002316f17b4a0 nmethod 7643 0x000002311a3d0810 code [0x000002311a3d0a00, 0x000002311a3d1038]
Event: 38.598 Thread 0x000002316f17b4a0 7644       3       java.util.ArrayList::equals (62 bytes)
Event: 38.601 Thread 0x000002316f17b4a0 nmethod 7644 0x000002311a3d1210 code [0x000002311a3d1420, 0x000002311a3d1c08]
Event: 38.602 Thread 0x000002316f17b4a0 7650       3       java.util.ArrayList::<init> (65 bytes)
Event: 38.611 Thread 0x000002316f17b4a0 nmethod 7650 0x000002311a3d1e10 code [0x000002311a3d2020, 0x000002311a3d2588]
Event: 38.612 Thread 0x000002316f17b4a0 7648       3       org.eclipse.jdt.internal.core.JrtPackageFragmentRoot$1::visitFile (26 bytes)
Event: 38.613 Thread 0x000002316f17b4a0 nmethod 7648 0x000002311a3d2710 code [0x000002311a3d28e0, 0x000002311a3d2b28]
Event: 38.614 Thread 0x000002316f17b4a0 7646       3       org.eclipse.jdt.internal.compiler.util.JrtFileSystem$2::visitFile (72 bytes)
Event: 38.616 Thread 0x000002316f17b4a0 nmethod 7646 0x000002311a3d2c10 code [0x000002311a3d2e40, 0x000002311a3d35c0]
Event: 38.628 Thread 0x000002316f17b4a0 7653       1       org.eclipse.core.runtime.Status::getSeverity (5 bytes)
Event: 38.628 Thread 0x000002316f17b4a0 nmethod 7653 0x0000023121447590 code [0x0000023121447720, 0x00000231214477e8]
Event: 38.651 Thread 0x000002316f17b4a0 7654       3       jdk.internal.jimage.ImageReader$SharedImageReader::visitLocation (73 bytes)
Event: 38.655 Thread 0x000002316f17b4a0 nmethod 7654 0x000002311a3d3810 code [0x000002311a3d3ac0, 0x000002311a3d4820]
Event: 38.662 Thread 0x0000023177720240 nmethod 7649 0x0000023121447890 code [0x0000023121447ac0, 0x0000023121448460]
Event: 38.667 Thread 0x0000023177720240 7652       4       org.eclipse.jdt.internal.core.util.Util::splitOn (134 bytes)
Event: 38.718 Thread 0x000002316f17b4a0 7657       3       org.eclipse.jdt.internal.compiler.impl.CompilerOptions::versionToJdkLevel (6 bytes)

GC Heap History (20 events):
Event: 24.264 GC heap after
{Heap after GC invocations=25 (full 2):
 PSYoungGen      total 13824K, used 800K [0x00000000d5580000, 0x00000000d6980000, 0x0000000100000000)
  eden space 11776K, 0% used [0x00000000d5580000,0x00000000d5580000,0x00000000d6100000)
  from space 2048K, 39% used [0x00000000d6600000,0x00000000d66c8000,0x00000000d6800000)
  to   space 1024K, 0% used [0x00000000d6880000,0x00000000d6880000,0x00000000d6980000)
 ParOldGen       total 68608K, used 35228K [0x0000000080000000, 0x0000000084300000, 0x00000000d5580000)
  object space 68608K, 51% used [0x0000000080000000,0x0000000082267190,0x0000000084300000)
 Metaspace       used 46005K, committed 47232K, reserved 1114112K
  class space    used 4992K, committed 5504K, reserved 1048576K
}
Event: 25.856 GC heap before
{Heap before GC invocations=26 (full 2):
 PSYoungGen      total 13824K, used 12576K [0x00000000d5580000, 0x00000000d6980000, 0x0000000100000000)
  eden space 11776K, 100% used [0x00000000d5580000,0x00000000d6100000,0x00000000d6100000)
  from space 2048K, 39% used [0x00000000d6600000,0x00000000d66c8000,0x00000000d6800000)
  to   space 1024K, 0% used [0x00000000d6880000,0x00000000d6880000,0x00000000d6980000)
 ParOldGen       total 68608K, used 35228K [0x0000000080000000, 0x0000000084300000, 0x00000000d5580000)
  object space 68608K, 51% used [0x0000000080000000,0x0000000082267190,0x0000000084300000)
 Metaspace       used 47402K, committed 48704K, reserved 1114112K
  class space    used 5140K, committed 5760K, reserved 1048576K
}
Event: 25.861 GC heap after
{Heap after GC invocations=26 (full 2):
 PSYoungGen      total 12800K, used 704K [0x00000000d5580000, 0x00000000d6980000, 0x0000000100000000)
  eden space 11776K, 0% used [0x00000000d5580000,0x00000000d5580000,0x00000000d6100000)
  from space 1024K, 68% used [0x00000000d6880000,0x00000000d6930000,0x00000000d6980000)
  to   space 1024K, 0% used [0x00000000d6780000,0x00000000d6780000,0x00000000d6880000)
 ParOldGen       total 68608K, used 35846K [0x0000000080000000, 0x0000000084300000, 0x00000000d5580000)
  object space 68608K, 52% used [0x0000000080000000,0x0000000082301830,0x0000000084300000)
 Metaspace       used 47402K, committed 48704K, reserved 1114112K
  class space    used 5140K, committed 5760K, reserved 1048576K
}
Event: 28.714 GC heap before
{Heap before GC invocations=27 (full 2):
 PSYoungGen      total 12800K, used 12480K [0x00000000d5580000, 0x00000000d6980000, 0x0000000100000000)
  eden space 11776K, 100% used [0x00000000d5580000,0x00000000d6100000,0x00000000d6100000)
  from space 1024K, 68% used [0x00000000d6880000,0x00000000d6930000,0x00000000d6980000)
  to   space 1024K, 0% used [0x00000000d6780000,0x00000000d6780000,0x00000000d6880000)
 ParOldGen       total 68608K, used 35846K [0x0000000080000000, 0x0000000084300000, 0x00000000d5580000)
  object space 68608K, 52% used [0x0000000080000000,0x0000000082301830,0x0000000084300000)
 Metaspace       used 47430K, committed 48704K, reserved 1114112K
  class space    used 5141K, committed 5760K, reserved 1048576K
}
Event: 28.718 GC heap after
{Heap after GC invocations=27 (full 2):
 PSYoungGen      total 12800K, used 256K [0x00000000d5580000, 0x00000000d6900000, 0x0000000100000000)
  eden space 11776K, 0% used [0x00000000d5580000,0x00000000d5580000,0x00000000d6100000)
  from space 1024K, 25% used [0x00000000d6780000,0x00000000d67c0000,0x00000000d6880000)
  to   space 512K, 0% used [0x00000000d6880000,0x00000000d6880000,0x00000000d6900000)
 ParOldGen       total 68608K, used 36390K [0x0000000080000000, 0x0000000084300000, 0x00000000d5580000)
  object space 68608K, 53% used [0x0000000080000000,0x0000000082389a20,0x0000000084300000)
 Metaspace       used 47430K, committed 48704K, reserved 1114112K
  class space    used 5141K, committed 5760K, reserved 1048576K
}
Event: 30.565 GC heap before
{Heap before GC invocations=28 (full 2):
 PSYoungGen      total 12800K, used 12032K [0x00000000d5580000, 0x00000000d6900000, 0x0000000100000000)
  eden space 11776K, 100% used [0x00000000d5580000,0x00000000d6100000,0x00000000d6100000)
  from space 1024K, 25% used [0x00000000d6780000,0x00000000d67c0000,0x00000000d6880000)
  to   space 512K, 0% used [0x00000000d6880000,0x00000000d6880000,0x00000000d6900000)
 ParOldGen       total 68608K, used 36390K [0x0000000080000000, 0x0000000084300000, 0x00000000d5580000)
  object space 68608K, 53% used [0x0000000080000000,0x0000000082389a20,0x0000000084300000)
 Metaspace       used 47441K, committed 48704K, reserved 1114112K
  class space    used 5141K, committed 5760K, reserved 1048576K
}
Event: 30.567 GC heap after
{Heap after GC invocations=28 (full 2):
 PSYoungGen      total 12288K, used 160K [0x00000000d5580000, 0x00000000d6900000, 0x0000000100000000)
  eden space 11776K, 0% used [0x00000000d5580000,0x00000000d5580000,0x00000000d6100000)
  from space 512K, 31% used [0x00000000d6880000,0x00000000d68a8000,0x00000000d6900000)
  to   space 512K, 0% used [0x00000000d6800000,0x00000000d6800000,0x00000000d6880000)
 ParOldGen       total 68608K, used 36462K [0x0000000080000000, 0x0000000084300000, 0x00000000d5580000)
  object space 68608K, 53% used [0x0000000080000000,0x000000008239ba20,0x0000000084300000)
 Metaspace       used 47441K, committed 48704K, reserved 1114112K
  class space    used 5141K, committed 5760K, reserved 1048576K
}
Event: 33.090 GC heap before
{Heap before GC invocations=29 (full 2):
 PSYoungGen      total 12288K, used 11936K [0x00000000d5580000, 0x00000000d6900000, 0x0000000100000000)
  eden space 11776K, 100% used [0x00000000d5580000,0x00000000d6100000,0x00000000d6100000)
  from space 512K, 31% used [0x00000000d6880000,0x00000000d68a8000,0x00000000d6900000)
  to   space 512K, 0% used [0x00000000d6800000,0x00000000d6800000,0x00000000d6880000)
 ParOldGen       total 68608K, used 36462K [0x0000000080000000, 0x0000000084300000, 0x00000000d5580000)
  object space 68608K, 53% used [0x0000000080000000,0x000000008239ba20,0x0000000084300000)
 Metaspace       used 47456K, committed 48704K, reserved 1114112K
  class space    used 5141K, committed 5760K, reserved 1048576K
}
Event: 33.093 GC heap after
{Heap after GC invocations=29 (full 2):
 PSYoungGen      total 12288K, used 288K [0x00000000d5580000, 0x00000000d6900000, 0x0000000100000000)
  eden space 11776K, 0% used [0x00000000d5580000,0x00000000d5580000,0x00000000d6100000)
  from space 512K, 56% used [0x00000000d6800000,0x00000000d6848000,0x00000000d6880000)
  to   space 512K, 0% used [0x00000000d6880000,0x00000000d6880000,0x00000000d6900000)
 ParOldGen       total 68608K, used 36526K [0x0000000080000000, 0x0000000084300000, 0x00000000d5580000)
  object space 68608K, 53% used [0x0000000080000000,0x00000000823aba20,0x0000000084300000)
 Metaspace       used 47456K, committed 48704K, reserved 1114112K
  class space    used 5141K, committed 5760K, reserved 1048576K
}
Event: 34.335 GC heap before
{Heap before GC invocations=30 (full 2):
 PSYoungGen      total 12288K, used 12064K [0x00000000d5580000, 0x00000000d6900000, 0x0000000100000000)
  eden space 11776K, 100% used [0x00000000d5580000,0x00000000d6100000,0x00000000d6100000)
  from space 512K, 56% used [0x00000000d6800000,0x00000000d6848000,0x00000000d6880000)
  to   space 512K, 0% used [0x00000000d6880000,0x00000000d6880000,0x00000000d6900000)
 ParOldGen       total 68608K, used 36526K [0x0000000080000000, 0x0000000084300000, 0x00000000d5580000)
  object space 68608K, 53% used [0x0000000080000000,0x00000000823aba20,0x0000000084300000)
 Metaspace       used 47596K, committed 48896K, reserved 1114112K
  class space    used 5152K, committed 5760K, reserved 1048576K
}
Event: 34.339 GC heap after
{Heap after GC invocations=30 (full 2):
 PSYoungGen      total 12288K, used 496K [0x00000000d5580000, 0x00000000d6900000, 0x0000000100000000)
  eden space 11776K, 0% used [0x00000000d5580000,0x00000000d5580000,0x00000000d6100000)
  from space 512K, 96% used [0x00000000d6880000,0x00000000d68fc010,0x00000000d6900000)
  to   space 1024K, 0% used [0x00000000d6700000,0x00000000d6700000,0x00000000d6800000)
 ParOldGen       total 68608K, used 36598K [0x0000000080000000, 0x0000000084300000, 0x00000000d5580000)
  object space 68608K, 53% used [0x0000000080000000,0x00000000823bda20,0x0000000084300000)
 Metaspace       used 47596K, committed 48896K, reserved 1114112K
  class space    used 5152K, committed 5760K, reserved 1048576K
}
Event: 35.233 GC heap before
{Heap before GC invocations=31 (full 2):
 PSYoungGen      total 12288K, used 12272K [0x00000000d5580000, 0x00000000d6900000, 0x0000000100000000)
  eden space 11776K, 100% used [0x00000000d5580000,0x00000000d6100000,0x00000000d6100000)
  from space 512K, 96% used [0x00000000d6880000,0x00000000d68fc010,0x00000000d6900000)
  to   space 1024K, 0% used [0x00000000d6700000,0x00000000d6700000,0x00000000d6800000)
 ParOldGen       total 68608K, used 36598K [0x0000000080000000, 0x0000000084300000, 0x00000000d5580000)
  object space 68608K, 53% used [0x0000000080000000,0x00000000823bda20,0x0000000084300000)
 Metaspace       used 47878K, committed 49152K, reserved 1114112K
  class space    used 5176K, committed 5760K, reserved 1048576K
}
Event: 35.238 GC heap after
{Heap after GC invocations=31 (full 2):
 PSYoungGen      total 12800K, used 704K [0x00000000d5580000, 0x00000000d6900000, 0x0000000100000000)
  eden space 11776K, 0% used [0x00000000d5580000,0x00000000d5580000,0x00000000d6100000)
  from space 1024K, 68% used [0x00000000d6700000,0x00000000d67b0000,0x00000000d6800000)
  to   space 1024K, 0% used [0x00000000d6800000,0x00000000d6800000,0x00000000d6900000)
 ParOldGen       total 68608K, used 36958K [0x0000000080000000, 0x0000000084300000, 0x00000000d5580000)
  object space 68608K, 53% used [0x0000000080000000,0x0000000082417a20,0x0000000084300000)
 Metaspace       used 47878K, committed 49152K, reserved 1114112K
  class space    used 5176K, committed 5760K, reserved 1048576K
}
Event: 37.472 GC heap before
{Heap before GC invocations=32 (full 2):
 PSYoungGen      total 12800K, used 12479K [0x00000000d5580000, 0x00000000d6900000, 0x0000000100000000)
  eden space 11776K, 99% used [0x00000000d5580000,0x00000000d60fffe0,0x00000000d6100000)
  from space 1024K, 68% used [0x00000000d6700000,0x00000000d67b0000,0x00000000d6800000)
  to   space 1024K, 0% used [0x00000000d6800000,0x00000000d6800000,0x00000000d6900000)
 ParOldGen       total 68608K, used 36958K [0x0000000080000000, 0x0000000084300000, 0x00000000d5580000)
  object space 68608K, 53% used [0x0000000080000000,0x0000000082417a20,0x0000000084300000)
 Metaspace       used 48055K, committed 49344K, reserved 1114112K
  class space    used 5199K, committed 5824K, reserved 1048576K
}
Event: 37.478 GC heap after
{Heap after GC invocations=32 (full 2):
 PSYoungGen      total 12288K, used 352K [0x00000000d5580000, 0x00000000d6880000, 0x0000000100000000)
  eden space 11776K, 0% used [0x00000000d5580000,0x00000000d5580000,0x00000000d6100000)
  from space 512K, 68% used [0x00000000d6800000,0x00000000d6858000,0x00000000d6880000)
  to   space 512K, 0% used [0x00000000d6780000,0x00000000d6780000,0x00000000d6800000)
 ParOldGen       total 68608K, used 37554K [0x0000000080000000, 0x0000000084300000, 0x00000000d5580000)
  object space 68608K, 54% used [0x0000000080000000,0x00000000824aca30,0x0000000084300000)
 Metaspace       used 48055K, committed 49344K, reserved 1114112K
  class space    used 5199K, committed 5824K, reserved 1048576K
}
Event: 37.948 GC heap before
{Heap before GC invocations=33 (full 2):
 PSYoungGen      total 12288K, used 12128K [0x00000000d5580000, 0x00000000d6880000, 0x0000000100000000)
  eden space 11776K, 100% used [0x00000000d5580000,0x00000000d6100000,0x00000000d6100000)
  from space 512K, 68% used [0x00000000d6800000,0x00000000d6858000,0x00000000d6880000)
  to   space 512K, 0% used [0x00000000d6780000,0x00000000d6780000,0x00000000d6800000)
 ParOldGen       total 68608K, used 37554K [0x0000000080000000, 0x0000000084300000, 0x00000000d5580000)
  object space 68608K, 54% used [0x0000000080000000,0x00000000824aca30,0x0000000084300000)
 Metaspace       used 49076K, committed 50432K, reserved 1114112K
  class space    used 5304K, committed 5888K, reserved 1048576K
}
Event: 37.954 GC heap after
{Heap after GC invocations=33 (full 2):
 PSYoungGen      total 12288K, used 488K [0x00000000d5580000, 0x00000000d6880000, 0x0000000100000000)
  eden space 11776K, 0% used [0x00000000d5580000,0x00000000d5580000,0x00000000d6100000)
  from space 512K, 95% used [0x00000000d6780000,0x00000000d67fa1b8,0x00000000d6800000)
  to   space 512K, 0% used [0x00000000d6800000,0x00000000d6800000,0x00000000d6880000)
 ParOldGen       total 68608K, used 37682K [0x0000000080000000, 0x0000000084300000, 0x00000000d5580000)
  object space 68608K, 54% used [0x0000000080000000,0x00000000824cca30,0x0000000084300000)
 Metaspace       used 49076K, committed 50432K, reserved 1114112K
  class space    used 5304K, committed 5888K, reserved 1048576K
}
Event: 38.603 GC heap before
{Heap before GC invocations=34 (full 2):
 PSYoungGen      total 12288K, used 12264K [0x00000000d5580000, 0x00000000d6880000, 0x0000000100000000)
  eden space 11776K, 100% used [0x00000000d5580000,0x00000000d6100000,0x00000000d6100000)
  from space 512K, 95% used [0x00000000d6780000,0x00000000d67fa1b8,0x00000000d6800000)
  to   space 512K, 0% used [0x00000000d6800000,0x00000000d6800000,0x00000000d6880000)
 ParOldGen       total 68608K, used 37682K [0x0000000080000000, 0x0000000084300000, 0x00000000d5580000)
  object space 68608K, 54% used [0x0000000080000000,0x00000000824cca30,0x0000000084300000)
 Metaspace       used 49830K, committed 51136K, reserved 1114112K
  class space    used 5360K, committed 5952K, reserved 1048576K
}
Event: 38.609 GC heap after
{Heap after GC invocations=34 (full 2):
 PSYoungGen      total 12288K, used 480K [0x00000000d5580000, 0x00000000d6880000, 0x0000000100000000)
  eden space 11776K, 0% used [0x00000000d5580000,0x00000000d5580000,0x00000000d6100000)
  from space 512K, 93% used [0x00000000d6800000,0x00000000d6878040,0x00000000d6880000)
  to   space 2048K, 0% used [0x00000000d6480000,0x00000000d6480000,0x00000000d6680000)
 ParOldGen       total 68608K, used 38811K [0x0000000080000000, 0x0000000084300000, 0x00000000d5580000)
  object space 68608K, 56% used [0x0000000080000000,0x00000000825e6fa8,0x0000000084300000)
 Metaspace       used 49830K, committed 51136K, reserved 1114112K
  class space    used 5360K, committed 5952K, reserved 1048576K
}
Event: 38.750 GC heap before
{Heap before GC invocations=35 (full 2):
 PSYoungGen      total 12288K, used 12256K [0x00000000d5580000, 0x00000000d6880000, 0x0000000100000000)
  eden space 11776K, 100% used [0x00000000d5580000,0x00000000d6100000,0x00000000d6100000)
  from space 512K, 93% used [0x00000000d6800000,0x00000000d6878040,0x00000000d6880000)
  to   space 2048K, 0% used [0x00000000d6480000,0x00000000d6480000,0x00000000d6680000)
 ParOldGen       total 68608K, used 38811K [0x0000000080000000, 0x0000000084300000, 0x00000000d5580000)
  object space 68608K, 56% used [0x0000000080000000,0x00000000825e6fa8,0x0000000084300000)
 Metaspace       used 49831K, committed 51136K, reserved 1114112K
  class space    used 5360K, committed 5952K, reserved 1048576K
}

Dll operation events (10 events):
Event: 0.076 Loaded shared library c:\Users\admin\.vscode\extensions\redhat.java-1.54.0-win32-x64\jre\21.0.10-win32-x86_64\bin\java.dll
Event: 0.119 Loaded shared library c:\Users\admin\.vscode\extensions\redhat.java-1.54.0-win32-x64\jre\21.0.10-win32-x86_64\bin\zip.dll
Event: 0.244 Loaded shared library C:\Users\admin\.vscode\extensions\redhat.java-1.54.0-win32-x64\jre\21.0.10-win32-x86_64\bin\instrument.dll
Event: 0.269 Loaded shared library C:\Users\admin\.vscode\extensions\redhat.java-1.54.0-win32-x64\jre\21.0.10-win32-x86_64\bin\net.dll
Event: 0.288 Loaded shared library C:\Users\admin\.vscode\extensions\redhat.java-1.54.0-win32-x64\jre\21.0.10-win32-x86_64\bin\nio.dll
Event: 0.295 Loaded shared library C:\Users\admin\.vscode\extensions\redhat.java-1.54.0-win32-x64\jre\21.0.10-win32-x86_64\bin\zip.dll
Event: 0.327 Loaded shared library C:\Users\admin\.vscode\extensions\redhat.java-1.54.0-win32-x64\jre\21.0.10-win32-x86_64\bin\jimage.dll
Event: 0.461 Loaded shared library c:\Users\admin\.vscode\extensions\redhat.java-1.54.0-win32-x64\jre\21.0.10-win32-x86_64\bin\verify.dll
Event: 4.482 Loaded shared library C:\Users\admin\AppData\Roaming\Code\User\globalStorage\redhat.java\1.54.0\config_win\org.eclipse.equinox.launcher\org.eclipse.equinox.launcher.win32.win32.x86_64_1.3.0.v20260203-2149\eclipse_11919.dll
Event: 12.343 Loaded shared library C:\Users\admin\AppData\Local\Temp\jna-92668751\jna8947173703018645406.dll

Deoptimization events (20 events):
Event: 38.445 Thread 0x000002316f4ab620 Uncommon trap: trap_request=0xffffff45 fr.pc=0x00000231211539b0 relative=0x0000000000000270
Event: 38.445 Thread 0x000002316f4ab620 Uncommon trap: reason=unstable_if action=reinterpret pc=0x00000231211539b0 method=java.util.concurrent.ConcurrentHashMap.get(Ljava/lang/Object;)Ljava/lang/Object; @ 86 c2
Event: 38.445 Thread 0x000002316f4ab620 DEOPT PACKING pc=0x00000231211539b0 sp=0x000000e0b03fc870
Event: 38.445 Thread 0x000002316f4ab620 DEOPT UNPACKING pc=0x0000023120b43aa2 sp=0x000000e0b03fc7d8 mode 2
Event: 38.453 Thread 0x0000023177eb6280 Uncommon trap: trap_request=0xffffff45 fr.pc=0x00000231214430a8 relative=0x0000000000000508
Event: 38.453 Thread 0x0000023177eb6280 Uncommon trap: reason=unstable_if action=reinterpret pc=0x00000231214430a8 method=jdk.internal.jimage.ImageReader$SharedImageReader.findNode(Ljava/lang/String;)Ljdk/internal/jimage/ImageReader$Node; @ 25 c2
Event: 38.453 Thread 0x0000023177eb6280 DEOPT PACKING pc=0x00000231214430a8 sp=0x000000e0b16fccd0
Event: 38.453 Thread 0x0000023177eb6280 DEOPT UNPACKING pc=0x0000023120b43aa2 sp=0x000000e0b16fcc98 mode 2
Event: 38.455 Thread 0x0000023177eb6280 Uncommon trap: trap_request=0xffffff45 fr.pc=0x00000231214400e0 relative=0x00000000000001a0
Event: 38.455 Thread 0x0000023177eb6280 Uncommon trap: reason=unstable_if action=reinterpret pc=0x00000231214400e0 method=jdk.internal.jrtfs.JrtPath.normalize(Ljava/lang/String;)Ljava/lang/String; @ 78 c2
Event: 38.455 Thread 0x0000023177eb6280 DEOPT PACKING pc=0x00000231214400e0 sp=0x000000e0b16fcf30
Event: 38.455 Thread 0x0000023177eb6280 DEOPT UNPACKING pc=0x0000023120b43aa2 sp=0x000000e0b16fceb0 mode 2
Event: 38.460 Thread 0x0000023177eb6280 Uncommon trap: trap_request=0xffffff45 fr.pc=0x0000023121381f94 relative=0x0000000000000254
Event: 38.460 Thread 0x0000023177eb6280 Uncommon trap: reason=unstable_if action=reinterpret pc=0x0000023121381f94 method=java.util.regex.Pattern.escape(ZZZ)I @ 8 c2
Event: 38.460 Thread 0x0000023177eb6280 DEOPT PACKING pc=0x0000023121381f94 sp=0x000000e0b16fbfe0
Event: 38.460 Thread 0x0000023177eb6280 DEOPT UNPACKING pc=0x0000023120b43aa2 sp=0x000000e0b16fbf58 mode 2
Event: 38.461 Thread 0x0000023177eb6280 Uncommon trap: trap_request=0xffffff45 fr.pc=0x0000023121360030 relative=0x0000000000001190
Event: 38.461 Thread 0x0000023177eb6280 Uncommon trap: reason=unstable_if action=reinterpret pc=0x0000023121360030 method=java.util.regex.Pattern.compile()V @ 443 c2
Event: 38.461 Thread 0x0000023177eb6280 DEOPT PACKING pc=0x0000023121360030 sp=0x000000e0b16fc2f0
Event: 38.461 Thread 0x0000023177eb6280 DEOPT UNPACKING pc=0x0000023120b43aa2 sp=0x000000e0b16fc2b8 mode 2

Classes loaded (20 events):
Event: 37.977 Loading class sun/nio/ch/FileChannelImpl$DefaultUnmapper
Event: 37.978 Loading class sun/nio/ch/FileChannelImpl$Unmapper
Event: 37.978 Loading class jdk/internal/access/foreign/UnmapperProxy
Event: 37.978 Loading class jdk/internal/access/foreign/UnmapperProxy done
Event: 37.978 Loading class sun/nio/ch/FileChannelImpl$Unmapper done
Event: 37.979 Loading class sun/nio/ch/FileChannelImpl$DefaultUnmapper done
Event: 37.979 Loading class sun/nio/ch/Util$4
Event: 37.980 Loading class sun/nio/ch/Util$4 done
Event: 38.041 Loading class java/nio/file/ClosedDirectoryStreamException
Event: 38.042 Loading class java/nio/file/ClosedDirectoryStreamException done
Event: 38.043 Loading class jdk/internal/jrtfs/JrtFileSystem
Event: 38.044 Loading class jdk/internal/jrtfs/JrtFileSystem done
Event: 38.044 Loading class jdk/internal/jrtfs/JrtPath
Event: 38.046 Loading class jdk/internal/jrtfs/JrtPath done
Event: 38.047 Loading class jdk/internal/jimage/ImageReader$Node
Event: 38.047 Loading class jdk/internal/jimage/ImageReader$Node done
Event: 38.093 Loading class java/nio/ByteBufferAsIntBufferL
Event: 38.094 Loading class java/nio/ByteBufferAsIntBufferL done
Event: 38.098 Loading class jdk/internal/jimage/ImageReader$Directory
Event: 38.099 Loading class jdk/internal/jimage/ImageReader$Directory done

Classes unloaded (7 events):
Event: 14.005 Thread 0x0000023116477c10 Unloading class 0x000002312e1ac800 'java/lang/invoke/LambdaForm$MH+0x000002312e1ac800'
Event: 14.005 Thread 0x0000023116477c10 Unloading class 0x000002312e1ac400 'java/lang/invoke/LambdaForm$MH+0x000002312e1ac400'
Event: 14.005 Thread 0x0000023116477c10 Unloading class 0x000002312e1ac000 'java/lang/invoke/LambdaForm$MH+0x000002312e1ac000'
Event: 14.005 Thread 0x0000023116477c10 Unloading class 0x000002312e1abc00 'java/lang/invoke/LambdaForm$MH+0x000002312e1abc00'
Event: 14.005 Thread 0x0000023116477c10 Unloading class 0x000002312e1ab800 'java/lang/invoke/LambdaForm$BMH+0x000002312e1ab800'
Event: 14.005 Thread 0x0000023116477c10 Unloading class 0x000002312e1ab400 'java/lang/invoke/LambdaForm$DMH+0x000002312e1ab400'
Event: 14.005 Thread 0x0000023116477c10 Unloading class 0x000002312e1aa400 'java/lang/invoke/LambdaForm$DMH+0x000002312e1aa400'

Classes redefined (6 events):
Event: 0.716 Thread 0x0000023116477c10 redefined class name=java.io.FileOutputStream, count=1
Event: 0.723 Thread 0x0000023116477c10 redefined class name=java.io.File, count=1
Event: 0.730 Thread 0x0000023116477c10 redefined class name=java.nio.file.Files, count=1
Event: 0.736 Thread 0x0000023116477c10 redefined class name=java.lang.ClassLoader, count=1
Event: 0.741 Thread 0x0000023116477c10 redefined class name=java.net.URLStreamHandler, count=1
Event: 0.746 Thread 0x0000023116477c10 redefined class name=java.lang.Thread, count=1

Internal exceptions (20 events):
Event: 37.332 Thread 0x000002316f4abcb0 Exception <a 'sun/nio/fs/WindowsException'{0x00000000d5f312d8}> (0x00000000d5f312d8) 
thrown [s\src\hotspot\share\prims\jni.cpp, line 520]
Event: 37.335 Thread 0x000002316f4abcb0 Exception <a 'sun/nio/fs/WindowsException'{0x00000000d5f37da0}> (0x00000000d5f37da0) 
thrown [s\src\hotspot\share\prims\jni.cpp, line 520]
Event: 37.451 Thread 0x0000023177eb7630 Exception <a 'sun/nio/fs/WindowsException'{0x00000000d608cc78}> (0x00000000d608cc78) 
thrown [s\src\hotspot\share\prims\jni.cpp, line 520]
Event: 37.452 Thread 0x0000023177eb7630 Exception <a 'sun/nio/fs/WindowsException'{0x00000000d608d2c8}> (0x00000000d608d2c8) 
thrown [s\src\hotspot\share\prims\jni.cpp, line 520]
Event: 37.456 Thread 0x0000023177eb7630 Exception <a 'sun/nio/fs/WindowsException'{0x00000000d60ac130}> (0x00000000d60ac130) 
thrown [s\src\hotspot\share\prims\jni.cpp, line 520]
Event: 37.457 Thread 0x0000023177eb7630 Exception <a 'sun/nio/fs/WindowsException'{0x00000000d60ac780}> (0x00000000d60ac780) 
thrown [s\src\hotspot\share\prims\jni.cpp, line 520]
Event: 37.461 Thread 0x0000023177eb7630 Exception <a 'sun/nio/fs/WindowsException'{0x00000000d60ada70}> (0x00000000d60ada70) 
thrown [s\src\hotspot\share\prims\jni.cpp, line 520]
Event: 37.461 Thread 0x0000023177eb7630 Exception <a 'sun/nio/fs/WindowsException'{0x00000000d60ae0a0}> (0x00000000d60ae0a0) 
thrown [s\src\hotspot\share\prims\jni.cpp, line 520]
Event: 37.463 Thread 0x0000023177eb7630 Exception <a 'sun/nio/fs/WindowsException'{0x00000000d60aee90}> (0x00000000d60aee90) 
thrown [s\src\hotspot\share\prims\jni.cpp, line 520]
Event: 37.463 Thread 0x0000023177eb7630 Exception <a 'sun/nio/fs/WindowsException'{0x00000000d60af4c0}> (0x00000000d60af4c0) 
thrown [s\src\hotspot\share\prims\jni.cpp, line 520]
Event: 37.470 Thread 0x0000023177eb7630 Exception <a 'java/lang/IncompatibleClassChangeError'{0x00000000d60f7b28}: Found class java.lang.Object, but interface was expected> (0x00000000d60f7b28) 
thrown [s\src\hotspot\share\interpreter\linkResolver.cpp, line 840]
Event: 37.904 Thread 0x000002316f4ab620 Exception <a 'java/io/FileNotFoundException'{0x00000000d6044990}> (0x00000000d6044990) 
thrown [s\src\hotspot\share\prims\jni.cpp, line 520]
Event: 37.907 Thread 0x000002316f4ab620 Exception <a 'java/io/FileNotFoundException'{0x00000000d6049f70}> (0x00000000d6049f70) 
thrown [s\src\hotspot\share\prims\jni.cpp, line 520]
Event: 37.908 Thread 0x000002316f4ab620 Exception <a 'java/io/FileNotFoundException'{0x00000000d6059860}> (0x00000000d6059860) 
thrown [s\src\hotspot\share\prims\jni.cpp, line 520]
Event: 37.983 Thread 0x0000023177eb6280 Implicit null exception at 0x000002312131cff7 to 0x000002312131d268
Event: 37.986 Thread 0x0000023177eb6280 Exception <a 'java/lang/NoSuchMethodError'{0x00000000d56393e0}: 'java.lang.Object java.lang.invoke.DelegatingMethodHandle$Holder.reinvoke_L(java.lang.Object, int, long, java.lang.Object, java.lang.Object, int, java.lang.Object)'> (0x00000000d56393e0) 
thrown [s\src\hotspot\share\interpreter\linkResolver.cpp, line 773]
Event: 38.023 Thread 0x000002316f4ab620 Exception <a 'sun/nio/fs/WindowsException'{0x00000000d56bc738}> (0x00000000d56bc738) 
thrown [s\src\hotspot\share\prims\jni.cpp, line 520]
Event: 38.024 Thread 0x000002316f4ab620 Exception <a 'sun/nio/fs/WindowsException'{0x00000000d56bcd68}> (0x00000000d56bcd68) 
thrown [s\src\hotspot\share\prims\jni.cpp, line 520]
Event: 38.027 Thread 0x000002316f4ab620 Exception <a 'sun/nio/fs/WindowsException'{0x00000000d56bda90}> (0x00000000d56bda90) 
thrown [s\src\hotspot\share\prims\jni.cpp, line 520]
Event: 38.027 Thread 0x000002316f4ab620 Exception <a 'sun/nio/fs/WindowsException'{0x00000000d56be0c0}> (0x00000000d56be0c0) 
thrown [s\src\hotspot\share\prims\jni.cpp, line 520]

ZGC Phase Switch (0 events):
No events

VM Operations (20 events):
Event: 37.720 Executing non-safepoint VM operation: HandshakeAllThreads (Deoptimize) done
Event: 37.729 Executing non-safepoint VM operation: HandshakeAllThreads (Deoptimize)
Event: 37.730 Executing non-safepoint VM operation: HandshakeAllThreads (Deoptimize) done
Event: 37.734 Executing non-safepoint VM operation: HandshakeAllThreads (Deoptimize)
Event: 37.734 Executing non-safepoint VM operation: HandshakeAllThreads (Deoptimize) done
Event: 37.783 Executing non-safepoint VM operation: HandshakeAllThreads (Deoptimize)
Event: 37.783 Executing non-safepoint VM operation: HandshakeAllThreads (Deoptimize) done
Event: 37.827 Executing non-safepoint VM operation: HandshakeAllThreads (Deoptimize)
Event: 37.845 Executing non-safepoint VM operation: HandshakeAllThreads (Deoptimize) done
Event: 37.948 Executing safepoint VM operation: ParallelGCFailedAllocation (Allocation Failure)
Event: 37.954 Executing safepoint VM operation: ParallelGCFailedAllocation (Allocation Failure) done
Event: 38.040 Executing non-safepoint VM operation: HandshakeAllThreads (Deoptimize)
Event: 38.041 Executing non-safepoint VM operation: HandshakeAllThreads (Deoptimize) done
Event: 38.096 Executing non-safepoint VM operation: HandshakeAllThreads (Deoptimize)
Event: 38.097 Executing non-safepoint VM operation: HandshakeAllThreads (Deoptimize) done
Event: 38.231 Executing non-safepoint VM operation: HandshakeAllThreads (Deoptimize)
Event: 38.231 Executing non-safepoint VM operation: HandshakeAllThreads (Deoptimize) done
Event: 38.602 Executing safepoint VM operation: ParallelGCFailedAllocation (Allocation Failure)
Event: 38.609 Executing safepoint VM operation: ParallelGCFailedAllocation (Allocation Failure) done
Event: 38.750 Executing safepoint VM operation: ParallelGCFailedAllocation (Allocation Failure)

Memory protections (0 events):
No events

Nmethod flushes (20 events):
Event: 18.606 Thread 0x0000023116477c10 flushing  nmethod 0x0000023119c70010
Event: 18.606 Thread 0x0000023116477c10 flushing  nmethod 0x0000023119c71490
Event: 18.606 Thread 0x0000023116477c10 flushing  nmethod 0x0000023119c71d90
Event: 18.606 Thread 0x0000023116477c10 flushing  nmethod 0x0000023119c72f90
Event: 18.606 Thread 0x0000023116477c10 flushing  nmethod 0x0000023119c76c10
Event: 18.606 Thread 0x0000023116477c10 flushing  nmethod 0x0000023119c77390
Event: 18.606 Thread 0x0000023116477c10 flushing  nmethod 0x0000023119c78890
Event: 18.606 Thread 0x0000023116477c10 flushing  nmethod 0x0000023119c78d90
Event: 18.606 Thread 0x0000023116477c10 flushing  nmethod 0x0000023119c79e90
Event: 18.606 Thread 0x0000023116477c10 flushing  nmethod 0x0000023119c7af10
Event: 18.606 Thread 0x0000023116477c10 flushing  nmethod 0x0000023119c7cd10
Event: 18.606 Thread 0x0000023116477c10 flushing  nmethod 0x0000023119c86c10
Event: 18.606 Thread 0x0000023116477c10 flushing  nmethod 0x0000023119ca6b90
Event: 18.606 Thread 0x0000023116477c10 flushing  nmethod 0x0000023119ca8010
Event: 18.606 Thread 0x0000023116477c10 flushing  nmethod 0x0000023119caca90
Event: 18.606 Thread 0x0000023116477c10 flushing  nmethod 0x0000023119cb4e10
Event: 18.606 Thread 0x0000023116477c10 flushing  nmethod 0x0000023119cba490
Event: 18.606 Thread 0x0000023116477c10 flushing  nmethod 0x0000023119cc3a90
Event: 18.606 Thread 0x0000023116477c10 flushing  nmethod 0x0000023119ce5090
Event: 18.606 Thread 0x0000023116477c10 flushing  nmethod 0x0000023119d07490

Events (20 events):
Event: 23.033 Thread 0x00000231752d2640 Thread exited: 0x00000231752d2640
Event: 23.603 Thread 0x000002316f17b4a0 Thread added: 0x0000023178a0a760
Event: 24.727 Thread 0x0000023178a0a760 Thread exited: 0x0000023178a0a760
Event: 24.857 Thread 0x0000023176669030 Thread exited: 0x0000023176669030
Event: 24.945 Thread 0x000002316f17b4a0 Thread added: 0x000002317771edd0
Event: 25.059 Thread 0x000002316f17b4a0 Thread added: 0x0000023177720910
Event: 25.175 Thread 0x000002316f4abcb0 Thread added: 0x0000023178dbf4f0
Event: 27.627 Thread 0x0000023177720910 Thread exited: 0x0000023177720910
Event: 27.850 Thread 0x000002317771edd0 Thread exited: 0x000002317771edd0
Event: 33.145 Thread 0x000002316f17b4a0 Thread added: 0x000002317771edd0
Event: 33.153 Thread 0x000002316f17b4a0 Thread added: 0x0000023177720240
Event: 34.158 Thread 0x0000023177720240 Thread exited: 0x0000023177720240
Event: 34.178 Thread 0x000002317771edd0 Thread exited: 0x000002317771edd0
Event: 34.242 Thread 0x000002316f17b4a0 Thread added: 0x0000023177720910
Event: 34.271 Thread 0x000002316f17b4a0 Thread added: 0x000002317771f4a0
Event: 35.256 Thread 0x000002317771f4a0 Thread exited: 0x000002317771f4a0
Event: 36.574 Thread 0x0000023177720910 Thread exited: 0x0000023177720910
Event: 37.344 Thread 0x0000023178dbf4f0 Thread exited: 0x0000023178dbf4f0
Event: 37.439 Thread 0x000002316f172990 Thread added: 0x0000023177720240
Event: 37.446 Thread 0x000002316f17b4a0 Thread added: 0x0000023177720910


Dynamic libraries:
0x00007ff71acf0000 - 0x00007ff71acfe000 	c:\Users\admin\.vscode\extensions\redhat.java-1.54.0-win32-x64\jre\21.0.10-win32-x86_64\bin\java.exe
0x00007ff9d03e0000 - 0x00007ff9d0647000 	C:\WINDOWS\SYSTEM32\ntdll.dll
0x0000000078c00000 - 0x0000000078c3e000 	C:\WINDOWS\System32\cyinjct.dll
0x00007ff9cfb70000 - 0x00007ff9cfb94000 	C:\WINDOWS\System32\cyvera.dll
0x0000023113dd0000 - 0x0000023113e99000 	C:\WINDOWS\System32\KERNEL32.dll
0x00007ff9cfd00000 - 0x00007ff9d00f4000 	C:\WINDOWS\System32\KERNELBASE.dll
0x00007ff9cfa00000 - 0x00007ff9cfb66000 	C:\WINDOWS\System32\cyvrtrap.dll
0x00007ff99d2e0000 - 0x00007ff99d301000 	C:\Program Files\Avast Software\Avast\aswhook.dll
0x00007ff9cd9b0000 - 0x00007ff9cdafb000 	C:\WINDOWS\System32\ucrtbase.dll
0x00007ff9b38d0000 - 0x00007ff9b38e8000 	c:\Users\admin\.vscode\extensions\redhat.java-1.54.0-win32-x64\jre\21.0.10-win32-x86_64\bin\jli.dll
0x00007ff9d01d0000 - 0x00007ff9d0395000 	C:\WINDOWS\System32\USER32.dll
0x00007ff9cdb00000 - 0x00007ff9cdb27000 	C:\WINDOWS\System32\win32u.dll
0x00007ff9ce220000 - 0x00007ff9ce24b000 	C:\WINDOWS\System32\GDI32.dll
0x00007ff9cd710000 - 0x00007ff9cd83b000 	C:\WINDOWS\System32\gdi32full.dll
0x00007ff9cca70000 - 0x00007ff9ccb13000 	C:\WINDOWS\System32\msvcp_win.dll
0x00007ff9b38b0000 - 0x00007ff9b38ce000 	c:\Users\admin\.vscode\extensions\redhat.java-1.54.0-win32-x64\jre\21.0.10-win32-x86_64\bin\VCRUNTIME140.dll
0x00007ff9aca80000 - 0x00007ff9acd13000 	C:\WINDOWS\WinSxS\amd64_microsoft.windows.common-controls_6595b64144ccf1df_6.0.26100.8115_none_3e075c82e3354f9c\COMCTL32.dll
0x00007ff9cebb0000 - 0x00007ff9cec59000 	C:\WINDOWS\System32\msvcrt.dll
0x00007ff9cf960000 - 0x00007ff9cf992000 	C:\WINDOWS\System32\IMM32.DLL
0x00007ff9c9540000 - 0x00007ff9c954c000 	c:\Users\admin\.vscode\extensions\redhat.java-1.54.0-win32-x64\jre\21.0.10-win32-x86_64\bin\vcruntime140_1.dll
0x00007ff985ba0000 - 0x00007ff985c2d000 	c:\Users\admin\.vscode\extensions\redhat.java-1.54.0-win32-x64\jre\21.0.10-win32-x86_64\bin\msvcp140.dll
0x00007ff8f45a0000 - 0x00007ff8f5341000 	c:\Users\admin\.vscode\extensions\redhat.java-1.54.0-win32-x64\jre\21.0.10-win32-x86_64\bin\server\jvm.dll
0x00007ff9cf7e0000 - 0x00007ff9cf896000 	C:\WINDOWS\System32\ADVAPI32.dll
0x00007ff9ced40000 - 0x00007ff9cede7000 	C:\WINDOWS\System32\sechost.dll
0x00007ff9cfbe0000 - 0x00007ff9cfcf8000 	C:\WINDOWS\System32\RPCRT4.dll
0x00007ff9ceef0000 - 0x00007ff9cef70000 	C:\WINDOWS\System32\WS2_32.dll
0x00007ff9cc8d0000 - 0x00007ff9cc92e000 	C:\WINDOWS\SYSTEM32\POWRPROF.dll
0x00007ff9c9950000 - 0x00007ff9c9986000 	C:\WINDOWS\SYSTEM32\WINMM.dll
0x00007ff9c56d0000 - 0x00007ff9c56db000 	C:\WINDOWS\SYSTEM32\VERSION.dll
0x00007ff9cc8a0000 - 0x00007ff9cc8b4000 	C:\WINDOWS\SYSTEM32\UMPDC.dll
0x00007ff9cb7c0000 - 0x00007ff9cb7db000 	C:\WINDOWS\SYSTEM32\kernel.appcore.dll
0x00007ff9c6e00000 - 0x00007ff9c6e0a000 	c:\Users\admin\.vscode\extensions\redhat.java-1.54.0-win32-x64\jre\21.0.10-win32-x86_64\bin\jimage.dll
0x00007ff9ca840000 - 0x00007ff9caa82000 	C:\WINDOWS\SYSTEM32\DBGHELP.DLL
0x00007ff9cdb30000 - 0x00007ff9cdeb2000 	C:\WINDOWS\System32\combase.dll
0x00007ff9cec60000 - 0x00007ff9ced38000 	C:\WINDOWS\System32\OLEAUT32.dll
0x00007ff9b8b60000 - 0x00007ff9b8b9b000 	C:\WINDOWS\SYSTEM32\dbgcore.DLL
0x00007ff9cd900000 - 0x00007ff9cd9a5000 	C:\WINDOWS\System32\bcryptPrimitives.dll
0x00007ff9bf7a0000 - 0x00007ff9bf7af000 	c:\Users\admin\.vscode\extensions\redhat.java-1.54.0-win32-x64\jre\21.0.10-win32-x86_64\bin\instrument.dll
0x00007ff9af260000 - 0x00007ff9af280000 	c:\Users\admin\.vscode\extensions\redhat.java-1.54.0-win32-x64\jre\21.0.10-win32-x86_64\bin\java.dll
0x00007ff9cf9a0000 - 0x00007ff9cf9fa000 	C:\Program Files\Palo Alto Networks\Traps\cyjagent.dll
0x00007ff9af240000 - 0x00007ff9af258000 	c:\Users\admin\.vscode\extensions\redhat.java-1.54.0-win32-x64\jre\21.0.10-win32-x86_64\bin\zip.dll
0x00007ff9ceff0000 - 0x00007ff9cf757000 	C:\WINDOWS\System32\SHELL32.dll
0x00007ff9ccd30000 - 0x00007ff9cce9a000 	C:\WINDOWS\System32\wintypes.dll
0x00007ff9ccea0000 - 0x00007ff9cd708000 	C:\WINDOWS\System32\windows.storage.dll
0x00007ff9ce700000 - 0x00007ff9ce7f8000 	C:\WINDOWS\System32\SHCORE.dll
0x00007ff9ce800000 - 0x00007ff9ce866000 	C:\WINDOWS\System32\shlwapi.dll
0x00007ff9cc990000 - 0x00007ff9cc9b9000 	C:\WINDOWS\SYSTEM32\profapi.dll
0x00007ff9bfc10000 - 0x00007ff9bfc20000 	C:\Users\admin\.vscode\extensions\redhat.java-1.54.0-win32-x64\jre\21.0.10-win32-x86_64\bin\net.dll
0x00007ff9c65f0000 - 0x00007ff9c671d000 	C:\WINDOWS\SYSTEM32\WINHTTP.dll
0x00007ff9cbd10000 - 0x00007ff9cbd7c000 	C:\WINDOWS\system32\mswsock.dll
0x00007ff98bd10000 - 0x00007ff98bd26000 	C:\Users\admin\.vscode\extensions\redhat.java-1.54.0-win32-x64\jre\21.0.10-win32-x86_64\bin\nio.dll
0x00007ff9b91a0000 - 0x00007ff9b91b0000 	c:\Users\admin\.vscode\extensions\redhat.java-1.54.0-win32-x64\jre\21.0.10-win32-x86_64\bin\verify.dll
0x00007ff9ae7b0000 - 0x00007ff9ae7f5000 	C:\Users\admin\AppData\Roaming\Code\User\globalStorage\redhat.java\1.54.0\config_win\org.eclipse.equinox.launcher\org.eclipse.equinox.launcher.win32.win32.x86_64_1.3.0.v20260203-2149\eclipse_11919.dll
0x00007ff9cdec0000 - 0x00007ff9ce057000 	C:\WINDOWS\System32\ole32.dll
0x00007ff9cc110000 - 0x00007ff9cc12b000 	C:\WINDOWS\SYSTEM32\CRYPTSP.dll
0x00007ff9cb720000 - 0x00007ff9cb759000 	C:\WINDOWS\system32\rsaenh.dll
0x00007ff9cbdc0000 - 0x00007ff9cbdf3000 	C:\WINDOWS\SYSTEM32\USERENV.dll
0x00007ff9cc960000 - 0x00007ff9cc98a000 	C:\WINDOWS\SYSTEM32\bcrypt.dll
0x00007ff9cc0f0000 - 0x00007ff9cc0fc000 	C:\WINDOWS\SYSTEM32\CRYPTBASE.dll
0x00007ff9caf70000 - 0x00007ff9cafa2000 	C:\WINDOWS\SYSTEM32\IPHLPAPI.DLL
0x00007ff9ce6f0000 - 0x00007ff9ce6fa000 	C:\WINDOWS\System32\NSI.dll
0x00007ff9ad6b0000 - 0x00007ff9ad6f9000 	C:\Users\admin\AppData\Local\Temp\jna-92668751\jna8947173703018645406.dll
0x00007ff9cefd0000 - 0x00007ff9cefd8000 	C:\WINDOWS\System32\PSAPI.DLL
0x00007ff9c6910000 - 0x00007ff9c692d000 	C:\WINDOWS\SYSTEM32\dhcpcsvc6.DLL
0x00007ff9c68e0000 - 0x00007ff9c6905000 	C:\WINDOWS\SYSTEM32\dhcpcsvc.DLL

JVMTI agents:
c:\Users\admin\.vscode\extensions\redhat.java-1.54.0-win32-x64\lombok\lombok-1.18.39-4050.jar path:c:\Users\admin\.vscode\extensions\redhat.java-1.54.0-win32-x64\jre\21.0.10-win32-x86_64\bin\instrument.dll, loaded, initialized, instrumentlib options:none
C:\Program Files\Palo Alto Networks\Traps\cyjagent.dll path:C:\Program Files\Palo Alto Networks\Traps\cyjagent.dll, loaded, initialized, options:none

dbghelp: loaded successfully - version: 4.0.5 - missing functions: none
symbol engine: initialized successfully - sym options: 0x614 - pdb path: .;c:\Users\admin\.vscode\extensions\redhat.java-1.54.0-win32-x64\jre\21.0.10-win32-x86_64\bin;C:\WINDOWS\SYSTEM32;C:\Program Files\Avast Software\Avast;C:\WINDOWS\WinSxS\amd64_microsoft.windows.common-controls_6595b64144ccf1df_6.0.26100.8115_none_3e075c82e3354f9c;c:\Users\admin\.vscode\extensions\redhat.java-1.54.0-win32-x64\jre\21.0.10-win32-x86_64\bin\server;C:\Program Files\Palo Alto Networks\Traps;C:\Users\admin\AppData\Roaming\Code\User\globalStorage\redhat.java\1.54.0\config_win\org.eclipse.equinox.launcher\org.eclipse.equinox.launcher.win32.win32.x86_64_1.3.0.v20260203-2149;C:\Users\admin\AppData\Local\Temp\jna-92668751

VM Arguments:
jvm_args: --add-modules=ALL-SYSTEM --add-opens=java.base/java.util=ALL-UNNAMED --add-opens=java.base/java.lang=ALL-UNNAMED --add-opens=java.base/sun.nio.fs=ALL-UNNAMED -Declipse.application=org.eclipse.jdt.ls.core.id1 -Dosgi.bundles.defaultStartLevel=4 -Declipse.product=org.eclipse.jdt.ls.core.product -Djava.import.generatesMetadataFilesAtProjectRoot=false -DDetectVMInstallationsJob.disabled=true -Dfile.encoding=utf8 -XX:+UseParallelGC -XX:GCTimeRatio=4 -XX:AdaptiveSizePolicyWeight=90 -Dsun.zip.disableMemoryMapping=true -Xmx2G -Xms100m -Xlog:disable -javaagent:c:\Users\admin\.vscode\extensions\redhat.java-1.54.0-win32-x64\lombok\lombok-1.18.39-4050.jar -XX:+HeapDumpOnOutOfMemoryError -XX:HeapDumpPath=c:\Users\admin\AppData\Roaming\Code\User\workspaceStorage\1c6c7382f2917cdd6518ce0c012ef50e\redhat.java -Daether.dependencyCollector.impl=bf -agentpath:C:\Program Files\Palo Alto Networks\Traps\cyjagent.dll 
java_command: c:\Users\admin\.vscode\extensions\redhat.java-1.54.0-win32-x64\server\plugins\org.eclipse.equinox.launcher_1.7.100.v20251111-0406.jar -configuration c:\Users\admin\AppData\Roaming\Code\User\globalStorage\redhat.java\1.54.0\config_win -data c:\Users\admin\AppData\Roaming\Code\User\workspaceStorage\1c6c7382f2917cdd6518ce0c012ef50e\redhat.java\jdt_ws --pipe=\\.\pipe\lsp-5e686fdeda44b4dfaab0c39e044e1657-sock
java_class_path (initial): c:\Users\admin\.vscode\extensions\redhat.java-1.54.0-win32-x64\server\plugins\org.eclipse.equinox.launcher_1.7.100.v20251111-0406.jar
Launcher Type: SUN_STANDARD

[Global flags]
    uintx AdaptiveSizePolicyWeight                 = 90                                        {product} {command line}
     intx CICompilerCount                          = 4                                         {product} {ergonomic}
    uintx GCTimeRatio                              = 4                                         {product} {command line}
     bool HeapDumpOnOutOfMemoryError               = true                                   {manageable} {command line}
    ccstr HeapDumpPath                             = c:\Users\admin\AppData\Roaming\Code\User\workspaceStorage\1c6c7382f2917cdd6518ce0c012ef50e\redhat.java         {manageable} {command line}
   size_t InitialHeapSize                          = 104857600                                 {product} {command line}
   size_t MaxHeapSize                              = 2147483648                                {product} {command line}
   size_t MaxNewSize                               = 715653120                                 {product} {ergonomic}
   size_t MinHeapDeltaBytes                        = 524288                                    {product} {ergonomic}
   size_t MinHeapSize                              = 104857600                                 {product} {command line}
   size_t NewSize                                  = 34603008                                  {product} {ergonomic}
    uintx NonNMethodCodeHeapSize                   = 5839372                                {pd product} {ergonomic}
    uintx NonProfiledCodeHeapSize                  = 122909434                              {pd product} {ergonomic}
   size_t OldSize                                  = 70254592                                  {product} {ergonomic}
    uintx ProfiledCodeHeapSize                     = 122909434                              {pd product} {ergonomic}
    uintx ReservedCodeCacheSize                    = 251658240                              {pd product} {ergonomic}
     bool SegmentedCodeCache                       = true                                      {product} {ergonomic}
   size_t SoftMaxHeapSize                          = 2147483648                             {manageable} {ergonomic}
     bool UseCompressedOops                        = true                           {product lp64_product} {ergonomic}
     bool UseLargePagesIndividualAllocation        = false                                  {pd product} {ergonomic}
     bool UseParallelGC                            = true                                      {product} {command line}

Logging:
Log output configuration:
 #0: stdout all=off uptime,level,tags foldmultilines=false
 #1: stderr all=off uptime,level,tags foldmultilines=false

Release file:
JAVA_VERSION="21.0.10" 
MODULES="java.base java.compiler java.datatransfer java.xml java.prefs java.desktop java.instrument java.logging java.management java.security.sasl java.naming java.rmi java.management.rmi java.net.http java.scripting java.security.jgss java.transaction.xa java.sql java.sql.rowset java.xml.crypto java.se java.smartcardio jdk.accessibility jdk.internal.jvmstat jdk.attach jdk.charsets jdk.internal.opt jdk.zipfs jdk.compiler jdk.crypto.ec jdk.crypto.cryptoki jdk.crypto.mscapi jdk.dynalink jdk.internal.ed jdk.editpad jdk.hotspot.agent jdk.httpserver jdk.internal.le jdk.internal.vm.ci jdk.internal.vm.compiler jdk.internal.vm.compiler.management jdk.jartool jdk.javadoc jdk.jcmd jdk.management jdk.management.agent jdk.jconsole jdk.jdeps jdk.jdwp.agent jdk.jdi jdk.jfr jdk.jshell jdk.jsobject jdk.jstatd jdk.localedata jdk.management.jfr jdk.naming.dns jdk.naming.rmi jdk.net jdk.nio.mapmode jdk.random jdk.sctp jdk.security.auth jdk.security.jgss jdk.unsupported jdk.unsupported.desktop jdk.xml.dom" 

Environment Variables:
JAVA_HOME=C:\Program Files\Java\jdk-17
PATH=C:\Program Files (x86)\VMware\VMware Workstation\bin\;C:\oraclexe\app\oracle\product\11.2.0\server\bin;C:\Program Files (x86)\Common Files\Oracle\Java\javapath;C:\WINDOWS\system32;C:\WINDOWS;C:\WINDOWS\System32\Wbem;C:\WINDOWS\System32\WindowsPowerShell\v1.0\;C:\WINDOWS\System32\OpenSSH\;C:\Program Files\Java\jdk-17\bin;C:\Program Files\Git\cmd;C:\xampp\php;C:\composer;C:\apache-maven-3.9.7\bin;C:\Users\admin\Downloads\cmder;C:\Program Files\nodejs\;C:\Program Files\MongoDB\Server\8.0\bin;C:\Program Files\Symfony;C:\Program Files\MongoDB;C:\Users\admin\Desktop\mongosh-2.5.10-win32-x64\bin;C:\Program Files\Docker\Docker\resources\bin;C:\Users\admin\scoop\shims;C:\Users\admin\AppData\Local\Microsoft\WindowsApps;C:\Users\admin\AppData\Local\Programs\Microsoft VS Code\bin;C:\Users\admin\AppData\Roaming\Composer\vendor\bin;C:\Users\admin\AppData\Local\Programs\cursor\resources\app\bin;C:\Users\admin\AppData\Roaming\npm;C:\Users\admin\AppData\Local\Programs\Windsurf\bin;C:\Users\admin\Desktop\mongosh-2.5.10-win32-x64;C:\Program Files\MySQL\MySQL Server 8.4\bin;C:\Users\admin\scoop\shims;C:\Users\admin\AppData\Local\Microsoft\WindowsApps;C:\Users\admin\AppData\Local\Programs\Microsoft VS Code\bin;C:\xampp\php;C:\Users\admin\AppData\Roaming\Composer\vendor\bin;C:\Users\admin\AppData\Local\Programs\cursor\resources\app\bin;C:\Users\admin\Downloads\cmder;C:\Users\admin\AppData\Roaming\npm;C:\Program Files\MongoDB\Server\8.0\bin;C:\Program Files\Symfony;C:\Users\admin\AppData\Local\Programs\Windsurf\bin;C:\Users\admin\Desktop\mongosh-2.5.10-win32-x64;C:\Program Files\Java\jdk-17\bin;
USERNAME=admin
OS=Windows_NT
PROCESSOR_IDENTIFIER=Intel64 Family 6 Model 186 Stepping 3, GenuineIntel
TMP=C:\Users\admin\AppData\Local\Temp
TEMP=C:\Users\admin\AppData\Local\Temp




Periodic native trim disabled

---------------  S Y S T E M  ---------------

OS:
 Windows 11 , 64 bit Build 26100 (10.0.26100.8246)
OS uptime: 23 days 11:13 hours
Hyper-V role detected

CPU: total 12 (initial active 12) (6 cores per cpu, 2 threads per core) family 6 model 186 stepping 3 microcode 0x4128, cx8, cmov, fxsr, ht, mmx, 3dnowpref, sse, sse2, sse3, ssse3, sse4.1, sse4.2, popcnt, lzcnt, tsc, tscinvbit, avx, avx2, aes, erms, clmul, bmi1, bmi2, adx, sha, fma, vzeroupper, clflush, clflushopt, clwb, hv, serialize, rdtscp, rdpid, fsrm, f16c, cet_ibt, cet_ss
Processor Information for processor 0
  Max Mhz: 1300, Current Mhz: 893, Mhz Limit: 884
Processor Information for processor 1
  Max Mhz: 1300, Current Mhz: 893, Mhz Limit: 884
Processor Information for processor 2
  Max Mhz: 1300, Current Mhz: 893, Mhz Limit: 884
Processor Information for processor 3
  Max Mhz: 1300, Current Mhz: 893, Mhz Limit: 884
Processor Information for processor 4
  Max Mhz: 1300, Current Mhz: 866, Mhz Limit: 858
Processor Information for processor 5
  Max Mhz: 1300, Current Mhz: 866, Mhz Limit: 858
Processor Information for processor 6
  Max Mhz: 1300, Current Mhz: 866, Mhz Limit: 858
Processor Information for processor 7
  Max Mhz: 1300, Current Mhz: 866, Mhz Limit: 858
Processor Information for processor 8
  Max Mhz: 1300, Current Mhz: 866, Mhz Limit: 858
Processor Information for processor 9
  Max Mhz: 1300, Current Mhz: 866, Mhz Limit: 858
Processor Information for processor 10
  Max Mhz: 1300, Current Mhz: 866, Mhz Limit: 858
Processor Information for processor 11
  Max Mhz: 1300, Current Mhz: 866, Mhz Limit: 858

Memory: 4k page, system-wide physical 16064M (880M free)
TotalPageFile size 65216M (AvailPageFile size 13M)
current process WorkingSet (physical memory assigned to process): 240M, peak: 253M
current process commit charge ("private bytes"): 347M, peak: 376M

vm_info: OpenJDK 64-Bit Server VM (21.0.10+7-LTS) for windows-amd64 JRE (21.0.10+7-LTS), built on 2026-01-20T00:00:00Z by "admin" with MS VC++ 17.12 (VS2022)

END.
