#
# There is insufficient memory for the Java Runtime Environment to continue.
# Native memory allocation (malloc) failed to allocate 1064464 bytes. Error detail: Chunk::new
# Possible reasons:
#   The system is out of physical RAM or swap space
#   This process is running with CompressedOops enabled, and the Java Heap may be blocking the growth of the native heap
# Possible solutions:
#   Reduce memory load on the system
#   Increase physical memory or swap space
#   Check if swap backing store is full
#   Decrease Java heap size (-Xmx/-Xms)
#   Decrease number of Java threads
#   Decrease Java thread stack sizes (-Xss)
#   Set larger code cache with -XX:ReservedCodeCacheSize=
#   JVM is running with Unscaled Compressed Oops mode in which the Java heap is
#     placed in the first 4GB address space. The Java Heap base address is the
#     maximum limit for the native heap growth. Please use -XX:HeapBaseMinAddress
#     to set the Java Heap base and to place the Java Heap above 4GB virtual address.
# This output file may be truncated or incomplete.
#
#  Out of Memory Error (arena.cpp:168), pid=34520, tid=39984
#
# JRE version: OpenJDK Runtime Environment Temurin-21.0.10+7 (21.0.10+7) (build 21.0.10+7-LTS)
# Java VM: OpenJDK 64-Bit Server VM Temurin-21.0.10+7 (21.0.10+7-LTS, mixed mode, sharing, tiered, compressed oops, compressed class ptrs, parallel gc, windows-amd64)
# No core dump will be written. Minidumps are not enabled by default on client versions of Windows
#

---------------  S U M M A R Y ------------

Command Line: --add-modules=ALL-SYSTEM --add-opens=java.base/java.util=ALL-UNNAMED --add-opens=java.base/java.lang=ALL-UNNAMED --add-opens=java.base/sun.nio.fs=ALL-UNNAMED -Declipse.application=org.eclipse.jdt.ls.core.id1 -Dosgi.bundles.defaultStartLevel=4 -Declipse.product=org.eclipse.jdt.ls.core.product -Djava.import.generatesMetadataFilesAtProjectRoot=false -DDetectVMInstallationsJob.disabled=true -Dfile.encoding=utf8 -XX:+UseParallelGC -XX:GCTimeRatio=4 -XX:AdaptiveSizePolicyWeight=90 -Dsun.zip.disableMemoryMapping=true -Xmx2G -Xms100m -Xlog:disable -javaagent:c:\Users\admin\.vscode\extensions\redhat.java-1.54.0-win32-x64\lombok\lombok-1.18.39-4050.jar -XX:+HeapDumpOnOutOfMemoryError -XX:HeapDumpPath=c:\Users\admin\AppData\Roaming\Code\User\workspaceStorage\1c6c7382f2917cdd6518ce0c012ef50e\redhat.java -Daether.dependencyCollector.impl=bf -agentpath:C:\Program Files\Palo Alto Networks\Traps\cyjagent.dll c:\Users\admin\.vscode\extensions\redhat.java-1.54.0-win32-x64\server\plugins\org.eclipse.equinox.launcher_1.7.100.v20251111-0406.jar -configuration c:\Users\admin\AppData\Roaming\Code\User\globalStorage\redhat.java\1.54.0\config_win -data c:\Users\admin\AppData\Roaming\Code\User\workspaceStorage\1c6c7382f2917cdd6518ce0c012ef50e\redhat.java\jdt_ws --pipe=\\.\pipe\lsp-2caf04b766a288a8d1ab5662e043632a-sock

Host: 13th Gen Intel(R) Core(TM) i5-1335U, 12 cores, 15G,  Windows 11 , 64 bit Build 26100 (10.0.26100.8246)
Time: Thu May 14 00:31:36 2026 Afr. centrale Ouest elapsed time: 15.331129 seconds (0d 0h 0m 15s)

---------------  T H R E A D  ---------------

Current thread (0x00000273eb4f09c0):  JavaThread "C2 CompilerThread2" daemon [_thread_in_native, id=39984, stack(0x000000c2a6c00000,0x000000c2a6d00000) (1024K)]


Current CompileTask:
C2:15331 5230   !   4       org.eclipse.osgi.internal.loader.classpath.ClasspathManager::findLocalClass (210 bytes)

Stack: [0x000000c2a6c00000,0x000000c2a6d00000]
Native frames: (J=compiled Java code, j=interpreted, Vv=VM code, C=native code)
V  [jvm.dll+0x6d7a39]
V  [jvm.dll+0x8b4b26]
V  [jvm.dll+0x8b70de]
V  [jvm.dll+0x8b77c3]
V  [jvm.dll+0x284346]
V  [jvm.dll+0xc66ed]
V  [jvm.dll+0xc6c31]
V  [jvm.dll+0x3bec3b]
V  [jvm.dll+0x38b162]
V  [jvm.dll+0x38a5aa]
V  [jvm.dll+0x24c560]
V  [jvm.dll+0x24bb40]
V  [jvm.dll+0x1cb34e]
V  [jvm.dll+0x25b85d]
V  [jvm.dll+0x259dea]
V  [jvm.dll+0x3f857e]
V  [jvm.dll+0x85f59d]
V  [jvm.dll+0x6d626d]
C  [ucrtbase.dll+0x37b0]
C  [cyinjct.dll+0x11e7]
C  [KERNEL32.dll+0x2e8d7]
C  [ntdll.dll+0x8c3fc]


---------------  P R O C E S S  ---------------

Threads class SMR info:
_java_thread_list=0x00000273edd59820, length=52, elements={
0x000002738c822150, 0x00000273a32997e0, 0x00000273e55a3e00, 0x00000273e55adde0,
0x00000273e55ae650, 0x00000273e55b1ee0, 0x00000273e55b5670, 0x00000273e55bb290,
0x00000273e55c06a0, 0x00000273e5806430, 0x00000273e6752100, 0x00000273eb239fe0,
0x00000273eb22f200, 0x00000273eb218490, 0x00000273eb21a8f0, 0x00000273eb525370,
0x00000273ebbcf9b0, 0x00000273e6ba2e20, 0x000002738a10da10, 0x000002738a10f450,
0x000002738a10fae0, 0x000002738a110170, 0x00000273eb4f1e30, 0x00000273eb4f09c0,
0x00000273eddd6120, 0x00000273eddd5a90, 0x00000273eddd39c0, 0x00000273eddd67b0,
0x00000273eddd4050, 0x00000273eddd3330, 0x00000273eddd7b60, 0x00000273eddd4d70,
0x00000273eddd6e40, 0x00000273eddd74d0, 0x00000273eddd46e0, 0x00000273eddd8880,
0x00000273eddd81f0, 0x00000273eddd5400, 0x00000273eddd8f10, 0x00000273eddda950,
0x00000273eddd95a0, 0x00000273eddd9c30, 0x00000273eddda2c0, 0x00000273edae5d20,
0x00000273edae5690, 0x00000273edae7760, 0x00000273edae8480, 0x00000273edae91a0,
0x00000273edae70d0, 0x00000273edae9830, 0x00000273edae7df0, 0x00000273edae63b0
}

Java Threads: ( => current thread )
  0x000002738c822150 JavaThread "main"                              [_thread_blocked, id=45296, stack(0x000000c2a4800000,0x000000c2a4900000) (1024K)]
  0x00000273a32997e0 JavaThread "Reference Handler"          daemon [_thread_blocked, id=41660, stack(0x000000c2a4d00000,0x000000c2a4e00000) (1024K)]
  0x00000273e55a3e00 JavaThread "Finalizer"                  daemon [_thread_blocked, id=24252, stack(0x000000c2a4e00000,0x000000c2a4f00000) (1024K)]
  0x00000273e55adde0 JavaThread "Signal Dispatcher"          daemon [_thread_blocked, id=33604, stack(0x000000c2a4f00000,0x000000c2a5000000) (1024K)]
  0x00000273e55ae650 JavaThread "Attach Listener"            daemon [_thread_blocked, id=37604, stack(0x000000c2a5000000,0x000000c2a5100000) (1024K)]
  0x00000273e55b1ee0 JavaThread "Service Thread"             daemon [_thread_blocked, id=37224, stack(0x000000c2a5100000,0x000000c2a5200000) (1024K)]
  0x00000273e55b5670 JavaThread "Monitor Deflation Thread"   daemon [_thread_blocked, id=38260, stack(0x000000c2a5200000,0x000000c2a5300000) (1024K)]
  0x00000273e55bb290 JavaThread "C2 CompilerThread0"         daemon [_thread_blocked, id=45848, stack(0x000000c2a5300000,0x000000c2a5400000) (1024K)]
  0x00000273e55c06a0 JavaThread "C1 CompilerThread0"         daemon [_thread_blocked, id=13136, stack(0x000000c2a5400000,0x000000c2a5500000) (1024K)]
  0x00000273e5806430 JavaThread "Common-Cleaner"             daemon [_thread_blocked, id=46580, stack(0x000000c2a5600000,0x000000c2a5700000) (1024K)]
  0x00000273e6752100 JavaThread "Notification Thread"        daemon [_thread_blocked, id=29136, stack(0x000000c2a5700000,0x000000c2a5800000) (1024K)]
  0x00000273eb239fe0 JavaThread "Active Thread: Equinox Container: 4483ce6e-d76a-44e5-893b-483a1bc4f22e"        [_thread_blocked, id=39760, stack(0x000000c2a5800000,0x000000c2a5900000) (1024K)]
  0x00000273eb22f200 JavaThread "Refresh Thread: Equinox Container: 4483ce6e-d76a-44e5-893b-483a1bc4f22e" daemon [_thread_blocked, id=5484, stack(0x000000c2a5500000,0x000000c2a5600000) (1024K)]
  0x00000273eb218490 JavaThread "Framework Event Dispatcher: Equinox Container: 4483ce6e-d76a-44e5-893b-483a1bc4f22e" daemon [_thread_blocked, id=41088, stack(0x000000c2a6000000,0x000000c2a6100000) (1024K)]
  0x00000273eb21a8f0 JavaThread "Start Level: Equinox Container: 4483ce6e-d76a-44e5-893b-483a1bc4f22e" daemon [_thread_blocked, id=49004, stack(0x000000c2a6100000,0x000000c2a6200000) (1024K)]
  0x00000273eb525370 JavaThread "Bundle File Closer"         daemon [_thread_blocked, id=22848, stack(0x000000c2a6600000,0x000000c2a6700000) (1024K)]
  0x00000273ebbcf9b0 JavaThread "SCR Component Actor"        daemon [_thread_blocked, id=36724, stack(0x000000c2a6200000,0x000000c2a6300000) (1024K)]
  0x00000273e6ba2e20 JavaThread "Worker-JM"                         [_thread_blocked, id=36884, stack(0x000000c2a6800000,0x000000c2a6900000) (1024K)]
  0x000002738a10da10 JavaThread "JNA Cleaner"                daemon [_thread_blocked, id=46800, stack(0x000000c2a6700000,0x000000c2a6800000) (1024K)]
  0x000002738a10f450 JavaThread "Worker-0: Initialize After Load"        [_thread_blocked, id=13696, stack(0x000000c2a6900000,0x000000c2a6a00000) (1024K)]
  0x000002738a10fae0 JavaThread "Worker-1: Repository registry initialization"        [_thread_blocked, id=47076, stack(0x000000c2a6a00000,0x000000c2a6b00000) (1024K)]
  0x000002738a110170 JavaThread "Worker-2"                          [_thread_blocked, id=47272, stack(0x000000c2a6b00000,0x000000c2a6c00000) (1024K)]
  0x00000273eb4f1e30 JavaThread "C2 CompilerThread1"         daemon [_thread_blocked, id=6392, stack(0x000000c2a6300000,0x000000c2a6400000) (1024K)]
=>0x00000273eb4f09c0 JavaThread "C2 CompilerThread2"         daemon [_thread_in_native, id=39984, stack(0x000000c2a6c00000,0x000000c2a6d00000) (1024K)]
  0x00000273eddd6120 JavaThread "Java indexing"              daemon [_thread_blocked, id=3844, stack(0x000000c2a6d00000,0x000000c2a6e00000) (1024K)]
  0x00000273eddd5a90 JavaThread "Worker-3"                          [_thread_blocked, id=24428, stack(0x000000c2a7100000,0x000000c2a7200000) (1024K)]
  0x00000273eddd39c0 JavaThread "Worker-4"                          [_thread_blocked, id=10488, stack(0x000000c2a7200000,0x000000c2a7300000) (1024K)]
  0x00000273eddd67b0 JavaThread "Thread-1"                   daemon [_thread_in_native, id=6028, stack(0x000000c2a7300000,0x000000c2a7400000) (1024K)]
  0x00000273eddd4050 JavaThread "Thread-2"                   daemon [_thread_in_native, id=6052, stack(0x000000c2a7400000,0x000000c2a7500000) (1024K)]
  0x00000273eddd3330 JavaThread "Thread-3"                   daemon [_thread_in_native, id=7324, stack(0x000000c2a7500000,0x000000c2a7600000) (1024K)]
  0x00000273eddd7b60 JavaThread "Thread-4"                   daemon [_thread_in_native, id=27580, stack(0x000000c2a7600000,0x000000c2a7700000) (1024K)]
  0x00000273eddd4d70 JavaThread "Thread-5"                   daemon [_thread_in_native, id=14104, stack(0x000000c2a7700000,0x000000c2a7800000) (1024K)]
  0x00000273eddd6e40 JavaThread "Thread-6"                   daemon [_thread_in_native, id=21096, stack(0x000000c2a7800000,0x000000c2a7900000) (1024K)]
  0x00000273eddd74d0 JavaThread "Thread-7"                   daemon [_thread_in_native, id=28776, stack(0x000000c2a7900000,0x000000c2a7a00000) (1024K)]
  0x00000273eddd46e0 JavaThread "Thread-8"                   daemon [_thread_in_native, id=11268, stack(0x000000c2a7a00000,0x000000c2a7b00000) (1024K)]
  0x00000273eddd8880 JavaThread "Thread-9"                   daemon [_thread_in_native, id=42780, stack(0x000000c2a7b00000,0x000000c2a7c00000) (1024K)]
  0x00000273eddd81f0 JavaThread "Thread-10"                  daemon [_thread_in_native, id=14356, stack(0x000000c2a7c00000,0x000000c2a7d00000) (1024K)]
  0x00000273eddd5400 JavaThread "Thread-11"                  daemon [_thread_in_native, id=42812, stack(0x000000c2a7d00000,0x000000c2a7e00000) (1024K)]
  0x00000273eddd8f10 JavaThread "Thread-12"                  daemon [_thread_in_native, id=37500, stack(0x000000c2a7e00000,0x000000c2a7f00000) (1024K)]
  0x00000273eddda950 JavaThread "Thread-13"                  daemon [_thread_in_native, id=45980, stack(0x000000c2a7f00000,0x000000c2a8000000) (1024K)]
  0x00000273eddd95a0 JavaThread "pool-2-thread-1"                   [_thread_blocked, id=31232, stack(0x000000c2a8000000,0x000000c2a8100000) (1024K)]
  0x00000273eddd9c30 JavaThread "WorkspaceEventsHandler"            [_thread_blocked, id=29532, stack(0x000000c2a8100000,0x000000c2a8200000) (1024K)]
  0x00000273eddda2c0 JavaThread "pool-1-thread-1"                   [_thread_blocked, id=44396, stack(0x000000c2a8200000,0x000000c2a8300000) (1024K)]
  0x00000273edae5d20 JavaThread "ForkJoinPool.commonPool-worker-1" daemon [_thread_blocked, id=48304, stack(0x000000c2a8300000,0x000000c2a8400000) (1024K)]
  0x00000273edae5690 JavaThread "ForkJoinPool.commonPool-worker-2" daemon [_thread_blocked, id=17764, stack(0x000000c2a8400000,0x000000c2a8500000) (1024K)]
  0x00000273edae7760 JavaThread "ForkJoinPool.commonPool-worker-3" daemon [_thread_blocked, id=24728, stack(0x000000c2a8500000,0x000000c2a8600000) (1024K)]
  0x00000273edae8480 JavaThread "ForkJoinPool.commonPool-worker-4" daemon [_thread_blocked, id=16916, stack(0x000000c2a8600000,0x000000c2a8700000) (1024K)]
  0x00000273edae91a0 JavaThread "ForkJoinPool.commonPool-worker-5" daemon [_thread_blocked, id=8956, stack(0x000000c2a8700000,0x000000c2a8800000) (1024K)]
  0x00000273edae70d0 JavaThread "ForkJoinPool.commonPool-worker-6" daemon [_thread_blocked, id=17800, stack(0x000000c2a8800000,0x000000c2a8900000) (1024K)]
  0x00000273edae9830 JavaThread "ForkJoinPool.commonPool-worker-7" daemon [_thread_blocked, id=37908, stack(0x000000c2a8900000,0x000000c2a8a00000) (1024K)]
  0x00000273edae7df0 JavaThread "ForkJoinPool.commonPool-worker-8" daemon [_thread_blocked, id=7544, stack(0x000000c2a8a00000,0x000000c2a8b00000) (1024K)]
  0x00000273edae63b0 JavaThread "ForkJoinPool.commonPool-worker-9" daemon [_thread_blocked, id=19964, stack(0x000000c2a8b00000,0x000000c2a8c00000) (1024K)]
Total: 52

Other Threads:
  0x00000273e5592710 VMThread "VM Thread"                           [id=46928, stack(0x000000c2a4c00000,0x000000c2a4d00000) (1024K)]
  0x00000273a317cb20 WatcherThread "VM Periodic Task Thread"        [id=42840, stack(0x000000c2a4b00000,0x000000c2a4c00000) (1024K)]
  0x000002738c841fc0 WorkerThread "GC Thread#0"                     [id=27888, stack(0x000000c2a4a00000,0x000000c2a4b00000) (1024K)]
  0x00000273e6ad23b0 WorkerThread "GC Thread#1"                     [id=13224, stack(0x000000c2a5900000,0x000000c2a5a00000) (1024K)]
  0x00000273e6ad2760 WorkerThread "GC Thread#2"                     [id=46228, stack(0x000000c2a5a00000,0x000000c2a5b00000) (1024K)]
  0x00000273e6ad2b10 WorkerThread "GC Thread#3"                     [id=38224, stack(0x000000c2a5b00000,0x000000c2a5c00000) (1024K)]
  0x00000273e6f06750 WorkerThread "GC Thread#4"                     [id=16032, stack(0x000000c2a5c00000,0x000000c2a5d00000) (1024K)]
  0x00000273e6ad2ec0 WorkerThread "GC Thread#5"                     [id=33432, stack(0x000000c2a5d00000,0x000000c2a5e00000) (1024K)]
  0x00000273e6ad3270 WorkerThread "GC Thread#6"                     [id=22104, stack(0x000000c2a5e00000,0x000000c2a5f00000) (1024K)]
  0x00000273eb13c160 WorkerThread "GC Thread#7"                     [id=28940, stack(0x000000c2a5f00000,0x000000c2a6000000) (1024K)]
  0x00000273eb401280 WorkerThread "GC Thread#8"                     [id=33732, stack(0x000000c2a6400000,0x000000c2a6500000) (1024K)]
  0x00000273eb401630 WorkerThread "GC Thread#9"                     [id=46388, stack(0x000000c2a6500000,0x000000c2a6600000) (1024K)]
Total: 12

Threads with active compile tasks:
C2 CompilerThread0  15550 5418       4       java.lang.String::concat (15 bytes)
C1 CompilerThread0  15550 5422       3       org.eclipse.jdt.internal.core.index.DiskIndex::readStreamBuffer (76 bytes)
C2 CompilerThread1  15550 5414       4       org.eclipse.jdt.internal.core.index.DiskIndex::readStreamChars (529 bytes)
C2 CompilerThread2  15551 5230   !   4       org.eclipse.osgi.internal.loader.classpath.ClasspathManager::findLocalClass (210 bytes)
Total: 4

VM state: at safepoint (normal execution)

VM Mutex/Monitor currently owned by a thread:  ([mutex/lock_event])
[0x00007ff8f525e560] Threads_lock - owner thread: 0x00000273e5592710
[0x00007ff8f525e660] Heap_lock - owner thread: 0x00000273edae8480

Heap address: 0x0000000080000000, size: 2048 MB, Compressed Oops mode: 32-bit

CDS archive(s) mapped at: [0x00000273a4000000-0x00000273a4ba0000-0x00000273a4ba0000), size 12189696, SharedBaseAddress: 0x00000273a4000000, ArchiveRelocationMode: 1.
Compressed class space mapped at: 0x00000273a5000000-0x00000273e5000000, reserved size: 1073741824
Narrow klass base: 0x00000273a4000000, Narrow klass shift: 0, Narrow klass range: 0x100000000

GC Precious Log:
 CardTable entry size: 512
 CPUs: 12 total, 12 available
 Memory: 16064M
 Large Page Support: Disabled
 NUMA Support: Disabled
 Compressed Oops: Enabled (32-bit)
 Alignments: Space 512K, Generation 512K, Heap 2M
 Heap Min Capacity: 100M
 Heap Initial Capacity: 100M
 Heap Max Capacity: 2G
 Pre-touch: Disabled
 Parallel Workers: 10

Heap:
 PSYoungGen      total 23552K, used 1536K [0x00000000d5580000, 0x00000000d6f00000, 0x0000000100000000)
  eden space 22016K, 0% used [0x00000000d5580000,0x00000000d5580000,0x00000000d6b00000)
  from space 1536K, 100% used [0x00000000d6c00000,0x00000000d6d80000,0x00000000d6d80000)
  to   space 1536K, 0% used [0x00000000d6d80000,0x00000000d6d80000,0x00000000d6f00000)
 ParOldGen       total 68608K, used 27805K [0x0000000080000000, 0x0000000084300000, 0x00000000d5580000)
  object space 68608K, 40% used [0x0000000080000000,0x0000000081b27698,0x0000000084300000)
 Metaspace       used 40658K, committed 41856K, reserved 1114112K
  class space    used 4302K, committed 4800K, reserved 1048576K

Card table byte_map: [0x000002738c2c0000,0x000002738c6d0000] _byte_map_base: 0x000002738bec0000

Marking Bits: (ParMarkBitMap*) 0x00007ff8f5263450
 Begin Bits: [0x000002739eca0000, 0x00000273a0ca0000)
 End Bits:   [0x00000273a0ca0000, 0x00000273a2ca0000)

Polling page: 0x000002738a400000

Metaspace:

Usage:
  Non-class:     35.50 MB used.
      Class:      4.20 MB used.
       Both:     39.71 MB used.

Virtual space:
  Non-class space:       64.00 MB reserved,      36.19 MB ( 57%) committed,  1 nodes.
      Class space:        1.00 GB reserved,       4.69 MB ( <1%) committed,  1 nodes.
             Both:        1.06 GB reserved,      40.88 MB (  4%) committed. 

Chunk freelists:
   Non-Class:  11.22 MB
       Class:  11.19 MB
        Both:  22.41 MB

MaxMetaspaceSize: unlimited
CompressedClassSpaceSize: 1.00 GB
Initial GC threshold: 21.00 MB
Current GC threshold: 58.38 MB
CDS: on
 - commit_granule_bytes: 65536.
 - commit_granule_words: 8192.
 - virtual_space_node_default_size: 8388608.
 - enlarge_chunks_in_place: 1.
 - use_allocation_guard: 0.


Internal statistics:

num_allocs_failed_limit: 8.
num_arena_births: 914.
num_arena_deaths: 14.
num_vsnodes_births: 2.
num_vsnodes_deaths: 0.
num_space_committed: 654.
num_space_uncommitted: 0.
num_chunks_returned_to_freelist: 22.
num_chunks_taken_from_freelist: 2783.
num_chunk_merges: 10.
num_chunk_splits: 1665.
num_chunks_enlarged: 874.
num_inconsistent_stats: 0.

CodeHeap 'non-profiled nmethods': size=120000Kb used=2358Kb max_used=2358Kb free=117641Kb
 bounds [0x00000273974c0000, 0x0000027397730000, 0x000002739e9f0000]
CodeHeap 'profiled nmethods': size=120000Kb used=9576Kb max_used=10174Kb free=110424Kb
 bounds [0x000002738f9f0000, 0x00000273903e0000, 0x0000027396f20000]
CodeHeap 'non-nmethods': size=5760Kb used=1362Kb max_used=1434Kb free=4397Kb
 bounds [0x0000027396f20000, 0x0000027397190000, 0x00000273974c0000]
CodeCache: size=245760Kb, used=13296Kb, max_used=13966Kb, free=232462Kb
 total_blobs=5439, nmethods=4780, adapters=565, full_count=0
Compilation: enabled, stopped_count=0, restarted_count=0

Compilation events (20 events):
Event: 14.285 Thread 0x00000273e55c06a0 nmethod 5412 0x000002738fe78290 code [0x000002738fe78440, 0x000002738fe785e8]
Event: 14.286 Thread 0x00000273e55bb290 nmethod 5373 0x00000273975f7510 code [0x00000273975f76a0, 0x00000273975f7748]
Event: 14.286 Thread 0x00000273e55bb290 5409       4       java.lang.invoke.DirectMethodHandle::constructorMethod (10 bytes)
Event: 14.291 Thread 0x00000273eb4f1e30 nmethod 5337 0x00000273975f5090 code [0x00000273975f5320, 0x00000273975f6920]
Event: 14.292 Thread 0x00000273e55bb290 nmethod 5409 0x00000273975f4d90 code [0x00000273975f4f20, 0x00000273975f4fc8]
Event: 14.293 Thread 0x00000273e55bb290 5411       4       java.lang.invoke.DirectMethodHandle::allocateInstance (16 bytes)
Event: 14.294 Thread 0x00000273e55c06a0 5413       3       java.lang.Package$VersionInfo::getInstance (53 bytes)
Event: 14.298 Thread 0x00000273e55c06a0 nmethod 5413 0x000002738fe77c10 code [0x000002738fe77de0, 0x000002738fe78168]
Event: 14.301 Thread 0x00000273e55c06a0 5415       3       org.eclipse.jdt.internal.compiler.util.HashtableOfObject::putUnsafely (78 bytes)
Event: 14.306 Thread 0x00000273e55c06a0 nmethod 5415 0x000002738fe77190 code [0x000002738fe77380, 0x000002738fe77998]
Event: 14.307 Thread 0x00000273e55c06a0 5416       1       com.google.gson.reflect.TypeToken::hashCode (5 bytes)
Event: 14.309 Thread 0x00000273e55c06a0 nmethod 5416 0x00000273975f4a90 code [0x00000273975f4c20, 0x00000273975f4ce8]
Event: 14.310 Thread 0x00000273e55c06a0 5417       3       java.lang.reflect.Field::getGenericType (20 bytes)
Event: 14.312 Thread 0x00000273eb4f1e30 5414       4       org.eclipse.jdt.internal.core.index.DiskIndex::readStreamChars (529 bytes)
Event: 14.313 Thread 0x00000273e55bb290 nmethod 5411 0x00000273975f4390 code [0x00000273975f4520, 0x00000273975f46f8]
Event: 14.316 Thread 0x00000273e55bb290 5418       4       java.lang.String::concat (15 bytes)
Event: 14.317 Thread 0x00000273e55c06a0 nmethod 5417 0x000002738fc8ac90 code [0x000002738fc8af80, 0x000002738fc8c208]
Event: 14.317 Thread 0x00000273e55c06a0 5419       3       java.util.Locale::hashCode (41 bytes)
Event: 14.317 Thread 0x00000273e55c06a0 nmethod 5419 0x000002738fe76b90 code [0x000002738fe76d60, 0x000002738fe76f60]
Event: 14.324 Thread 0x00000273e55c06a0 5422       3       org.eclipse.jdt.internal.core.index.DiskIndex::readStreamBuffer (76 bytes)

GC Heap History (20 events):
Event: 9.396 GC heap before
{Heap before GC invocations=9 (full 1):
 PSYoungGen      total 28160K, used 3732K [0x00000000d5580000, 0x00000000d7700000, 0x0000000100000000)
  eden space 24064K, 0% used [0x00000000d5580000,0x00000000d5580000,0x00000000d6d00000)
  from space 4096K, 91% used [0x00000000d7300000,0x00000000d76a51d0,0x00000000d7700000)
  to   space 4608K, 0% used [0x00000000d6e00000,0x00000000d6e00000,0x00000000d7280000)
 ParOldGen       total 68608K, used 10454K [0x0000000080000000, 0x0000000084300000, 0x00000000d5580000)
  object space 68608K, 15% used [0x0000000080000000,0x0000000080a35858,0x0000000084300000)
 Metaspace       used 20647K, committed 21504K, reserved 1114112K
  class space    used 2159K, committed 2496K, reserved 1048576K
}
Event: 9.450 GC heap after
{Heap after GC invocations=9 (full 1):
 PSYoungGen      total 28160K, used 0K [0x00000000d5580000, 0x00000000d7700000, 0x0000000100000000)
  eden space 24064K, 0% used [0x00000000d5580000,0x00000000d5580000,0x00000000d6d00000)
  from space 4096K, 0% used [0x00000000d7300000,0x00000000d7300000,0x00000000d7700000)
  to   space 4608K, 0% used [0x00000000d6e00000,0x00000000d6e00000,0x00000000d7280000)
 ParOldGen       total 68608K, used 13509K [0x0000000080000000, 0x0000000084300000, 0x00000000d5580000)
  object space 68608K, 19% used [0x0000000080000000,0x0000000080d317d8,0x0000000084300000)
 Metaspace       used 20634K, committed 21504K, reserved 1114112K
  class space    used 2156K, committed 2496K, reserved 1048576K
}
Event: 9.940 GC heap before
{Heap before GC invocations=10 (full 1):
 PSYoungGen      total 28160K, used 24064K [0x00000000d5580000, 0x00000000d7700000, 0x0000000100000000)
  eden space 24064K, 100% used [0x00000000d5580000,0x00000000d6d00000,0x00000000d6d00000)
  from space 4096K, 0% used [0x00000000d7300000,0x00000000d7300000,0x00000000d7700000)
  to   space 4608K, 0% used [0x00000000d6e00000,0x00000000d6e00000,0x00000000d7280000)
 ParOldGen       total 68608K, used 13509K [0x0000000080000000, 0x0000000084300000, 0x00000000d5580000)
  object space 68608K, 19% used [0x0000000080000000,0x0000000080d317d8,0x0000000084300000)
 Metaspace       used 22823K, committed 23808K, reserved 1114112K
  class space    used 2373K, committed 2816K, reserved 1048576K
}
Event: 9.943 GC heap after
{Heap after GC invocations=10 (full 1):
 PSYoungGen      total 26112K, used 2421K [0x00000000d5580000, 0x00000000d7380000, 0x0000000100000000)
  eden space 23552K, 0% used [0x00000000d5580000,0x00000000d5580000,0x00000000d6c80000)
  from space 2560K, 94% used [0x00000000d6e00000,0x00000000d705d4f8,0x00000000d7080000)
  to   space 3072K, 0% used [0x00000000d7080000,0x00000000d7080000,0x00000000d7380000)
 ParOldGen       total 68608K, used 13517K [0x0000000080000000, 0x0000000084300000, 0x00000000d5580000)
  object space 68608K, 19% used [0x0000000080000000,0x0000000080d337d8,0x0000000084300000)
 Metaspace       used 22823K, committed 23808K, reserved 1114112K
  class space    used 2373K, committed 2816K, reserved 1048576K
}
Event: 10.355 GC heap before
{Heap before GC invocations=11 (full 1):
 PSYoungGen      total 26112K, used 25973K [0x00000000d5580000, 0x00000000d7380000, 0x0000000100000000)
  eden space 23552K, 100% used [0x00000000d5580000,0x00000000d6c80000,0x00000000d6c80000)
  from space 2560K, 94% used [0x00000000d6e00000,0x00000000d705d4f8,0x00000000d7080000)
  to   space 3072K, 0% used [0x00000000d7080000,0x00000000d7080000,0x00000000d7380000)
 ParOldGen       total 68608K, used 13517K [0x0000000080000000, 0x0000000084300000, 0x00000000d5580000)
  object space 68608K, 19% used [0x0000000080000000,0x0000000080d337d8,0x0000000084300000)
 Metaspace       used 26033K, committed 27072K, reserved 1114112K
  class space    used 2599K, committed 3072K, reserved 1048576K
}
Event: 10.359 GC heap after
{Heap after GC invocations=11 (full 1):
 PSYoungGen      total 25088K, used 1738K [0x00000000d5580000, 0x00000000d7280000, 0x0000000100000000)
  eden space 23040K, 0% used [0x00000000d5580000,0x00000000d5580000,0x00000000d6c00000)
  from space 2048K, 84% used [0x00000000d7080000,0x00000000d7232ad0,0x00000000d7280000)
  to   space 2560K, 0% used [0x00000000d6d80000,0x00000000d6d80000,0x00000000d7000000)
 ParOldGen       total 68608K, used 13525K [0x0000000080000000, 0x0000000084300000, 0x00000000d5580000)
  object space 68608K, 19% used [0x0000000080000000,0x0000000080d357d8,0x0000000084300000)
 Metaspace       used 26033K, committed 27072K, reserved 1114112K
  class space    used 2599K, committed 3072K, reserved 1048576K
}
Event: 10.701 GC heap before
{Heap before GC invocations=12 (full 1):
 PSYoungGen      total 25088K, used 24778K [0x00000000d5580000, 0x00000000d7280000, 0x0000000100000000)
  eden space 23040K, 100% used [0x00000000d5580000,0x00000000d6c00000,0x00000000d6c00000)
  from space 2048K, 84% used [0x00000000d7080000,0x00000000d7232ad0,0x00000000d7280000)
  to   space 2560K, 0% used [0x00000000d6d80000,0x00000000d6d80000,0x00000000d7000000)
 ParOldGen       total 68608K, used 13525K [0x0000000080000000, 0x0000000084300000, 0x00000000d5580000)
  object space 68608K, 19% used [0x0000000080000000,0x0000000080d357d8,0x0000000084300000)
 Metaspace       used 27663K, committed 28736K, reserved 1114112K
  class space    used 2715K, committed 3136K, reserved 1048576K
}
Event: 10.707 GC heap after
{Heap after GC invocations=12 (full 1):
 PSYoungGen      total 25088K, used 2120K [0x00000000d5580000, 0x00000000d7100000, 0x0000000100000000)
  eden space 22528K, 0% used [0x00000000d5580000,0x00000000d5580000,0x00000000d6b80000)
  from space 2560K, 82% used [0x00000000d6d80000,0x00000000d6f922b0,0x00000000d7000000)
  to   space 1024K, 0% used [0x00000000d7000000,0x00000000d7000000,0x00000000d7100000)
 ParOldGen       total 68608K, used 14978K [0x0000000080000000, 0x0000000084300000, 0x00000000d5580000)
  object space 68608K, 21% used [0x0000000080000000,0x0000000080ea08e0,0x0000000084300000)
 Metaspace       used 27663K, committed 28736K, reserved 1114112K
  class space    used 2715K, committed 3136K, reserved 1048576K
}
Event: 11.117 GC heap before
{Heap before GC invocations=13 (full 1):
 PSYoungGen      total 25088K, used 24648K [0x00000000d5580000, 0x00000000d7100000, 0x0000000100000000)
  eden space 22528K, 100% used [0x00000000d5580000,0x00000000d6b80000,0x00000000d6b80000)
  from space 2560K, 82% used [0x00000000d6d80000,0x00000000d6f922b0,0x00000000d7000000)
  to   space 1024K, 0% used [0x00000000d7000000,0x00000000d7000000,0x00000000d7100000)
 ParOldGen       total 68608K, used 14978K [0x0000000080000000, 0x0000000084300000, 0x00000000d5580000)
  object space 68608K, 21% used [0x0000000080000000,0x0000000080ea08e0,0x0000000084300000)
 Metaspace       used 30271K, committed 31424K, reserved 1114112K
  class space    used 3008K, committed 3520K, reserved 1048576K
}
Event: 11.120 GC heap after
{Heap after GC invocations=13 (full 1):
 PSYoungGen      total 23040K, used 1004K [0x00000000d5580000, 0x00000000d7200000, 0x0000000100000000)
  eden space 22016K, 0% used [0x00000000d5580000,0x00000000d5580000,0x00000000d6b00000)
  from space 1024K, 98% used [0x00000000d7000000,0x00000000d70fb1e0,0x00000000d7100000)
  to   space 3584K, 0% used [0x00000000d6b00000,0x00000000d6b00000,0x00000000d6e80000)
 ParOldGen       total 68608K, used 17098K [0x0000000080000000, 0x0000000084300000, 0x00000000d5580000)
  object space 68608K, 24% used [0x0000000080000000,0x00000000810b2b20,0x0000000084300000)
 Metaspace       used 30271K, committed 31424K, reserved 1114112K
  class space    used 3008K, committed 3520K, reserved 1048576K
}
Event: 11.616 GC heap before
{Heap before GC invocations=14 (full 1):
 PSYoungGen      total 23040K, used 23020K [0x00000000d5580000, 0x00000000d7200000, 0x0000000100000000)
  eden space 22016K, 100% used [0x00000000d5580000,0x00000000d6b00000,0x00000000d6b00000)
  from space 1024K, 98% used [0x00000000d7000000,0x00000000d70fb1e0,0x00000000d7100000)
  to   space 3584K, 0% used [0x00000000d6b00000,0x00000000d6b00000,0x00000000d6e80000)
 ParOldGen       total 68608K, used 17098K [0x0000000080000000, 0x0000000084300000, 0x00000000d5580000)
  object space 68608K, 24% used [0x0000000080000000,0x00000000810b2b20,0x0000000084300000)
 Metaspace       used 33148K, committed 34240K, reserved 1114112K
  class space    used 3386K, committed 3840K, reserved 1048576K
}
Event: 11.621 GC heap after
{Heap after GC invocations=14 (full 1):
 PSYoungGen      total 25600K, used 1178K [0x00000000d5580000, 0x00000000d7080000, 0x0000000100000000)
  eden space 22016K, 0% used [0x00000000d5580000,0x00000000d5580000,0x00000000d6b00000)
  from space 3584K, 32% used [0x00000000d6b00000,0x00000000d6c26b00,0x00000000d6e80000)
  to   space 2048K, 0% used [0x00000000d6e80000,0x00000000d6e80000,0x00000000d7080000)
 ParOldGen       total 68608K, used 18050K [0x0000000080000000, 0x0000000084300000, 0x00000000d5580000)
  object space 68608K, 26% used [0x0000000080000000,0x00000000811a0870,0x0000000084300000)
 Metaspace       used 33148K, committed 34240K, reserved 1114112K
  class space    used 3386K, committed 3840K, reserved 1048576K
}
Event: 11.896 GC heap before
{Heap before GC invocations=15 (full 1):
 PSYoungGen      total 25600K, used 21388K [0x00000000d5580000, 0x00000000d7080000, 0x0000000100000000)
  eden space 22016K, 91% used [0x00000000d5580000,0x00000000d693c728,0x00000000d6b00000)
  from space 3584K, 32% used [0x00000000d6b00000,0x00000000d6c26b00,0x00000000d6e80000)
  to   space 2048K, 0% used [0x00000000d6e80000,0x00000000d6e80000,0x00000000d7080000)
 ParOldGen       total 68608K, used 18050K [0x0000000080000000, 0x0000000084300000, 0x00000000d5580000)
  object space 68608K, 26% used [0x0000000080000000,0x00000000811a0870,0x0000000084300000)
 Metaspace       used 34746K, committed 35840K, reserved 1114112K
  class space    used 3570K, committed 4032K, reserved 1048576K
}
Event: 11.901 GC heap after
{Heap after GC invocations=15 (full 1):
 PSYoungGen      total 24064K, used 1997K [0x00000000d5580000, 0x00000000d7080000, 0x0000000100000000)
  eden space 22016K, 0% used [0x00000000d5580000,0x00000000d5580000,0x00000000d6b00000)
  from space 2048K, 97% used [0x00000000d6e80000,0x00000000d70736e0,0x00000000d7080000)
  to   space 2560K, 0% used [0x00000000d6b80000,0x00000000d6b80000,0x00000000d6e00000)
 ParOldGen       total 68608K, used 18970K [0x0000000080000000, 0x0000000084300000, 0x00000000d5580000)
  object space 68608K, 27% used [0x0000000080000000,0x0000000081286968,0x0000000084300000)
 Metaspace       used 34746K, committed 35840K, reserved 1114112K
  class space    used 3570K, committed 4032K, reserved 1048576K
}
Event: 11.901 GC heap before
{Heap before GC invocations=16 (full 2):
 PSYoungGen      total 24064K, used 1997K [0x00000000d5580000, 0x00000000d7080000, 0x0000000100000000)
  eden space 22016K, 0% used [0x00000000d5580000,0x00000000d5580000,0x00000000d6b00000)
  from space 2048K, 97% used [0x00000000d6e80000,0x00000000d70736e0,0x00000000d7080000)
  to   space 2560K, 0% used [0x00000000d6b80000,0x00000000d6b80000,0x00000000d6e00000)
 ParOldGen       total 68608K, used 18970K [0x0000000080000000, 0x0000000084300000, 0x00000000d5580000)
  object space 68608K, 27% used [0x0000000080000000,0x0000000081286968,0x0000000084300000)
 Metaspace       used 34746K, committed 35840K, reserved 1114112K
  class space    used 3570K, committed 4032K, reserved 1048576K
}
Event: 11.968 GC heap after
{Heap after GC invocations=16 (full 2):
 PSYoungGen      total 24064K, used 0K [0x00000000d5580000, 0x00000000d7080000, 0x0000000100000000)
  eden space 22016K, 0% used [0x00000000d5580000,0x00000000d5580000,0x00000000d6b00000)
  from space 2048K, 0% used [0x00000000d6e80000,0x00000000d6e80000,0x00000000d7080000)
  to   space 2560K, 0% used [0x00000000d6b80000,0x00000000d6b80000,0x00000000d6e00000)
 ParOldGen       total 68608K, used 19861K [0x0000000080000000, 0x0000000084300000, 0x00000000d5580000)
  object space 68608K, 28% used [0x0000000080000000,0x0000000081365608,0x0000000084300000)
 Metaspace       used 34746K, committed 35840K, reserved 1114112K
  class space    used 3570K, committed 4032K, reserved 1048576K
}
Event: 12.412 GC heap before
{Heap before GC invocations=17 (full 2):
 PSYoungGen      total 24064K, used 22016K [0x00000000d5580000, 0x00000000d7080000, 0x0000000100000000)
  eden space 22016K, 100% used [0x00000000d5580000,0x00000000d6b00000,0x00000000d6b00000)
  from space 2048K, 0% used [0x00000000d6e80000,0x00000000d6e80000,0x00000000d7080000)
  to   space 2560K, 0% used [0x00000000d6b80000,0x00000000d6b80000,0x00000000d6e00000)
 ParOldGen       total 68608K, used 19861K [0x0000000080000000, 0x0000000084300000, 0x00000000d5580000)
  object space 68608K, 28% used [0x0000000080000000,0x0000000081365608,0x0000000084300000)
 Metaspace       used 37007K, committed 38272K, reserved 1114112K
  class space    used 3856K, committed 4416K, reserved 1048576K
}
Event: 12.418 GC heap after
{Heap after GC invocations=17 (full 2):
 PSYoungGen      total 24064K, used 1952K [0x00000000d5580000, 0x00000000d6f00000, 0x0000000100000000)
  eden space 22016K, 0% used [0x00000000d5580000,0x00000000d5580000,0x00000000d6b00000)
  from space 2048K, 95% used [0x00000000d6b80000,0x00000000d6d68000,0x00000000d6d80000)
  to   space 1536K, 0% used [0x00000000d6d80000,0x00000000d6d80000,0x00000000d6f00000)
 ParOldGen       total 68608K, used 19869K [0x0000000080000000, 0x0000000084300000, 0x00000000d5580000)
  object space 68608K, 28% used [0x0000000080000000,0x0000000081367608,0x0000000084300000)
 Metaspace       used 37007K, committed 38272K, reserved 1114112K
  class space    used 3856K, committed 4416K, reserved 1048576K
}
Event: 12.864 GC heap before
{Heap before GC invocations=18 (full 2):
 PSYoungGen      total 24064K, used 23915K [0x00000000d5580000, 0x00000000d6f00000, 0x0000000100000000)
  eden space 22016K, 99% used [0x00000000d5580000,0x00000000d6af2d68,0x00000000d6b00000)
  from space 2048K, 95% used [0x00000000d6b80000,0x00000000d6d68000,0x00000000d6d80000)
  to   space 1536K, 0% used [0x00000000d6d80000,0x00000000d6d80000,0x00000000d6f00000)
 ParOldGen       total 68608K, used 19869K [0x0000000080000000, 0x0000000084300000, 0x00000000d5580000)
  object space 68608K, 28% used [0x0000000080000000,0x0000000081367608,0x0000000084300000)
 Metaspace       used 38917K, committed 40256K, reserved 1114112K
  class space    used 4103K, committed 4672K, reserved 1048576K
}
Event: 12.870 GC heap after
{Heap after GC invocations=18 (full 2):
 PSYoungGen      total 23552K, used 1208K [0x00000000d5580000, 0x00000000d6f00000, 0x0000000100000000)
  eden space 22016K, 0% used [0x00000000d5580000,0x00000000d5580000,0x00000000d6b00000)
  from space 1536K, 78% used [0x00000000d6d80000,0x00000000d6eae108,0x00000000d6f00000)
  to   space 1536K, 0% used [0x00000000d6c00000,0x00000000d6c00000,0x00000000d6d80000)
 ParOldGen       total 68608K, used 21605K [0x0000000080000000, 0x0000000084300000, 0x00000000d5580000)
  object space 68608K, 31% used [0x0000000080000000,0x0000000081519628,0x0000000084300000)
 Metaspace       used 38917K, committed 40256K, reserved 1114112K
  class space    used 4103K, committed 4672K, reserved 1048576K
}

Dll operation events (10 events):
Event: 0.022 Loaded shared library c:\Users\admin\.vscode\extensions\redhat.java-1.54.0-win32-x64\jre\21.0.10-win32-x86_64\bin\java.dll
Event: 0.047 Loaded shared library c:\Users\admin\.vscode\extensions\redhat.java-1.54.0-win32-x64\jre\21.0.10-win32-x86_64\bin\zip.dll
Event: 0.192 Loaded shared library C:\Users\admin\.vscode\extensions\redhat.java-1.54.0-win32-x64\jre\21.0.10-win32-x86_64\bin\instrument.dll
Event: 0.208 Loaded shared library C:\Users\admin\.vscode\extensions\redhat.java-1.54.0-win32-x64\jre\21.0.10-win32-x86_64\bin\net.dll
Event: 0.214 Loaded shared library C:\Users\admin\.vscode\extensions\redhat.java-1.54.0-win32-x64\jre\21.0.10-win32-x86_64\bin\nio.dll
Event: 0.225 Loaded shared library C:\Users\admin\.vscode\extensions\redhat.java-1.54.0-win32-x64\jre\21.0.10-win32-x86_64\bin\zip.dll
Event: 0.272 Loaded shared library C:\Users\admin\.vscode\extensions\redhat.java-1.54.0-win32-x64\jre\21.0.10-win32-x86_64\bin\jimage.dll
Event: 0.462 Loaded shared library c:\Users\admin\.vscode\extensions\redhat.java-1.54.0-win32-x64\jre\21.0.10-win32-x86_64\bin\verify.dll
Event: 3.938 Loaded shared library C:\Users\admin\AppData\Roaming\Code\User\globalStorage\redhat.java\1.54.0\config_win\org.eclipse.equinox.launcher\org.eclipse.equinox.launcher.win32.win32.x86_64_1.3.0.v20260203-2149\eclipse_11919.dll
Event: 8.503 Loaded shared library C:\Users\admin\AppData\Local\Temp\jna-92668751\jna12258465920297091906.dll

Deoptimization events (20 events):
Event: 12.870 Thread 0x000002738c822150 DEOPT PACKING pc=0x000002739769d570 sp=0x000000c2a48fd1d0
Event: 12.870 Thread 0x000002738c822150 DEOPT UNPACKING pc=0x0000027396f73aa2 sp=0x000000c2a48fd0a8 mode 2
Event: 12.911 Thread 0x000002738a10f450 DEOPT PACKING pc=0x000002738fb82f1f sp=0x000000c2a69fe750
Event: 12.911 Thread 0x000002738a10f450 DEOPT UNPACKING pc=0x0000027396f74242 sp=0x000000c2a69fdc28 mode 0
Event: 12.926 Thread 0x000002738a10f450 DEOPT PACKING pc=0x000002738fb82f1f sp=0x000000c2a69fe7f0
Event: 12.926 Thread 0x000002738a10f450 DEOPT UNPACKING pc=0x0000027396f74242 sp=0x000000c2a69fdcc8 mode 0
Event: 12.934 Thread 0x000002738a10f450 DEOPT PACKING pc=0x000002738fb82f1f sp=0x000000c2a69fe7f0
Event: 12.934 Thread 0x000002738a10f450 DEOPT UNPACKING pc=0x0000027396f74242 sp=0x000000c2a69fdcc8 mode 0
Event: 12.945 Thread 0x000002738c822150 Uncommon trap: trap_request=0xffffffde fr.pc=0x00000273976479f0 relative=0x0000000000000050
Event: 12.945 Thread 0x000002738c822150 Uncommon trap: reason=class_check action=maybe_recompile pc=0x00000273976479f0 method=java.lang.invoke.DirectMethodHandle.internalMemberName(Ljava/lang/Object;)Ljava/lang/Object; @ 1 c2
Event: 12.945 Thread 0x000002738c822150 DEOPT PACKING pc=0x00000273976479f0 sp=0x000000c2a48fe1d0
Event: 12.945 Thread 0x000002738c822150 DEOPT UNPACKING pc=0x0000027396f73aa2 sp=0x000000c2a48fe160 mode 2
Event: 13.049 Thread 0x000002738c822150 Uncommon trap: trap_request=0xffffff45 fr.pc=0x000002739761c824 relative=0x00000000000000e4
Event: 13.049 Thread 0x000002738c822150 Uncommon trap: reason=unstable_if action=reinterpret pc=0x000002739761c824 method=java.lang.CharacterDataLatin1.digit(II)I @ 7 c2
Event: 13.049 Thread 0x000002738c822150 DEOPT PACKING pc=0x000002739761c824 sp=0x000000c2a48fe380
Event: 13.049 Thread 0x000002738c822150 DEOPT UNPACKING pc=0x0000027396f73aa2 sp=0x000000c2a48fe240 mode 2
Event: 13.049 Thread 0x000002738c822150 Uncommon trap: trap_request=0xffffff45 fr.pc=0x00000273974fdbc8 relative=0x00000000000000a8
Event: 13.049 Thread 0x000002738c822150 Uncommon trap: reason=unstable_if action=reinterpret pc=0x00000273974fdbc8 method=java.lang.CharacterDataLatin1.digit(II)I @ 7 c2
Event: 13.049 Thread 0x000002738c822150 DEOPT PACKING pc=0x00000273974fdbc8 sp=0x000000c2a48fe2e0
Event: 13.049 Thread 0x000002738c822150 DEOPT UNPACKING pc=0x0000027396f73aa2 sp=0x000000c2a48fe260 mode 2

Classes loaded (20 events):
Event: 13.043 Loading class sun/nio/ch/PendingFuture
Event: 13.043 Loading class sun/nio/ch/PendingFuture done
Event: 13.044 Loading class sun/nio/ch/WindowsAsynchronousFileChannelImpl$ReadTask
Event: 13.044 Loading class sun/nio/ch/Iocp$ResultHandler
Event: 13.044 Loading class sun/nio/ch/Iocp$ResultHandler done
Event: 13.044 Loading class sun/nio/ch/WindowsAsynchronousFileChannelImpl$ReadTask done
Event: 13.048 Loading class java/text/ParsePosition
Event: 13.048 Loading class java/text/ParsePosition done
Event: 13.048 Loading class java/text/CalendarBuilder
Event: 13.049 Loading class java/text/CalendarBuilder done
Event: 13.056 Loading class java/time/format/DateTimeParseContext
Event: 13.057 Loading class java/time/format/DateTimeParseContext done
Event: 13.057 Loading class java/time/format/Parsed
Event: 13.058 Loading class java/time/format/Parsed done
Event: 13.202 Loading class sun/nio/ch/WindowsAsynchronousFileChannelImpl$WriteTask
Event: 13.203 Loading class sun/nio/ch/WindowsAsynchronousFileChannelImpl$WriteTask done
Event: 13.217 Loading class sun/reflect/generics/repository/FieldRepository
Event: 13.217 Loading class sun/reflect/generics/repository/FieldRepository done
Event: 14.260 Loading class java/util/concurrent/ForkJoinTask$AdaptedCallable
Event: 14.262 Loading class java/util/concurrent/ForkJoinTask$AdaptedCallable done

Classes unloaded (7 events):
Event: 9.405 Thread 0x00000273e5592710 Unloading class 0x00000273a51ac400 'java/lang/invoke/LambdaForm$MH+0x00000273a51ac400'
Event: 9.405 Thread 0x00000273e5592710 Unloading class 0x00000273a51ac000 'java/lang/invoke/LambdaForm$MH+0x00000273a51ac000'
Event: 9.405 Thread 0x00000273e5592710 Unloading class 0x00000273a51abc00 'java/lang/invoke/LambdaForm$MH+0x00000273a51abc00'
Event: 9.405 Thread 0x00000273e5592710 Unloading class 0x00000273a51ab800 'java/lang/invoke/LambdaForm$MH+0x00000273a51ab800'
Event: 9.405 Thread 0x00000273e5592710 Unloading class 0x00000273a51ab400 'java/lang/invoke/LambdaForm$BMH+0x00000273a51ab400'
Event: 9.405 Thread 0x00000273e5592710 Unloading class 0x00000273a51ab000 'java/lang/invoke/LambdaForm$DMH+0x00000273a51ab000'
Event: 9.405 Thread 0x00000273e5592710 Unloading class 0x00000273a51aa000 'java/lang/invoke/LambdaForm$DMH+0x00000273a51aa000'

Classes redefined (6 events):
Event: 0.748 Thread 0x00000273e5592710 redefined class name=java.io.FileOutputStream, count=1
Event: 0.752 Thread 0x00000273e5592710 redefined class name=java.io.File, count=1
Event: 0.756 Thread 0x00000273e5592710 redefined class name=java.nio.file.Files, count=1
Event: 0.760 Thread 0x00000273e5592710 redefined class name=java.lang.ClassLoader, count=1
Event: 0.763 Thread 0x00000273e5592710 redefined class name=java.net.URLStreamHandler, count=1
Event: 0.768 Thread 0x00000273e5592710 redefined class name=java.lang.Thread, count=1

Internal exceptions (20 events):
Event: 12.399 Thread 0x000002738a10f450 Exception <a 'sun/nio/fs/WindowsException'{0x00000000d6a58068}> (0x00000000d6a58068) 
thrown [s\src\hotspot\share\prims\jni.cpp, line 520]
Event: 12.401 Thread 0x000002738a10f450 Exception <a 'sun/nio/fs/WindowsException'{0x00000000d6a59990}> (0x00000000d6a59990) 
thrown [s\src\hotspot\share\prims\jni.cpp, line 520]
Event: 12.401 Thread 0x000002738a10f450 Exception <a 'sun/nio/fs/WindowsException'{0x00000000d6a5a270}> (0x00000000d6a5a270) 
thrown [s\src\hotspot\share\prims\jni.cpp, line 520]
Event: 12.412 Thread 0x000002738a10f450 Exception <a 'java/lang/NoSuchMethodError'{0x00000000d6aef6d0}: 'void java.lang.invoke.DirectMethodHandle$Holder.invokeVirtual(java.lang.Object, java.lang.Object, java.lang.Object, java.lang.Object)'> (0x00000000d6aef6d0) 
thrown [s\src\hotspot\share\interpreter\linkResolver.cpp, line 773]
Event: 12.527 Thread 0x000002738a10f450 Exception <a 'java/lang/NoSuchMethodError'{0x00000000d5a41fa8}: 'int java.lang.invoke.DirectMethodHandle$Holder.invokeSpecial(java.lang.Object, java.lang.Object, java.lang.Object, java.lang.Object)'> (0x00000000d5a41fa8) 
thrown [s\src\hotspot\share\interpreter\linkResolver.cpp, line 773]
Event: 12.588 Thread 0x000002738a10f450 Exception <a 'sun/nio/fs/WindowsException'{0x00000000d5df7b78}> (0x00000000d5df7b78) 
thrown [s\src\hotspot\share\prims\jni.cpp, line 520]
Event: 12.588 Thread 0x000002738a10f450 Exception <a 'sun/nio/fs/WindowsException'{0x00000000d5df81c8}> (0x00000000d5df81c8) 
thrown [s\src\hotspot\share\prims\jni.cpp, line 520]
Event: 12.593 Thread 0x000002738a10f450 Exception <a 'sun/nio/fs/WindowsException'{0x00000000d5e001f8}> (0x00000000d5e001f8) 
thrown [s\src\hotspot\share\prims\jni.cpp, line 520]
Event: 12.593 Thread 0x000002738a10f450 Exception <a 'sun/nio/fs/WindowsException'{0x00000000d5e5ee10}> (0x00000000d5e5ee10) 
thrown [s\src\hotspot\share\prims\jni.cpp, line 520]
Event: 12.628 Thread 0x000002738a10f450 Exception <a 'sun/nio/fs/WindowsException'{0x00000000d5fdb408}> (0x00000000d5fdb408) 
thrown [s\src\hotspot\share\prims\jni.cpp, line 520]
Event: 12.629 Thread 0x000002738a10f450 Exception <a 'sun/nio/fs/WindowsException'{0x00000000d5fdba38}> (0x00000000d5fdba38) 
thrown [s\src\hotspot\share\prims\jni.cpp, line 520]
Event: 12.942 Thread 0x000002738c822150 Exception <a 'java/lang/NoSuchMethodError'{0x00000000d5917d98}: 'void java.lang.invoke.DirectMethodHandle$Holder.invokeSpecial(java.lang.Object, java.lang.Object, java.lang.Object, java.lang.Object, java.lang.Object, java.lang.Object)'> (0x00000000d5917d98) 
thrown [s\src\hotspot\share\interpreter\linkResolver.cpp, line 773]
Event: 12.946 Thread 0x000002738c822150 Exception <a 'java/lang/IncompatibleClassChangeError'{0x00000000d5920038}: Found class java.lang.Object, but interface was expected> (0x00000000d5920038) 
thrown [s\src\hotspot\share\interpreter\linkResolver.cpp, line 840]
Event: 12.947 Thread 0x000002738c822150 Exception <a 'java/lang/IncompatibleClassChangeError'{0x00000000d596fcc0}: Found class java.lang.Object, but interface was expected> (0x00000000d596fcc0) 
thrown [s\src\hotspot\share\interpreter\linkResolver.cpp, line 840]
Event: 12.980 Thread 0x000002738a10f450 Exception <a 'java/io/FileNotFoundException'{0x00000000d5abb950}> (0x00000000d5abb950) 
thrown [s\src\hotspot\share\prims\jni.cpp, line 520]
Event: 12.981 Thread 0x000002738a10f450 Exception <a 'java/io/FileNotFoundException'{0x00000000d5abcef8}> (0x00000000d5abcef8) 
thrown [s\src\hotspot\share\prims\jni.cpp, line 520]
Event: 12.986 Thread 0x000002738a10f450 Exception <a 'java/lang/NoSuchMethodError'{0x00000000d5b32c00}: 'java.lang.Object java.lang.invoke.DirectMethodHandle$Holder.newInvokeSpecial(java.lang.Object, java.lang.Object, java.lang.Object, int)'> (0x00000000d5b32c00) 
thrown [s\src\hotspot\share\interpreter\linkResolver.cpp, line 773]
Event: 12.988 Thread 0x000002738a10f450 Exception <a 'java/lang/NoSuchMethodError'{0x00000000d5b36878}: 'java.lang.Object java.lang.invoke.DirectMethodHandle$Holder.invokeSpecial(java.lang.Object, java.lang.Object, java.lang.Object, java.lang.Object, int)'> (0x00000000d5b36878) 
thrown [s\src\hotspot\share\interpreter\linkResolver.cpp, line 773]
Event: 12.989 Thread 0x000002738a10f450 Exception <a 'java/lang/NoSuchMethodError'{0x00000000d5b39d20}: 'java.lang.Object java.lang.invoke.Invokers$Holder.linkToTargetMethod(java.lang.Object, java.lang.Object, int, java.lang.Object)'> (0x00000000d5b39d20) 
thrown [s\src\hotspot\share\interpreter\linkResolver.cpp, line 773]
Event: 12.994 Thread 0x000002738a10f450 Exception <a 'java/lang/NoSuchMethodError'{0x00000000d5b801d8}: 'void java.lang.invoke.DirectMethodHandle$Holder.invokeStaticInit(java.lang.Object, java.lang.Object, java.lang.Object)'> (0x00000000d5b801d8) 
thrown [s\src\hotspot\share\interpreter\linkResolver.cpp, line 773]

ZGC Phase Switch (0 events):
No events

VM Operations (20 events):
Event: 11.381 Executing non-safepoint VM operation: HandshakeAllThreads (Deoptimize) done
Event: 11.482 Executing non-safepoint VM operation: HandshakeAllThreads (Deoptimize)
Event: 11.482 Executing non-safepoint VM operation: HandshakeAllThreads (Deoptimize) done
Event: 11.616 Executing safepoint VM operation: ParallelGCFailedAllocation (Allocation Failure)
Event: 11.621 Executing safepoint VM operation: ParallelGCFailedAllocation (Allocation Failure) done
Event: 11.887 Executing safepoint VM operation: CollectForMetadataAllocation (Metadata GC Threshold)
Event: 11.968 Executing safepoint VM operation: CollectForMetadataAllocation (Metadata GC Threshold) done
Event: 11.969 Executing safepoint VM operation: CollectForMetadataAllocation (Metadata GC Threshold)
Event: 11.969 Executing safepoint VM operation: CollectForMetadataAllocation (Metadata GC Threshold) done
Event: 12.042 Executing non-safepoint VM operation: HandshakeAllThreads (Deoptimize)
Event: 12.043 Executing non-safepoint VM operation: HandshakeAllThreads (Deoptimize) done
Event: 12.412 Executing safepoint VM operation: ParallelGCFailedAllocation (Allocation Failure)
Event: 12.418 Executing safepoint VM operation: ParallelGCFailedAllocation (Allocation Failure) done
Event: 12.863 Executing safepoint VM operation: ParallelGCFailedAllocation (Allocation Failure)
Event: 12.870 Executing safepoint VM operation: ParallelGCFailedAllocation (Allocation Failure) done
Event: 13.095 Executing non-safepoint VM operation: HandshakeAllThreads (Deoptimize)
Event: 13.095 Executing non-safepoint VM operation: HandshakeAllThreads (Deoptimize) done
Event: 14.106 Executing safepoint VM operation: Cleanup
Event: 14.246 Executing safepoint VM operation: Cleanup done
Event: 14.510 Executing safepoint VM operation: ParallelGCFailedAllocation (Allocation Failure)

Memory protections (0 events):
No events

Nmethod flushes (20 events):
Event: 11.938 Thread 0x00000273e5592710 flushing  nmethod 0x00000273900a0d10
Event: 11.938 Thread 0x00000273e5592710 flushing  nmethod 0x00000273900a1f10
Event: 11.938 Thread 0x00000273e5592710 flushing  nmethod 0x00000273900a5490
Event: 11.938 Thread 0x00000273e5592710 flushing  nmethod 0x00000273900a5c10
Event: 11.938 Thread 0x00000273e5592710 flushing  nmethod 0x00000273900a6590
Event: 11.938 Thread 0x00000273e5592710 flushing  nmethod 0x00000273900a6990
Event: 11.938 Thread 0x00000273e5592710 flushing  nmethod 0x00000273900a8390
Event: 11.938 Thread 0x00000273e5592710 flushing  nmethod 0x00000273900a9090
Event: 11.938 Thread 0x00000273e5592710 flushing  nmethod 0x00000273900a9510
Event: 11.938 Thread 0x00000273e5592710 flushing  nmethod 0x00000273900ab710
Event: 11.938 Thread 0x00000273e5592710 flushing  nmethod 0x00000273900b6590
Event: 11.938 Thread 0x00000273e5592710 flushing  nmethod 0x00000273900cc490
Event: 11.938 Thread 0x00000273e5592710 flushing  nmethod 0x00000273900d6510
Event: 11.938 Thread 0x00000273e5592710 flushing  nmethod 0x00000273900e3a90
Event: 11.938 Thread 0x00000273e5592710 flushing  nmethod 0x00000273900e8610
Event: 11.938 Thread 0x00000273e5592710 flushing  nmethod 0x00000273900eb290
Event: 11.938 Thread 0x00000273e5592710 flushing  nmethod 0x00000273900f7110
Event: 11.938 Thread 0x00000273e5592710 flushing  nmethod 0x0000027390139910
Event: 11.938 Thread 0x00000273e5592710 flushing  nmethod 0x0000027390158390
Event: 11.938 Thread 0x00000273e5592710 flushing  nmethod 0x000002739017c090

Events (20 events):
Event: 12.130 Thread 0x000002738c822150 Thread added: 0x00000273eddd6e40
Event: 12.133 Thread 0x000002738c822150 Thread added: 0x00000273eddd74d0
Event: 12.136 Thread 0x000002738c822150 Thread added: 0x00000273eddd46e0
Event: 12.139 Thread 0x000002738c822150 Thread added: 0x00000273eddd8880
Event: 12.141 Thread 0x000002738c822150 Thread added: 0x00000273eddd81f0
Event: 12.144 Thread 0x000002738c822150 Thread added: 0x00000273eddd5400
Event: 12.146 Thread 0x000002738c822150 Thread added: 0x00000273eddd8f10
Event: 12.149 Thread 0x000002738c822150 Thread added: 0x00000273eddda950
Event: 12.252 Thread 0x000002738c822150 Thread added: 0x00000273eddd95a0
Event: 13.038 Thread 0x000002738c822150 Thread added: 0x00000273eddd9c30
Event: 13.040 Thread 0x000002738c822150 Thread added: 0x00000273eddda2c0
Event: 14.272 Thread 0x000002738a10f450 Thread added: 0x00000273edae5d20
Event: 14.281 Thread 0x000002738a10f450 Thread added: 0x00000273edae5690
Event: 14.286 Thread 0x00000273edae5d20 Thread added: 0x00000273edae7760
Event: 14.292 Thread 0x00000273edae5690 Thread added: 0x00000273edae8480
Event: 14.298 Thread 0x00000273edae7760 Thread added: 0x00000273edae91a0
Event: 14.306 Thread 0x00000273edae8480 Thread added: 0x00000273edae70d0
Event: 14.313 Thread 0x00000273edae91a0 Thread added: 0x00000273edae9830
Event: 14.319 Thread 0x00000273edae70d0 Thread added: 0x00000273edae7df0
Event: 14.325 Thread 0x00000273edae9830 Thread added: 0x00000273edae63b0


Dynamic libraries:
0x00007ff71acf0000 - 0x00007ff71acfe000 	c:\Users\admin\.vscode\extensions\redhat.java-1.54.0-win32-x64\jre\21.0.10-win32-x86_64\bin\java.exe
0x00007ff9d03e0000 - 0x00007ff9d0647000 	C:\WINDOWS\SYSTEM32\ntdll.dll
0x000000007a8d0000 - 0x000000007a90e000 	C:\WINDOWS\System32\cyinjct.dll
0x00007ff9cfb70000 - 0x00007ff9cfb94000 	C:\WINDOWS\System32\cyvera.dll
0x000002738a240000 - 0x000002738a309000 	C:\WINDOWS\System32\KERNEL32.dll
0x00007ff9cfd00000 - 0x00007ff9d00f4000 	C:\WINDOWS\System32\KERNELBASE.dll
0x00007ff9cfa00000 - 0x00007ff9cfb66000 	C:\WINDOWS\System32\cyvrtrap.dll
0x00007ff99d2e0000 - 0x00007ff99d301000 	C:\Program Files\Avast Software\Avast\aswhook.dll
0x00007ff9cd9b0000 - 0x00007ff9cdafb000 	C:\WINDOWS\System32\ucrtbase.dll
0x00007ff9b38d0000 - 0x00007ff9b38e8000 	c:\Users\admin\.vscode\extensions\redhat.java-1.54.0-win32-x64\jre\21.0.10-win32-x86_64\bin\jli.dll
0x00007ff9d01d0000 - 0x00007ff9d0395000 	C:\WINDOWS\System32\USER32.dll
0x00007ff9cdb00000 - 0x00007ff9cdb27000 	C:\WINDOWS\System32\win32u.dll
0x00007ff9ce220000 - 0x00007ff9ce24b000 	C:\WINDOWS\System32\GDI32.dll
0x00007ff9cd710000 - 0x00007ff9cd83b000 	C:\WINDOWS\System32\gdi32full.dll
0x00007ff9cca70000 - 0x00007ff9ccb13000 	C:\WINDOWS\System32\msvcp_win.dll
0x00007ff9b38b0000 - 0x00007ff9b38ce000 	c:\Users\admin\.vscode\extensions\redhat.java-1.54.0-win32-x64\jre\21.0.10-win32-x86_64\bin\VCRUNTIME140.dll
0x00007ff9aca80000 - 0x00007ff9acd13000 	C:\WINDOWS\WinSxS\amd64_microsoft.windows.common-controls_6595b64144ccf1df_6.0.26100.8115_none_3e075c82e3354f9c\COMCTL32.dll
0x00007ff9cebb0000 - 0x00007ff9cec59000 	C:\WINDOWS\System32\msvcrt.dll
0x00007ff9cf960000 - 0x00007ff9cf992000 	C:\WINDOWS\System32\IMM32.DLL
0x00007ff9c9540000 - 0x00007ff9c954c000 	c:\Users\admin\.vscode\extensions\redhat.java-1.54.0-win32-x64\jre\21.0.10-win32-x86_64\bin\vcruntime140_1.dll
0x00007ff985ba0000 - 0x00007ff985c2d000 	c:\Users\admin\.vscode\extensions\redhat.java-1.54.0-win32-x64\jre\21.0.10-win32-x86_64\bin\msvcp140.dll
0x00007ff8f45a0000 - 0x00007ff8f5341000 	c:\Users\admin\.vscode\extensions\redhat.java-1.54.0-win32-x64\jre\21.0.10-win32-x86_64\bin\server\jvm.dll
0x00007ff9cf7e0000 - 0x00007ff9cf896000 	C:\WINDOWS\System32\ADVAPI32.dll
0x00007ff9ced40000 - 0x00007ff9cede7000 	C:\WINDOWS\System32\sechost.dll
0x00007ff9cfbe0000 - 0x00007ff9cfcf8000 	C:\WINDOWS\System32\RPCRT4.dll
0x00007ff9ceef0000 - 0x00007ff9cef70000 	C:\WINDOWS\System32\WS2_32.dll
0x00007ff9cc8d0000 - 0x00007ff9cc92e000 	C:\WINDOWS\SYSTEM32\POWRPROF.dll
0x00007ff9c9950000 - 0x00007ff9c9986000 	C:\WINDOWS\SYSTEM32\WINMM.dll
0x00007ff9c56d0000 - 0x00007ff9c56db000 	C:\WINDOWS\SYSTEM32\VERSION.dll
0x00007ff9cc8a0000 - 0x00007ff9cc8b4000 	C:\WINDOWS\SYSTEM32\UMPDC.dll
0x00007ff9cb7c0000 - 0x00007ff9cb7db000 	C:\WINDOWS\SYSTEM32\kernel.appcore.dll
0x00007ff9c6e00000 - 0x00007ff9c6e0a000 	c:\Users\admin\.vscode\extensions\redhat.java-1.54.0-win32-x64\jre\21.0.10-win32-x86_64\bin\jimage.dll
0x00007ff9ca840000 - 0x00007ff9caa82000 	C:\WINDOWS\SYSTEM32\DBGHELP.DLL
0x00007ff9cdb30000 - 0x00007ff9cdeb2000 	C:\WINDOWS\System32\combase.dll
0x00007ff9cec60000 - 0x00007ff9ced38000 	C:\WINDOWS\System32\OLEAUT32.dll
0x00007ff9b8b60000 - 0x00007ff9b8b9b000 	C:\WINDOWS\SYSTEM32\dbgcore.DLL
0x00007ff9cd900000 - 0x00007ff9cd9a5000 	C:\WINDOWS\System32\bcryptPrimitives.dll
0x00007ff9c9530000 - 0x00007ff9c953f000 	c:\Users\admin\.vscode\extensions\redhat.java-1.54.0-win32-x64\jre\21.0.10-win32-x86_64\bin\instrument.dll
0x00007ff9af260000 - 0x00007ff9af280000 	c:\Users\admin\.vscode\extensions\redhat.java-1.54.0-win32-x64\jre\21.0.10-win32-x86_64\bin\java.dll
0x00007ff9cf9a0000 - 0x00007ff9cf9fa000 	C:\Program Files\Palo Alto Networks\Traps\cyjagent.dll
0x00007ff9af240000 - 0x00007ff9af258000 	c:\Users\admin\.vscode\extensions\redhat.java-1.54.0-win32-x64\jre\21.0.10-win32-x86_64\bin\zip.dll
0x00007ff9ceff0000 - 0x00007ff9cf757000 	C:\WINDOWS\System32\SHELL32.dll
0x00007ff9ccd30000 - 0x00007ff9cce9a000 	C:\WINDOWS\System32\wintypes.dll
0x00007ff9ccea0000 - 0x00007ff9cd708000 	C:\WINDOWS\System32\windows.storage.dll
0x00007ff9ce700000 - 0x00007ff9ce7f8000 	C:\WINDOWS\System32\SHCORE.dll
0x00007ff9ce800000 - 0x00007ff9ce866000 	C:\WINDOWS\System32\shlwapi.dll
0x00007ff9cc990000 - 0x00007ff9cc9b9000 	C:\WINDOWS\SYSTEM32\profapi.dll
0x00007ff9bfc10000 - 0x00007ff9bfc20000 	C:\Users\admin\.vscode\extensions\redhat.java-1.54.0-win32-x64\jre\21.0.10-win32-x86_64\bin\net.dll
0x00007ff9c65f0000 - 0x00007ff9c671d000 	C:\WINDOWS\SYSTEM32\WINHTTP.dll
0x00007ff9cbd10000 - 0x00007ff9cbd7c000 	C:\WINDOWS\system32\mswsock.dll
0x00007ff98bd10000 - 0x00007ff98bd26000 	C:\Users\admin\.vscode\extensions\redhat.java-1.54.0-win32-x64\jre\21.0.10-win32-x86_64\bin\nio.dll
0x00007ff9b91a0000 - 0x00007ff9b91b0000 	c:\Users\admin\.vscode\extensions\redhat.java-1.54.0-win32-x64\jre\21.0.10-win32-x86_64\bin\verify.dll
0x00007ff99f550000 - 0x00007ff99f595000 	C:\Users\admin\AppData\Roaming\Code\User\globalStorage\redhat.java\1.54.0\config_win\org.eclipse.equinox.launcher\org.eclipse.equinox.launcher.win32.win32.x86_64_1.3.0.v20260203-2149\eclipse_11919.dll
0x00007ff9cdec0000 - 0x00007ff9ce057000 	C:\WINDOWS\System32\ole32.dll
0x00007ff9cc110000 - 0x00007ff9cc12b000 	C:\WINDOWS\SYSTEM32\CRYPTSP.dll
0x00007ff9cb720000 - 0x00007ff9cb759000 	C:\WINDOWS\system32\rsaenh.dll
0x00007ff9cbdc0000 - 0x00007ff9cbdf3000 	C:\WINDOWS\SYSTEM32\USERENV.dll
0x00007ff9cc960000 - 0x00007ff9cc98a000 	C:\WINDOWS\SYSTEM32\bcrypt.dll
0x00007ff9cc0f0000 - 0x00007ff9cc0fc000 	C:\WINDOWS\SYSTEM32\CRYPTBASE.dll
0x00007ff9caf70000 - 0x00007ff9cafa2000 	C:\WINDOWS\SYSTEM32\IPHLPAPI.DLL
0x00007ff9ce6f0000 - 0x00007ff9ce6fa000 	C:\WINDOWS\System32\NSI.dll
0x00007ff999db0000 - 0x00007ff999df9000 	C:\Users\admin\AppData\Local\Temp\jna-92668751\jna12258465920297091906.dll
0x00007ff9cefd0000 - 0x00007ff9cefd8000 	C:\WINDOWS\System32\PSAPI.DLL
0x00007ff9c6910000 - 0x00007ff9c692d000 	C:\WINDOWS\SYSTEM32\dhcpcsvc6.DLL
0x00007ff9c68e0000 - 0x00007ff9c6905000 	C:\WINDOWS\SYSTEM32\dhcpcsvc.DLL

JVMTI agents:
c:\Users\admin\.vscode\extensions\redhat.java-1.54.0-win32-x64\lombok\lombok-1.18.39-4050.jar path:c:\Users\admin\.vscode\extensions\redhat.java-1.54.0-win32-x64\jre\21.0.10-win32-x86_64\bin\instrument.dll, loaded, initialized, instrumentlib options:none
C:\Program Files\Palo Alto Networks\Traps\cyjagent.dll path:C:\Program Files\Palo Alto Networks\Traps\cyjagent.dll, loaded, initialized, options:none

dbghelp: loaded successfully - version: 4.0.5 - missing functions: none
symbol engine: initialized successfully - sym options: 0x614 - pdb path: .;c:\Users\admin\.vscode\extensions\redhat.java-1.54.0-win32-x64\jre\21.0.10-win32-x86_64\bin;C:\WINDOWS\SYSTEM32;C:\Program Files\Avast Software\Avast;C:\WINDOWS\WinSxS\amd64_microsoft.windows.common-controls_6595b64144ccf1df_6.0.26100.8115_none_3e075c82e3354f9c;c:\Users\admin\.vscode\extensions\redhat.java-1.54.0-win32-x64\jre\21.0.10-win32-x86_64\bin\server;C:\Program Files\Palo Alto Networks\Traps;C:\Users\admin\AppData\Roaming\Code\User\globalStorage\redhat.java\1.54.0\config_win\org.eclipse.equinox.launcher\org.eclipse.equinox.launcher.win32.win32.x86_64_1.3.0.v20260203-2149;C:\Users\admin\AppData\Local\Temp\jna-92668751

VM Arguments:
jvm_args: --add-modules=ALL-SYSTEM --add-opens=java.base/java.util=ALL-UNNAMED --add-opens=java.base/java.lang=ALL-UNNAMED --add-opens=java.base/sun.nio.fs=ALL-UNNAMED -Declipse.application=org.eclipse.jdt.ls.core.id1 -Dosgi.bundles.defaultStartLevel=4 -Declipse.product=org.eclipse.jdt.ls.core.product -Djava.import.generatesMetadataFilesAtProjectRoot=false -DDetectVMInstallationsJob.disabled=true -Dfile.encoding=utf8 -XX:+UseParallelGC -XX:GCTimeRatio=4 -XX:AdaptiveSizePolicyWeight=90 -Dsun.zip.disableMemoryMapping=true -Xmx2G -Xms100m -Xlog:disable -javaagent:c:\Users\admin\.vscode\extensions\redhat.java-1.54.0-win32-x64\lombok\lombok-1.18.39-4050.jar -XX:+HeapDumpOnOutOfMemoryError -XX:HeapDumpPath=c:\Users\admin\AppData\Roaming\Code\User\workspaceStorage\1c6c7382f2917cdd6518ce0c012ef50e\redhat.java -Daether.dependencyCollector.impl=bf -agentpath:C:\Program Files\Palo Alto Networks\Traps\cyjagent.dll 
java_command: c:\Users\admin\.vscode\extensions\redhat.java-1.54.0-win32-x64\server\plugins\org.eclipse.equinox.launcher_1.7.100.v20251111-0406.jar -configuration c:\Users\admin\AppData\Roaming\Code\User\globalStorage\redhat.java\1.54.0\config_win -data c:\Users\admin\AppData\Roaming\Code\User\workspaceStorage\1c6c7382f2917cdd6518ce0c012ef50e\redhat.java\jdt_ws --pipe=\\.\pipe\lsp-2caf04b766a288a8d1ab5662e043632a-sock
java_class_path (initial): c:\Users\admin\.vscode\extensions\redhat.java-1.54.0-win32-x64\server\plugins\org.eclipse.equinox.launcher_1.7.100.v20251111-0406.jar
Launcher Type: SUN_STANDARD

[Global flags]
    uintx AdaptiveSizePolicyWeight                 = 90                                        {product} {command line}
     intx CICompilerCount                          = 4                                         {product} {ergonomic}
    uintx GCTimeRatio                              = 4                                         {product} {command line}
     bool HeapDumpOnOutOfMemoryError               = true                                   {manageable} {command line}
    ccstr HeapDumpPath                             = c:\Users\admin\AppData\Roaming\Code\User\workspaceStorage\1c6c7382f2917cdd6518ce0c012ef50e\redhat.java         {manageable} {command line}
   size_t InitialHeapSize                          = 104857600                                 {product} {command line}
   size_t MaxHeapSize                              = 2147483648                                {product} {command line}
   size_t MaxNewSize                               = 715653120                                 {product} {ergonomic}
   size_t MinHeapDeltaBytes                        = 524288                                    {product} {ergonomic}
   size_t MinHeapSize                              = 104857600                                 {product} {command line}
   size_t NewSize                                  = 34603008                                  {product} {ergonomic}
    uintx NonNMethodCodeHeapSize                   = 5839372                                {pd product} {ergonomic}
    uintx NonProfiledCodeHeapSize                  = 122909434                              {pd product} {ergonomic}
   size_t OldSize                                  = 70254592                                  {product} {ergonomic}
    uintx ProfiledCodeHeapSize                     = 122909434                              {pd product} {ergonomic}
    uintx ReservedCodeCacheSize                    = 251658240                              {pd product} {ergonomic}
     bool SegmentedCodeCache                       = true                                      {product} {ergonomic}
   size_t SoftMaxHeapSize                          = 2147483648                             {manageable} {ergonomic}
     bool UseCompressedOops                        = true                           {product lp64_product} {ergonomic}
     bool UseLargePagesIndividualAllocation        = false                                  {pd product} {ergonomic}
     bool UseParallelGC                            = true                                      {product} {command line}

Logging:
Log output configuration:
 #0: stdout all=off uptime,level,tags foldmultilines=false
 #1: stderr all=off uptime,level,tags foldmultilines=false

Release file:
JAVA_VERSION="21.0.10" 
MODULES="java.base java.compiler java.datatransfer java.xml java.prefs java.desktop java.instrument java.logging java.management java.security.sasl java.naming java.rmi java.management.rmi java.net.http java.scripting java.security.jgss java.transaction.xa java.sql java.sql.rowset java.xml.crypto java.se java.smartcardio jdk.accessibility jdk.internal.jvmstat jdk.attach jdk.charsets jdk.internal.opt jdk.zipfs jdk.compiler jdk.crypto.ec jdk.crypto.cryptoki jdk.crypto.mscapi jdk.dynalink jdk.internal.ed jdk.editpad jdk.hotspot.agent jdk.httpserver jdk.internal.le jdk.internal.vm.ci jdk.internal.vm.compiler jdk.internal.vm.compiler.management jdk.jartool jdk.javadoc jdk.jcmd jdk.management jdk.management.agent jdk.jconsole jdk.jdeps jdk.jdwp.agent jdk.jdi jdk.jfr jdk.jshell jdk.jsobject jdk.jstatd jdk.localedata jdk.management.jfr jdk.naming.dns jdk.naming.rmi jdk.net jdk.nio.mapmode jdk.random jdk.sctp jdk.security.auth jdk.security.jgss jdk.unsupported jdk.unsupported.desktop jdk.xml.dom" 

Environment Variables:
JAVA_HOME=C:\Program Files\Java\jdk-17
PATH=C:\Program Files (x86)\VMware\VMware Workstation\bin\;C:\oraclexe\app\oracle\product\11.2.0\server\bin;C:\Program Files (x86)\Common Files\Oracle\Java\javapath;C:\WINDOWS\system32;C:\WINDOWS;C:\WINDOWS\System32\Wbem;C:\WINDOWS\System32\WindowsPowerShell\v1.0\;C:\WINDOWS\System32\OpenSSH\;C:\Program Files\Java\jdk-17\bin;C:\Program Files\Git\cmd;C:\xampp\php;C:\composer;C:\apache-maven-3.9.7\bin;C:\Users\admin\Downloads\cmder;C:\Program Files\nodejs\;C:\Program Files\MongoDB\Server\8.0\bin;C:\Program Files\Symfony;C:\Program Files\MongoDB;C:\Users\admin\Desktop\mongosh-2.5.10-win32-x64\bin;C:\Program Files\Docker\Docker\resources\bin;C:\Users\admin\scoop\shims;C:\Users\admin\AppData\Local\Microsoft\WindowsApps;C:\Users\admin\AppData\Local\Programs\Microsoft VS Code\bin;C:\Users\admin\AppData\Roaming\Composer\vendor\bin;C:\Users\admin\AppData\Local\Programs\cursor\resources\app\bin;C:\Users\admin\AppData\Roaming\npm;C:\Users\admin\AppData\Local\Programs\Windsurf\bin;C:\Users\admin\Desktop\mongosh-2.5.10-win32-x64;C:\Program Files\MySQL\MySQL Server 8.4\bin;C:\Users\admin\scoop\shims;C:\Users\admin\AppData\Local\Microsoft\WindowsApps;C:\Users\admin\AppData\Local\Programs\Microsoft VS Code\bin;C:\xampp\php;C:\Users\admin\AppData\Roaming\Composer\vendor\bin;C:\Users\admin\AppData\Local\Programs\cursor\resources\app\bin;C:\Users\admin\Downloads\cmder;C:\Users\admin\AppData\Roaming\npm;C:\Program Files\MongoDB\Server\8.0\bin;C:\Program Files\Symfony;C:\Users\admin\AppData\Local\Programs\Windsurf\bin;C:\Users\admin\Desktop\mongosh-2.5.10-win32-x64;C:\Program Files\Java\jdk-17\bin;
USERNAME=admin
OS=Windows_NT
PROCESSOR_IDENTIFIER=Intel64 Family 6 Model 186 Stepping 3, GenuineIntel
TMP=C:\Users\admin\AppData\Local\Temp
TEMP=C:\Users\admin\AppData\Local\Temp




Periodic native trim disabled

---------------  S Y S T E M  ---------------

OS:
 Windows 11 , 64 bit Build 26100 (10.0.26100.8246)
OS uptime: 23 days 11:47 hours
Hyper-V role detected

CPU: total 12 (initial active 12) (6 cores per cpu, 2 threads per core) family 6 model 186 stepping 3 microcode 0x4128, cx8, cmov, fxsr, ht, mmx, 3dnowpref, sse, sse2, sse3, ssse3, sse4.1, sse4.2, popcnt, lzcnt, tsc, tscinvbit, avx, avx2, aes, erms, clmul, bmi1, bmi2, adx, sha, fma, vzeroupper, clflush, clflushopt, clwb, hv, serialize, rdtscp, rdpid, fsrm, f16c, cet_ibt, cet_ss
Processor Information for processor 0
  Max Mhz: 1300, Current Mhz: 893, Mhz Limit: 884
Processor Information for processor 1
  Max Mhz: 1300, Current Mhz: 893, Mhz Limit: 884
Processor Information for processor 2
  Max Mhz: 1300, Current Mhz: 893, Mhz Limit: 884
Processor Information for processor 3
  Max Mhz: 1300, Current Mhz: 893, Mhz Limit: 884
Processor Information for processor 4
  Max Mhz: 1300, Current Mhz: 866, Mhz Limit: 858
Processor Information for processor 5
  Max Mhz: 1300, Current Mhz: 866, Mhz Limit: 858
Processor Information for processor 6
  Max Mhz: 1300, Current Mhz: 866, Mhz Limit: 858
Processor Information for processor 7
  Max Mhz: 1300, Current Mhz: 866, Mhz Limit: 858
Processor Information for processor 8
  Max Mhz: 1300, Current Mhz: 866, Mhz Limit: 858
Processor Information for processor 9
  Max Mhz: 1300, Current Mhz: 866, Mhz Limit: 858
Processor Information for processor 10
  Max Mhz: 1300, Current Mhz: 866, Mhz Limit: 858
Processor Information for processor 11
  Max Mhz: 1300, Current Mhz: 866, Mhz Limit: 858

Memory: 4k page, system-wide physical 16064M (1001M free)
TotalPageFile size 65216M (AvailPageFile size 5M)
current process WorkingSet (physical memory assigned to process): 223M, peak: 223M
current process commit charge ("private bytes"): 356M, peak: 356M

vm_info: OpenJDK 64-Bit Server VM (21.0.10+7-LTS) for windows-amd64 JRE (21.0.10+7-LTS), built on 2026-01-20T00:00:00Z by "admin" with MS VC++ 17.12 (VS2022)

END.
