#
# There is insufficient memory for the Java Runtime Environment to continue.
# Native memory allocation (malloc) failed to allocate 1479472 bytes. Error detail: Chunk::new
# Possible reasons:
#   The system is out of physical RAM or swap space
#   This process is running with CompressedOops enabled, and the Java Heap may be blocking the growth of the native heap
# Possible solutions:
#   Reduce memory load on the system
#   Increase physical memory or swap space
#   Check if swap backing store is full
#   Decrease Java heap size (-Xmx/-Xms)
#   Decrease number of Java threads
#   Decrease Java thread stack sizes (-Xss)
#   Set larger code cache with -XX:ReservedCodeCacheSize=
#   JVM is running with Unscaled Compressed Oops mode in which the Java heap is
#     placed in the first 4GB address space. The Java Heap base address is the
#     maximum limit for the native heap growth. Please use -XX:HeapBaseMinAddress
#     to set the Java Heap base and to place the Java Heap above 4GB virtual address.
# This output file may be truncated or incomplete.
#
#  Out of Memory Error (arena.cpp:168), pid=34476, tid=17760
#
# JRE version: OpenJDK Runtime Environment Temurin-21.0.10+7 (21.0.10+7) (build 21.0.10+7-LTS)
# Java VM: OpenJDK 64-Bit Server VM Temurin-21.0.10+7 (21.0.10+7-LTS, mixed mode, sharing, tiered, compressed oops, compressed class ptrs, parallel gc, windows-amd64)
# No core dump will be written. Minidumps are not enabled by default on client versions of Windows
#

---------------  S U M M A R Y ------------

Command Line: --add-modules=ALL-SYSTEM --add-opens=java.base/java.util=ALL-UNNAMED --add-opens=java.base/java.lang=ALL-UNNAMED --add-opens=java.base/sun.nio.fs=ALL-UNNAMED -Declipse.application=org.eclipse.jdt.ls.core.id1 -Dosgi.bundles.defaultStartLevel=4 -Declipse.product=org.eclipse.jdt.ls.core.product -Djava.import.generatesMetadataFilesAtProjectRoot=false -DDetectVMInstallationsJob.disabled=true -Dfile.encoding=utf8 -XX:+UseParallelGC -XX:GCTimeRatio=4 -XX:AdaptiveSizePolicyWeight=90 -Dsun.zip.disableMemoryMapping=true -Xmx2G -Xms100m -Xlog:disable -javaagent:c:\Users\admin\.vscode\extensions\redhat.java-1.54.0-win32-x64\lombok\lombok-1.18.39-4050.jar -XX:+HeapDumpOnOutOfMemoryError -XX:HeapDumpPath=c:\Users\admin\AppData\Roaming\Code\User\workspaceStorage\1c6c7382f2917cdd6518ce0c012ef50e\redhat.java -Daether.dependencyCollector.impl=bf -agentpath:C:\Program Files\Palo Alto Networks\Traps\cyjagent.dll c:\Users\admin\.vscode\extensions\redhat.java-1.54.0-win32-x64\server\plugins\org.eclipse.equinox.launcher_1.7.100.v20251111-0406.jar -configuration c:\Users\admin\AppData\Roaming\Code\User\globalStorage\redhat.java\1.54.0\config_win -data c:\Users\admin\AppData\Roaming\Code\User\workspaceStorage\1c6c7382f2917cdd6518ce0c012ef50e\redhat.java\jdt_ws --pipe=\\.\pipe\lsp-3bf000d27871ede0a4d68c4dc507ac2c-sock

Host: 13th Gen Intel(R) Core(TM) i5-1335U, 12 cores, 15G,  Windows 11 , 64 bit Build 26100 (10.0.26100.8246)
Time: Thu May 14 00:32:07 2026 Afr. centrale Ouest elapsed time: 26.598607 seconds (0d 0h 0m 26s)

---------------  T H R E A D  ---------------

Current thread (0x00000284507727a0):  JavaThread "C2 CompilerThread2" daemon [_thread_in_native, id=17760, stack(0x000000fbece00000,0x000000fbecf00000) (1024K)]


Current CompileTask:
C2:26598 4916       4       org.eclipse.osgi.internal.serviceregistry.ServiceRegistry::notifyHooksPrivileged (57 bytes)

Stack: [0x000000fbece00000,0x000000fbecf00000]
Native frames: (J=compiled Java code, j=interpreted, Vv=VM code, C=native code)
V  [jvm.dll+0x6d7a39]
V  [jvm.dll+0x8b4b26]
V  [jvm.dll+0x8b70de]
V  [jvm.dll+0x8b77c3]
V  [jvm.dll+0x284346]
V  [jvm.dll+0xc66ed]
V  [jvm.dll+0xc6c31]
V  [jvm.dll+0x3bec3b]
V  [jvm.dll+0x1e3f69]
V  [jvm.dll+0x24c6b3]
V  [jvm.dll+0x24bb40]
V  [jvm.dll+0x1cb34e]
V  [jvm.dll+0x25b85d]
V  [jvm.dll+0x259dea]
V  [jvm.dll+0x3f857e]
V  [jvm.dll+0x85f59d]
V  [jvm.dll+0x6d626d]
C  [ucrtbase.dll+0x37b0]
C  [cyinjct.dll+0x11e7]
C  [KERNEL32.dll+0x2e8d7]
C  [ntdll.dll+0x8c3fc]


---------------  P R O C E S S  ---------------

Threads class SMR info:
_java_thread_list=0x000002845164d6f0, length=40, elements={
0x000002846d08f320, 0x00000284784713e0, 0x0000028478474420, 0x0000028478478ea0,
0x0000028478479b00, 0x000002847847b480, 0x0000028478480020, 0x000002847849bf80,
0x00000284784a8770, 0x00000284786f53e0, 0x00000284798a8470, 0x000002847e30dd10,
0x0000028479db0670, 0x0000028479907b50, 0x00000284799081c0, 0x000002847e640b60,
0x0000028479d4d070, 0x0000028479686600, 0x000002847e7b59d0, 0x000002847e7b6060,
0x000002847e7b4cb0, 0x000002847e7b8130, 0x000002847e4e49b0, 0x00000284507727a0,
0x000002847e7b6d80, 0x000002847e7b5340, 0x000002847e7b7410, 0x000002847e7b7aa0,
0x00000284523c8b80, 0x00000284523c9210, 0x00000284523c6420, 0x00000284523c7e60,
0x00000284523c84f0, 0x00000284523c98a0, 0x00000284523c6ab0, 0x00000284523c7140,
0x00000284523c9f30, 0x00000284523ca5c0, 0x00000284523cac50, 0x00000284523cc690
}

Java Threads: ( => current thread )
  0x000002846d08f320 JavaThread "main"                              [_thread_in_native, id=4268, stack(0x000000fbea900000,0x000000fbeaa00000) (1024K)]
  0x00000284784713e0 JavaThread "Reference Handler"          daemon [_thread_blocked, id=39824, stack(0x000000fbeae00000,0x000000fbeaf00000) (1024K)]
  0x0000028478474420 JavaThread "Finalizer"                  daemon [_thread_blocked, id=11116, stack(0x000000fbeaf00000,0x000000fbeb000000) (1024K)]
  0x0000028478478ea0 JavaThread "Signal Dispatcher"          daemon [_thread_blocked, id=24240, stack(0x000000fbeb000000,0x000000fbeb100000) (1024K)]
  0x0000028478479b00 JavaThread "Attach Listener"            daemon [_thread_blocked, id=11004, stack(0x000000fbeb100000,0x000000fbeb200000) (1024K)]
  0x000002847847b480 JavaThread "Service Thread"             daemon [_thread_blocked, id=32972, stack(0x000000fbeb200000,0x000000fbeb300000) (1024K)]
  0x0000028478480020 JavaThread "Monitor Deflation Thread"   daemon [_thread_blocked, id=1944, stack(0x000000fbeb300000,0x000000fbeb400000) (1024K)]
  0x000002847849bf80 JavaThread "C2 CompilerThread0"         daemon [_thread_in_native, id=21668, stack(0x000000fbeb400000,0x000000fbeb500000) (1024K)]
  0x00000284784a8770 JavaThread "C1 CompilerThread0"         daemon [_thread_in_native, id=32492, stack(0x000000fbeb500000,0x000000fbeb600000) (1024K)]
  0x00000284786f53e0 JavaThread "Common-Cleaner"             daemon [_thread_blocked, id=47976, stack(0x000000fbeb700000,0x000000fbeb800000) (1024K)]
  0x00000284798a8470 JavaThread "Notification Thread"        daemon [_thread_blocked, id=45520, stack(0x000000fbeb800000,0x000000fbeb900000) (1024K)]
  0x000002847e30dd10 JavaThread "Active Thread: Equinox Container: 873a39ee-e44f-4b95-9094-08656a240759"        [_thread_blocked, id=34368, stack(0x000000fbec000000,0x000000fbec100000) (1024K)]
  0x0000028479db0670 JavaThread "Refresh Thread: Equinox Container: 873a39ee-e44f-4b95-9094-08656a240759" daemon [_thread_blocked, id=20488, stack(0x000000fbeb600000,0x000000fbeb700000) (1024K)]
  0x0000028479907b50 JavaThread "Framework Event Dispatcher: Equinox Container: 873a39ee-e44f-4b95-9094-08656a240759" daemon [_thread_blocked, id=5308, stack(0x000000fbebf00000,0x000000fbec000000) (1024K)]
  0x00000284799081c0 JavaThread "Start Level: Equinox Container: 873a39ee-e44f-4b95-9094-08656a240759" daemon [_thread_blocked, id=33608, stack(0x000000fbec200000,0x000000fbec300000) (1024K)]
  0x000002847e640b60 JavaThread "Bundle File Closer"         daemon [_thread_blocked, id=9828, stack(0x000000fbec600000,0x000000fbec700000) (1024K)]
  0x0000028479d4d070 JavaThread "SCR Component Actor"        daemon [_thread_blocked, id=28664, stack(0x000000fbec700000,0x000000fbec800000) (1024K)]
  0x0000028479686600 JavaThread "Worker-JM"                         [_thread_blocked, id=21088, stack(0x000000fbec800000,0x000000fbec900000) (1024K)]
  0x000002847e7b59d0 JavaThread "JNA Cleaner"                daemon [_thread_blocked, id=6576, stack(0x000000fbec900000,0x000000fbeca00000) (1024K)]
  0x000002847e7b6060 JavaThread "Worker-0: Loading available Gradle versions"        [_thread_in_vm, id=20780, stack(0x000000fbeca00000,0x000000fbecb00000) (1024K)]
  0x000002847e7b4cb0 JavaThread "Worker-1: Repository registry initialization"        [_thread_in_vm, id=25396, stack(0x000000fbecb00000,0x000000fbecc00000) (1024K)]
  0x000002847e7b8130 JavaThread "Worker-2: Initialize After Load"        [_thread_in_vm, id=45612, stack(0x000000fbecd00000,0x000000fbece00000) (1024K)]
  0x000002847e4e49b0 JavaThread "C2 CompilerThread1"         daemon [_thread_in_native, id=5552, stack(0x000000fbecc00000,0x000000fbecd00000) (1024K)]
=>0x00000284507727a0 JavaThread "C2 CompilerThread2"         daemon [_thread_in_native, id=17760, stack(0x000000fbece00000,0x000000fbecf00000) (1024K)]
  0x000002847e7b6d80 JavaThread "Java indexing"              daemon [_thread_blocked, id=42400, stack(0x000000fbecf00000,0x000000fbed000000) (1024K)]
  0x000002847e7b5340 JavaThread "Worker-3"                          [_thread_blocked, id=4692, stack(0x000000fbed000000,0x000000fbed100000) (1024K)]
  0x000002847e7b7410 JavaThread "Worker-4"                          [_thread_blocked, id=16004, stack(0x000000fbed200000,0x000000fbed300000) (1024K)]
  0x000002847e7b7aa0 JavaThread "Thread-1"                   daemon [_thread_in_native, id=2956, stack(0x000000fbed300000,0x000000fbed400000) (1024K)]
  0x00000284523c8b80 JavaThread "Thread-2"                   daemon [_thread_in_native, id=24916, stack(0x000000fbed400000,0x000000fbed500000) (1024K)]
  0x00000284523c9210 JavaThread "Thread-3"                   daemon [_thread_in_native, id=32488, stack(0x000000fbed500000,0x000000fbed600000) (1024K)]
  0x00000284523c6420 JavaThread "Thread-4"                   daemon [_thread_in_native, id=21124, stack(0x000000fbed600000,0x000000fbed700000) (1024K)]
  0x00000284523c7e60 JavaThread "Thread-5"                   daemon [_thread_in_native, id=28616, stack(0x000000fbed700000,0x000000fbed800000) (1024K)]
  0x00000284523c84f0 JavaThread "Thread-6"                   daemon [_thread_in_native, id=18608, stack(0x000000fbed800000,0x000000fbed900000) (1024K)]
  0x00000284523c98a0 JavaThread "Thread-7"                   daemon [_thread_in_native, id=44180, stack(0x000000fbed900000,0x000000fbeda00000) (1024K)]
  0x00000284523c6ab0 JavaThread "Thread-8"                   daemon [_thread_in_native, id=13900, stack(0x000000fbeda00000,0x000000fbedb00000) (1024K)]
  0x00000284523c7140 JavaThread "Thread-9"                   daemon [_thread_in_native, id=9052, stack(0x000000fbedb00000,0x000000fbedc00000) (1024K)]
  0x00000284523c9f30 JavaThread "Thread-10"                  daemon [_thread_in_native, id=17292, stack(0x000000fbedc00000,0x000000fbedd00000) (1024K)]
  0x00000284523ca5c0 JavaThread "Thread-11"                  daemon [_thread_in_native, id=17636, stack(0x000000fbedd00000,0x000000fbede00000) (1024K)]
  0x00000284523cac50 JavaThread "Thread-12"                  daemon [_thread_in_native, id=1256, stack(0x000000fbede00000,0x000000fbedf00000) (1024K)]
  0x00000284523cc690 JavaThread "Thread-13"                  daemon [_thread_in_native, id=12344, stack(0x000000fbedf00000,0x000000fbee000000) (1024K)]
Total: 40

Other Threads:
  0x0000028478462640 VMThread "VM Thread"                           [id=44192, stack(0x000000fbead00000,0x000000fbeae00000) (1024K)]
  0x00000284770ecb20 WatcherThread "VM Periodic Task Thread"        [id=43956, stack(0x000000fbeac00000,0x000000fbead00000) (1024K)]
  0x000002846f7a8970 WorkerThread "GC Thread#0"                     [id=33492, stack(0x000000fbeab00000,0x000000fbeac00000) (1024K)]
  0x00000284797e6590 WorkerThread "GC Thread#1"                     [id=31484, stack(0x000000fbeb900000,0x000000fbeba00000) (1024K)]
  0x0000028479aabe90 WorkerThread "GC Thread#2"                     [id=7236, stack(0x000000fbeba00000,0x000000fbebb00000) (1024K)]
  0x0000028479aac240 WorkerThread "GC Thread#3"                     [id=39776, stack(0x000000fbebb00000,0x000000fbebc00000) (1024K)]
  0x0000028479bf1910 WorkerThread "GC Thread#4"                     [id=43460, stack(0x000000fbebc00000,0x000000fbebd00000) (1024K)]
  0x0000028479d2c8d0 WorkerThread "GC Thread#5"                     [id=38604, stack(0x000000fbebd00000,0x000000fbebe00000) (1024K)]
  0x0000028479d2cc80 WorkerThread "GC Thread#6"                     [id=34372, stack(0x000000fbebe00000,0x000000fbebf00000) (1024K)]
  0x0000028479daee90 WorkerThread "GC Thread#7"                     [id=11820, stack(0x000000fbec100000,0x000000fbec200000) (1024K)]
  0x000002847e2cc2f0 WorkerThread "GC Thread#8"                     [id=39832, stack(0x000000fbec300000,0x000000fbec400000) (1024K)]
  0x000002847e4725f0 WorkerThread "GC Thread#9"                     [id=43040, stack(0x000000fbec400000,0x000000fbec500000) (1024K)]
Total: 12

Threads with active compile tasks:
C2 CompilerThread0  26809 4912   !   4       org.eclipse.osgi.internal.loader.classpath.ClasspathManager::findLocalClass (210 bytes)
C2 CompilerThread1  26809 5216       4       org.eclipse.osgi.internal.loader.BundleLoader::getProviderLoader (77 bytes)
C2 CompilerThread2  26811 4916       4       org.eclipse.osgi.internal.serviceregistry.ServiceRegistry::notifyHooksPrivileged (57 bytes)
Total: 3

VM state: not at safepoint (normal execution)

VM Mutex/Monitor currently owned by a thread: None

Heap address: 0x0000000080000000, size: 2048 MB, Compressed Oops mode: 32-bit

CDS archive(s) mapped at: [0x000002840f000000-0x000002840fba0000-0x000002840fba0000), size 12189696, SharedBaseAddress: 0x000002840f000000, ArchiveRelocationMode: 1.
Compressed class space mapped at: 0x0000028410000000-0x0000028450000000, reserved size: 1073741824
Narrow klass base: 0x000002840f000000, Narrow klass shift: 0, Narrow klass range: 0x100000000

GC Precious Log:
 CardTable entry size: 512
 CPUs: 12 total, 12 available
 Memory: 16064M
 Large Page Support: Disabled
 NUMA Support: Disabled
 Compressed Oops: Enabled (32-bit)
 Alignments: Space 512K, Generation 512K, Heap 2M
 Heap Min Capacity: 100M
 Heap Initial Capacity: 100M
 Heap Max Capacity: 2G
 Pre-touch: Disabled
 Parallel Workers: 10

Heap:
 PSYoungGen      total 23552K, used 3493K [0x00000000d5580000, 0x00000000d7180000, 0x0000000100000000)
  eden space 22016K, 8% used [0x00000000d5580000,0x00000000d5769710,0x00000000d6b00000)
  from space 1536K, 99% used [0x00000000d7000000,0x00000000d717ffc0,0x00000000d7180000)
  to   space 2048K, 0% used [0x00000000d6d80000,0x00000000d6d80000,0x00000000d6f80000)
 ParOldGen       total 68608K, used 19176K [0x0000000080000000, 0x0000000084300000, 0x00000000d5580000)
  object space 68608K, 27% used [0x0000000080000000,0x00000000812ba078,0x0000000084300000)
 Metaspace       used 37557K, committed 38720K, reserved 1114112K
  class space    used 3913K, committed 4416K, reserved 1048576K

Card table byte_map: [0x000002846f280000,0x000002846f690000] _byte_map_base: 0x000002846ee80000

Marking Bits: (ParMarkBitMap*) 0x00007ff8f5263450
 Begin Bits: [0x0000028472c10000, 0x0000028474c10000)
 End Bits:   [0x0000028474c10000, 0x0000028476c10000)

Polling page: 0x000002846d390000

Metaspace:

Usage:
  Non-class:     32.86 MB used.
      Class:      3.82 MB used.
       Both:     36.68 MB used.

Virtual space:
  Non-class space:       64.00 MB reserved,      33.50 MB ( 52%) committed,  1 nodes.
      Class space:        1.00 GB reserved,       4.31 MB ( <1%) committed,  1 nodes.
             Both:        1.06 GB reserved,      37.81 MB (  3%) committed. 

Chunk freelists:
   Non-Class:  13.77 MB
       Class:  11.56 MB
        Both:  25.33 MB

MaxMetaspaceSize: unlimited
CompressedClassSpaceSize: 1.00 GB
Initial GC threshold: 21.00 MB
Current GC threshold: 58.38 MB
CDS: on
 - commit_granule_bytes: 65536.
 - commit_granule_words: 8192.
 - virtual_space_node_default_size: 8388608.
 - enlarge_chunks_in_place: 1.
 - use_allocation_guard: 0.


Internal statistics:

num_allocs_failed_limit: 6.
num_arena_births: 890.
num_arena_deaths: 14.
num_vsnodes_births: 2.
num_vsnodes_deaths: 0.
num_space_committed: 605.
num_space_uncommitted: 0.
num_chunks_returned_to_freelist: 20.
num_chunks_taken_from_freelist: 2582.
num_chunk_merges: 7.
num_chunk_splits: 1562.
num_chunks_enlarged: 844.
num_inconsistent_stats: 0.

CodeHeap 'non-profiled nmethods': size=120000Kb used=2258Kb max_used=2623Kb free=117741Kb
 bounds [0x0000028407ad0000, 0x0000028407d60000, 0x000002840f000000]
CodeHeap 'profiled nmethods': size=120000Kb used=9457Kb max_used=10826Kb free=110542Kb
 bounds [0x0000028400000000, 0x0000028400aa0000, 0x0000028407530000]
CodeHeap 'non-nmethods': size=5760Kb used=1357Kb max_used=1403Kb free=4402Kb
 bounds [0x0000028407530000, 0x00000284077a0000, 0x0000028407ad0000]
CodeCache: size=245760Kb, used=13072Kb, max_used=14852Kb, free=232685Kb
 total_blobs=5275, nmethods=4622, adapters=559, full_count=0
Compilation: enabled, stopped_count=0, restarted_count=0

Compilation events (20 events):
Event: 25.490 Thread 0x00000284784a8770 5221       3       java.util.Comparator$$Lambda/0x00000284100248c0::compare (14 bytes)
Event: 25.493 Thread 0x00000284784a8770 nmethod 5221 0x0000028400113e90 code [0x0000028400114060, 0x0000028400114450]
Event: 25.494 Thread 0x00000284784a8770 5222       3       java.util.Comparator::lambda$comparing$ea9a8b3a$1 (21 bytes)
Event: 25.494 Thread 0x00000284784a8770 nmethod 5222 0x000002840037b910 code [0x000002840037bae0, 0x000002840037be50]
Event: 25.528 Thread 0x00000284784a8770 5224  s    3       java.io.ByteArrayOutputStream::toByteArray (12 bytes)
Event: 25.529 Thread 0x00000284784a8770 nmethod 5224 0x00000284000c6390 code [0x00000284000c6540, 0x00000284000c6750]
Event: 25.532 Thread 0x00000284784a8770 5225       3       com.google.inject.internal.Errors::hasErrors (16 bytes)
Event: 25.534 Thread 0x00000284784a8770 nmethod 5225 0x000002840025f910 code [0x000002840025fac0, 0x000002840025fc28]
Event: 25.540 Thread 0x00000284784a8770 5227       3       com.google.inject.internal.DeclaredMembers$$Lambda/0x0000028410372b10::apply (5 bytes)
Event: 25.540 Thread 0x00000284784a8770 nmethod 5227 0x0000028400188490 code [0x0000028400188640, 0x0000028400188838]
Event: 25.540 Thread 0x00000284784a8770 5228       3       com.google.inject.internal.DeclaredMembers::lambda$getDeclaredFields$0 (5 bytes)
Event: 25.541 Thread 0x00000284784a8770 nmethod 5228 0x000002840026a610 code [0x000002840026a7a0, 0x000002840026a920]
Event: 25.557 Thread 0x00000284784a8770 5229  s    1       java.lang.StringBuffer::length (5 bytes)
Event: 25.558 Thread 0x00000284784a8770 nmethod 5229 0x0000028407c24d90 code [0x0000028407c24f20, 0x0000028407c250a8]
Event: 25.562 Thread 0x00000284784a8770 5230 %     3       java.io.WinNTFileSystem::normalize @ 22 (143 bytes)
Event: 25.565 Thread 0x000002847e4e49b0 nmethod 5211 0x0000028407b60e90 code [0x0000028407b61120, 0x0000028407b622f0]
Event: 25.566 Thread 0x00000284784a8770 nmethod 5230% 0x00000284000b6610 code [0x00000284000b68a0, 0x00000284000b7448]
Event: 25.566 Thread 0x000002847e4e49b0 5212       4       jdk.internal.module.SystemModuleFinders$SystemModuleReader::containsImageLocation (42 bytes)
Event: 25.566 Thread 0x00000284784a8770 5231       3       com.google.inject.internal.DeclaredMembers$$Lambda/0x0000028410352f58::apply (8 bytes)
Event: 25.567 Thread 0x00000284784a8770 nmethod 5231 0x00000284003ebd90 code [0x00000284003ebf60, 0x00000284003ec248]

GC Heap History (20 events):
Event: 15.149 GC heap before
{Heap before GC invocations=8 (full 0):
 PSYoungGen      total 29184K, used 5305K [0x00000000d5580000, 0x00000000d7800000, 0x0000000100000000)
  eden space 24064K, 2% used [0x00000000d5580000,0x00000000d5605950,0x00000000d6d00000)
  from space 5120K, 93% used [0x00000000d6e00000,0x00000000d72a8c60,0x00000000d7300000)
  to   space 5120K, 0% used [0x00000000d7300000,0x00000000d7300000,0x00000000d7800000)
 ParOldGen       total 68608K, used 9335K [0x0000000080000000, 0x0000000084300000, 0x00000000d5580000)
  object space 68608K, 13% used [0x0000000080000000,0x000000008091dea0,0x0000000084300000)
 Metaspace       used 20631K, committed 21504K, reserved 1114112K
  class space    used 2154K, committed 2560K, reserved 1048576K
}
Event: 15.155 GC heap after
{Heap after GC invocations=8 (full 0):
 PSYoungGen      total 28160K, used 3786K [0x00000000d5580000, 0x00000000d7700000, 0x0000000100000000)
  eden space 24064K, 0% used [0x00000000d5580000,0x00000000d5580000,0x00000000d6d00000)
  from space 4096K, 92% used [0x00000000d7300000,0x00000000d76b2978,0x00000000d7700000)
  to   space 4608K, 0% used [0x00000000d6e00000,0x00000000d6e00000,0x00000000d7280000)
 ParOldGen       total 68608K, used 10349K [0x0000000080000000, 0x0000000084300000, 0x00000000d5580000)
  object space 68608K, 15% used [0x0000000080000000,0x0000000080a1b760,0x0000000084300000)
 Metaspace       used 20631K, committed 21504K, reserved 1114112K
  class space    used 2154K, committed 2560K, reserved 1048576K
}
Event: 15.155 GC heap before
{Heap before GC invocations=9 (full 1):
 PSYoungGen      total 28160K, used 3786K [0x00000000d5580000, 0x00000000d7700000, 0x0000000100000000)
  eden space 24064K, 0% used [0x00000000d5580000,0x00000000d5580000,0x00000000d6d00000)
  from space 4096K, 92% used [0x00000000d7300000,0x00000000d76b2978,0x00000000d7700000)
  to   space 4608K, 0% used [0x00000000d6e00000,0x00000000d6e00000,0x00000000d7280000)
 ParOldGen       total 68608K, used 10349K [0x0000000080000000, 0x0000000084300000, 0x00000000d5580000)
  object space 68608K, 15% used [0x0000000080000000,0x0000000080a1b760,0x0000000084300000)
 Metaspace       used 20631K, committed 21504K, reserved 1114112K
  class space    used 2154K, committed 2560K, reserved 1048576K
}
Event: 15.249 GC heap after
{Heap after GC invocations=9 (full 1):
 PSYoungGen      total 28160K, used 0K [0x00000000d5580000, 0x00000000d7700000, 0x0000000100000000)
  eden space 24064K, 0% used [0x00000000d5580000,0x00000000d5580000,0x00000000d6d00000)
  from space 4096K, 0% used [0x00000000d7300000,0x00000000d7300000,0x00000000d7700000)
  to   space 4608K, 0% used [0x00000000d6e00000,0x00000000d6e00000,0x00000000d7280000)
 ParOldGen       total 68608K, used 13508K [0x0000000080000000, 0x0000000084300000, 0x00000000d5580000)
  object space 68608K, 19% used [0x0000000080000000,0x0000000080d31340,0x0000000084300000)
 Metaspace       used 20618K, committed 21504K, reserved 1114112K
  class space    used 2150K, committed 2560K, reserved 1048576K
}
Event: 17.363 GC heap before
{Heap before GC invocations=10 (full 1):
 PSYoungGen      total 28160K, used 24064K [0x00000000d5580000, 0x00000000d7700000, 0x0000000100000000)
  eden space 24064K, 100% used [0x00000000d5580000,0x00000000d6d00000,0x00000000d6d00000)
  from space 4096K, 0% used [0x00000000d7300000,0x00000000d7300000,0x00000000d7700000)
  to   space 4608K, 0% used [0x00000000d6e00000,0x00000000d6e00000,0x00000000d7280000)
 ParOldGen       total 68608K, used 13508K [0x0000000080000000, 0x0000000084300000, 0x00000000d5580000)
  object space 68608K, 19% used [0x0000000080000000,0x0000000080d31340,0x0000000084300000)
 Metaspace       used 22894K, committed 23936K, reserved 1114112K
  class space    used 2379K, committed 2816K, reserved 1048576K
}
Event: 17.370 GC heap after
{Heap after GC invocations=10 (full 1):
 PSYoungGen      total 27648K, used 3607K [0x00000000d5580000, 0x00000000d7480000, 0x0000000100000000)
  eden space 23552K, 0% used [0x00000000d5580000,0x00000000d5580000,0x00000000d6c80000)
  from space 4096K, 88% used [0x00000000d6e00000,0x00000000d7185c28,0x00000000d7200000)
  to   space 2560K, 0% used [0x00000000d7200000,0x00000000d7200000,0x00000000d7480000)
 ParOldGen       total 68608K, used 13516K [0x0000000080000000, 0x0000000084300000, 0x00000000d5580000)
  object space 68608K, 19% used [0x0000000080000000,0x0000000080d33340,0x0000000084300000)
 Metaspace       used 22894K, committed 23936K, reserved 1114112K
  class space    used 2379K, committed 2816K, reserved 1048576K
}
Event: 18.100 GC heap before
{Heap before GC invocations=11 (full 1):
 PSYoungGen      total 27648K, used 27159K [0x00000000d5580000, 0x00000000d7480000, 0x0000000100000000)
  eden space 23552K, 100% used [0x00000000d5580000,0x00000000d6c80000,0x00000000d6c80000)
  from space 4096K, 88% used [0x00000000d6e00000,0x00000000d7185c28,0x00000000d7200000)
  to   space 2560K, 0% used [0x00000000d7200000,0x00000000d7200000,0x00000000d7480000)
 ParOldGen       total 68608K, used 13516K [0x0000000080000000, 0x0000000084300000, 0x00000000d5580000)
  object space 68608K, 19% used [0x0000000080000000,0x0000000080d33340,0x0000000084300000)
 Metaspace       used 25959K, committed 27008K, reserved 1114112K
  class space    used 2604K, committed 3072K, reserved 1048576K
}
Event: 18.105 GC heap after
{Heap after GC invocations=11 (full 1):
 PSYoungGen      total 25088K, used 1766K [0x00000000d5580000, 0x00000000d7400000, 0x0000000100000000)
  eden space 23040K, 0% used [0x00000000d5580000,0x00000000d5580000,0x00000000d6c00000)
  from space 2048K, 86% used [0x00000000d7200000,0x00000000d73b9a30,0x00000000d7400000)
  to   space 2560K, 0% used [0x00000000d6f00000,0x00000000d6f00000,0x00000000d7180000)
 ParOldGen       total 68608K, used 13524K [0x0000000080000000, 0x0000000084300000, 0x00000000d5580000)
  object space 68608K, 19% used [0x0000000080000000,0x0000000080d35340,0x0000000084300000)
 Metaspace       used 25959K, committed 27008K, reserved 1114112K
  class space    used 2604K, committed 3072K, reserved 1048576K
}
Event: 18.720 GC heap before
{Heap before GC invocations=12 (full 1):
 PSYoungGen      total 25088K, used 24694K [0x00000000d5580000, 0x00000000d7400000, 0x0000000100000000)
  eden space 23040K, 99% used [0x00000000d5580000,0x00000000d6be4008,0x00000000d6c00000)
  from space 2048K, 86% used [0x00000000d7200000,0x00000000d73b9a30,0x00000000d7400000)
  to   space 2560K, 0% used [0x00000000d6f00000,0x00000000d6f00000,0x00000000d7180000)
 ParOldGen       total 68608K, used 13524K [0x0000000080000000, 0x0000000084300000, 0x00000000d5580000)
  object space 68608K, 19% used [0x0000000080000000,0x0000000080d35340,0x0000000084300000)
 Metaspace       used 28714K, committed 29760K, reserved 1114112K
  class space    used 2873K, committed 3328K, reserved 1048576K
}
Event: 18.727 GC heap after
{Heap after GC invocations=12 (full 1):
 PSYoungGen      total 25088K, used 2434K [0x00000000d5580000, 0x00000000d7280000, 0x0000000100000000)
  eden space 22528K, 0% used [0x00000000d5580000,0x00000000d5580000,0x00000000d6b80000)
  from space 2560K, 95% used [0x00000000d6f00000,0x00000000d7160980,0x00000000d7180000)
  to   space 1024K, 0% used [0x00000000d7180000,0x00000000d7180000,0x00000000d7280000)
 ParOldGen       total 68608K, used 15022K [0x0000000080000000, 0x0000000084300000, 0x00000000d5580000)
  object space 68608K, 21% used [0x0000000080000000,0x0000000080eaba08,0x0000000084300000)
 Metaspace       used 28714K, committed 29760K, reserved 1114112K
  class space    used 2873K, committed 3328K, reserved 1048576K
}
Event: 19.593 GC heap before
{Heap before GC invocations=13 (full 1):
 PSYoungGen      total 25088K, used 24962K [0x00000000d5580000, 0x00000000d7280000, 0x0000000100000000)
  eden space 22528K, 100% used [0x00000000d5580000,0x00000000d6b80000,0x00000000d6b80000)
  from space 2560K, 95% used [0x00000000d6f00000,0x00000000d7160980,0x00000000d7180000)
  to   space 1024K, 0% used [0x00000000d7180000,0x00000000d7180000,0x00000000d7280000)
 ParOldGen       total 68608K, used 15022K [0x0000000080000000, 0x0000000084300000, 0x00000000d5580000)
  object space 68608K, 21% used [0x0000000080000000,0x0000000080eaba08,0x0000000084300000)
 Metaspace       used 30178K, committed 31232K, reserved 1114112K
  class space    used 3056K, committed 3520K, reserved 1048576K
}
Event: 19.599 GC heap after
{Heap after GC invocations=13 (full 1):
 PSYoungGen      total 23040K, used 576K [0x00000000d5580000, 0x00000000d7280000, 0x0000000100000000)
  eden space 22016K, 0% used [0x00000000d5580000,0x00000000d5580000,0x00000000d6b00000)
  from space 1024K, 56% used [0x00000000d7180000,0x00000000d7210000,0x00000000d7280000)
  to   space 1536K, 0% used [0x00000000d6f80000,0x00000000d6f80000,0x00000000d7100000)
 ParOldGen       total 68608K, used 16909K [0x0000000080000000, 0x0000000084300000, 0x00000000d5580000)
  object space 68608K, 24% used [0x0000000080000000,0x0000000081083560,0x0000000084300000)
 Metaspace       used 30178K, committed 31232K, reserved 1114112K
  class space    used 3056K, committed 3520K, reserved 1048576K
}
Event: 20.512 GC heap before
{Heap before GC invocations=14 (full 1):
 PSYoungGen      total 23040K, used 22592K [0x00000000d5580000, 0x00000000d7280000, 0x0000000100000000)
  eden space 22016K, 100% used [0x00000000d5580000,0x00000000d6b00000,0x00000000d6b00000)
  from space 1024K, 56% used [0x00000000d7180000,0x00000000d7210000,0x00000000d7280000)
  to   space 1536K, 0% used [0x00000000d6f80000,0x00000000d6f80000,0x00000000d7100000)
 ParOldGen       total 68608K, used 16909K [0x0000000080000000, 0x0000000084300000, 0x00000000d5580000)
  object space 68608K, 24% used [0x0000000080000000,0x0000000081083560,0x0000000084300000)
 Metaspace       used 32199K, committed 33280K, reserved 1114112K
  class space    used 3268K, committed 3776K, reserved 1048576K
}
Event: 20.516 GC heap after
{Heap after GC invocations=14 (full 1):
 PSYoungGen      total 23552K, used 1508K [0x00000000d5580000, 0x00000000d7200000, 0x0000000100000000)
  eden space 22016K, 0% used [0x00000000d5580000,0x00000000d5580000,0x00000000d6b00000)
  from space 1536K, 98% used [0x00000000d6f80000,0x00000000d70f9078,0x00000000d7100000)
  to   space 1024K, 0% used [0x00000000d7100000,0x00000000d7100000,0x00000000d7200000)
 ParOldGen       total 68608K, used 17341K [0x0000000080000000, 0x0000000084300000, 0x00000000d5580000)
  object space 68608K, 25% used [0x0000000080000000,0x00000000810ef5a0,0x0000000084300000)
 Metaspace       used 32199K, committed 33280K, reserved 1114112K
  class space    used 3268K, committed 3776K, reserved 1048576K
}
Event: 22.576 GC heap before
{Heap before GC invocations=15 (full 1):
 PSYoungGen      total 23552K, used 23524K [0x00000000d5580000, 0x00000000d7200000, 0x0000000100000000)
  eden space 22016K, 100% used [0x00000000d5580000,0x00000000d6b00000,0x00000000d6b00000)
  from space 1536K, 98% used [0x00000000d6f80000,0x00000000d70f9078,0x00000000d7100000)
  to   space 1024K, 0% used [0x00000000d7100000,0x00000000d7100000,0x00000000d7200000)
 ParOldGen       total 68608K, used 17341K [0x0000000080000000, 0x0000000084300000, 0x00000000d5580000)
  object space 68608K, 25% used [0x0000000080000000,0x00000000810ef5a0,0x0000000084300000)
 Metaspace       used 34619K, committed 35648K, reserved 1114112K
  class space    used 3560K, committed 4032K, reserved 1048576K
}
Event: 22.581 GC heap after
{Heap after GC invocations=15 (full 1):
 PSYoungGen      total 23040K, used 1024K [0x00000000d5580000, 0x00000000d7200000, 0x0000000100000000)
  eden space 22016K, 0% used [0x00000000d5580000,0x00000000d5580000,0x00000000d6b00000)
  from space 1024K, 100% used [0x00000000d7100000,0x00000000d7200000,0x00000000d7200000)
  to   space 2560K, 0% used [0x00000000d6d00000,0x00000000d6d00000,0x00000000d6f80000)
 ParOldGen       total 68608K, used 18583K [0x0000000080000000, 0x0000000084300000, 0x00000000d5580000)
  object space 68608K, 27% used [0x0000000080000000,0x0000000081225ca8,0x0000000084300000)
 Metaspace       used 34619K, committed 35648K, reserved 1114112K
  class space    used 3560K, committed 4032K, reserved 1048576K
}
Event: 22.673 GC heap before
{Heap before GC invocations=16 (full 1):
 PSYoungGen      total 23040K, used 4654K [0x00000000d5580000, 0x00000000d7200000, 0x0000000100000000)
  eden space 22016K, 16% used [0x00000000d5580000,0x00000000d590baa8,0x00000000d6b00000)
  from space 1024K, 100% used [0x00000000d7100000,0x00000000d7200000,0x00000000d7200000)
  to   space 2560K, 0% used [0x00000000d6d00000,0x00000000d6d00000,0x00000000d6f80000)
 ParOldGen       total 68608K, used 18583K [0x0000000080000000, 0x0000000084300000, 0x00000000d5580000)
  object space 68608K, 27% used [0x0000000080000000,0x0000000081225ca8,0x0000000084300000)
 Metaspace       used 34768K, committed 35840K, reserved 1114112K
  class space    used 3585K, committed 4032K, reserved 1048576K
}
Event: 22.677 GC heap after
{Heap after GC invocations=16 (full 1):
 PSYoungGen      total 24576K, used 426K [0x00000000d5580000, 0x00000000d7180000, 0x0000000100000000)
  eden space 22016K, 0% used [0x00000000d5580000,0x00000000d5580000,0x00000000d6b00000)
  from space 2560K, 16% used [0x00000000d6d00000,0x00000000d6d6abf0,0x00000000d6f80000)
  to   space 1536K, 0% used [0x00000000d7000000,0x00000000d7000000,0x00000000d7180000)
 ParOldGen       total 68608K, used 19415K [0x0000000080000000, 0x0000000084300000, 0x00000000d5580000)
  object space 68608K, 28% used [0x0000000080000000,0x00000000812f5cc0,0x0000000084300000)
 Metaspace       used 34768K, committed 35840K, reserved 1114112K
  class space    used 3585K, committed 4032K, reserved 1048576K
}
Event: 22.678 GC heap before
{Heap before GC invocations=17 (full 2):
 PSYoungGen      total 24576K, used 426K [0x00000000d5580000, 0x00000000d7180000, 0x0000000100000000)
  eden space 22016K, 0% used [0x00000000d5580000,0x00000000d5580000,0x00000000d6b00000)
  from space 2560K, 16% used [0x00000000d6d00000,0x00000000d6d6abf0,0x00000000d6f80000)
  to   space 1536K, 0% used [0x00000000d7000000,0x00000000d7000000,0x00000000d7180000)
 ParOldGen       total 68608K, used 19415K [0x0000000080000000, 0x0000000084300000, 0x00000000d5580000)
  object space 68608K, 28% used [0x0000000080000000,0x00000000812f5cc0,0x0000000084300000)
 Metaspace       used 34768K, committed 35840K, reserved 1114112K
  class space    used 3585K, committed 4032K, reserved 1048576K
}
Event: 22.753 GC heap after
{Heap after GC invocations=17 (full 2):
 PSYoungGen      total 24576K, used 0K [0x00000000d5580000, 0x00000000d7180000, 0x0000000100000000)
  eden space 22016K, 0% used [0x00000000d5580000,0x00000000d5580000,0x00000000d6b00000)
  from space 2560K, 0% used [0x00000000d6d00000,0x00000000d6d00000,0x00000000d6f80000)
  to   space 1536K, 0% used [0x00000000d7000000,0x00000000d7000000,0x00000000d7180000)
 ParOldGen       total 68608K, used 19000K [0x0000000080000000, 0x0000000084300000, 0x00000000d5580000)
  object space 68608K, 27% used [0x0000000080000000,0x000000008128e078,0x0000000084300000)
 Metaspace       used 34768K, committed 35840K, reserved 1114112K
  class space    used 3585K, committed 4032K, reserved 1048576K
}

Dll operation events (10 events):
Event: 0.048 Loaded shared library c:\Users\admin\.vscode\extensions\redhat.java-1.54.0-win32-x64\jre\21.0.10-win32-x86_64\bin\java.dll
Event: 0.089 Loaded shared library c:\Users\admin\.vscode\extensions\redhat.java-1.54.0-win32-x64\jre\21.0.10-win32-x86_64\bin\zip.dll
Event: 0.292 Loaded shared library C:\Users\admin\.vscode\extensions\redhat.java-1.54.0-win32-x64\jre\21.0.10-win32-x86_64\bin\instrument.dll
Event: 0.310 Loaded shared library C:\Users\admin\.vscode\extensions\redhat.java-1.54.0-win32-x64\jre\21.0.10-win32-x86_64\bin\net.dll
Event: 0.317 Loaded shared library C:\Users\admin\.vscode\extensions\redhat.java-1.54.0-win32-x64\jre\21.0.10-win32-x86_64\bin\nio.dll
Event: 0.331 Loaded shared library C:\Users\admin\.vscode\extensions\redhat.java-1.54.0-win32-x64\jre\21.0.10-win32-x86_64\bin\zip.dll
Event: 0.377 Loaded shared library C:\Users\admin\.vscode\extensions\redhat.java-1.54.0-win32-x64\jre\21.0.10-win32-x86_64\bin\jimage.dll
Event: 0.618 Loaded shared library c:\Users\admin\.vscode\extensions\redhat.java-1.54.0-win32-x64\jre\21.0.10-win32-x86_64\bin\verify.dll
Event: 3.491 Loaded shared library C:\Users\admin\AppData\Roaming\Code\User\globalStorage\redhat.java\1.54.0\config_win\org.eclipse.equinox.launcher\org.eclipse.equinox.launcher.win32.win32.x86_64_1.3.0.v20260203-2149\eclipse_11919.dll
Event: 13.149 Loaded shared library C:\Users\admin\AppData\Local\Temp\jna-92668751\jna12929270463868409229.dll

Deoptimization events (20 events):
Event: 22.422 Thread 0x00000284799081c0 Uncommon trap: trap_request=0xffffff45 fr.pc=0x0000028407b31844 relative=0x0000000000000124
Event: 22.422 Thread 0x00000284799081c0 Uncommon trap: reason=unstable_if action=reinterpret pc=0x0000028407b31844 method=jdk.internal.org.objectweb.asm.SymbolTable.put(Ljdk/internal/org/objectweb/asm/SymbolTable$Entry;)Ljdk/internal/org/objectweb/asm/SymbolTable$Entry; @ 13 c2
Event: 22.423 Thread 0x00000284799081c0 DEOPT PACKING pc=0x0000028407b31844 sp=0x000000fbec2fbfa0
Event: 22.423 Thread 0x00000284799081c0 DEOPT UNPACKING pc=0x0000028407583aa2 sp=0x000000fbec2fbf00 mode 2
Event: 22.628 Thread 0x00000284799081c0 Uncommon trap: trap_request=0xffffff45 fr.pc=0x0000028407cefdc0 relative=0x0000000000000440
Event: 22.629 Thread 0x00000284799081c0 Uncommon trap: reason=unstable_if action=reinterpret pc=0x0000028407cefdc0 method=java.util.regex.Pattern$BmpCharPropertyGreedy.match(Ljava/util/regex/Matcher;ILjava/lang/CharSequence;)Z @ 12 c2
Event: 22.629 Thread 0x00000284799081c0 DEOPT PACKING pc=0x0000028407cefdc0 sp=0x000000fbec2fe040
Event: 22.629 Thread 0x00000284799081c0 DEOPT UNPACKING pc=0x0000028407583aa2 sp=0x000000fbec2fdfd8 mode 2
Event: 23.851 Thread 0x00000284799081c0 Uncommon trap: trap_request=0xffffff45 fr.pc=0x0000028407ccff48 relative=0x0000000000000708
Event: 23.852 Thread 0x00000284799081c0 Uncommon trap: reason=unstable_if action=reinterpret pc=0x0000028407ccff48 method=java.util.regex.Pattern$BmpCharPropertyGreedy.match(Ljava/util/regex/Matcher;ILjava/lang/CharSequence;)Z @ 12 c2
Event: 23.852 Thread 0x00000284799081c0 DEOPT PACKING pc=0x0000028407ccff48 sp=0x000000fbec2fd650
Event: 23.852 Thread 0x00000284799081c0 DEOPT UNPACKING pc=0x0000028407583aa2 sp=0x000000fbec2fd518 mode 2
Event: 24.189 Thread 0x000002846d08f320 Uncommon trap: trap_request=0xffffff45 fr.pc=0x0000028407d0bae0 relative=0x00000000000011a0
Event: 24.189 Thread 0x000002846d08f320 Uncommon trap: reason=unstable_if action=reinterpret pc=0x0000028407d0bae0 method=java.util.Properties.loadConvert([CIILjava/lang/StringBuilder;)Ljava/lang/String; @ 477 c2
Event: 24.189 Thread 0x000002846d08f320 DEOPT PACKING pc=0x0000028407d0bae0 sp=0x000000fbea9f9c70
Event: 24.189 Thread 0x000002846d08f320 DEOPT UNPACKING pc=0x0000028407583aa2 sp=0x000000fbea9f9c28 mode 2
Event: 25.551 Thread 0x000002846d08f320 Uncommon trap: trap_request=0xffffff45 fr.pc=0x0000028407cd5990 relative=0x0000000000000110
Event: 25.551 Thread 0x000002846d08f320 Uncommon trap: reason=unstable_if action=reinterpret pc=0x0000028407cd5990 method=java.io.WinNTFileSystem.normalize(Ljava/lang/String;)Ljava/lang/String; @ 74 c2
Event: 25.552 Thread 0x000002846d08f320 DEOPT PACKING pc=0x0000028407cd5990 sp=0x000000fbea9feae0
Event: 25.552 Thread 0x000002846d08f320 DEOPT UNPACKING pc=0x0000028407583aa2 sp=0x000000fbea9feac8 mode 2

Classes loaded (20 events):
Event: 25.576 Loading class java/nio/channels/AsynchronousFileChannel done
Event: 25.576 Loading class sun/nio/fs/WindowsChannelFactory$2
Event: 25.576 Loading class sun/nio/fs/WindowsChannelFactory$2 done
Event: 25.576 Loading class sun/nio/ch/WindowsAsynchronousFileChannelImpl
Event: 25.582 Loading class sun/nio/ch/Iocp$OverlappedChannel
Event: 25.582 Loading class sun/nio/ch/Iocp$OverlappedChannel done
Event: 25.582 Loading class sun/nio/ch/Groupable
Event: 25.582 Loading class sun/nio/ch/Groupable done
Event: 25.582 Loading class sun/nio/ch/AsynchronousFileChannelImpl
Event: 25.583 Loading class sun/nio/ch/AsynchronousFileChannelImpl done
Event: 25.583 Loading class sun/nio/ch/WindowsAsynchronousFileChannelImpl done
Event: 25.583 Loading class sun/nio/ch/WindowsAsynchronousFileChannelImpl$DefaultIocpHolder
Event: 25.583 Loading class sun/nio/ch/WindowsAsynchronousFileChannelImpl$DefaultIocpHolder done
Event: 25.583 Loading class sun/nio/ch/Iocp
Event: 25.587 Loading class sun/nio/ch/AsynchronousChannelGroupImpl
Event: 25.588 Loading class java/nio/channels/AsynchronousChannelGroup
Event: 25.588 Loading class java/nio/channels/AsynchronousChannelGroup done
Event: 25.588 Loading class sun/nio/ch/AsynchronousChannelGroupImpl done
Event: 25.588 Loading class sun/nio/ch/Iocp done
Event: 25.589 Loading class sun/nio/ch/Iocp$CompletionStatus

Classes unloaded (7 events):
Event: 15.175 Thread 0x0000028478462640 Unloading class 0x00000284101ac000 'java/lang/invoke/LambdaForm$MH+0x00000284101ac000'
Event: 15.175 Thread 0x0000028478462640 Unloading class 0x00000284101abc00 'java/lang/invoke/LambdaForm$MH+0x00000284101abc00'
Event: 15.175 Thread 0x0000028478462640 Unloading class 0x00000284101ab800 'java/lang/invoke/LambdaForm$MH+0x00000284101ab800'
Event: 15.175 Thread 0x0000028478462640 Unloading class 0x00000284101ab400 'java/lang/invoke/LambdaForm$MH+0x00000284101ab400'
Event: 15.175 Thread 0x0000028478462640 Unloading class 0x00000284101ab000 'java/lang/invoke/LambdaForm$BMH+0x00000284101ab000'
Event: 15.175 Thread 0x0000028478462640 Unloading class 0x00000284101aac00 'java/lang/invoke/LambdaForm$DMH+0x00000284101aac00'
Event: 15.175 Thread 0x0000028478462640 Unloading class 0x00000284101a9c00 'java/lang/invoke/LambdaForm$DMH+0x00000284101a9c00'

Classes redefined (6 events):
Event: 0.942 Thread 0x0000028478462640 redefined class name=java.io.FileOutputStream, count=1
Event: 0.947 Thread 0x0000028478462640 redefined class name=java.io.File, count=1
Event: 0.953 Thread 0x0000028478462640 redefined class name=java.nio.file.Files, count=1
Event: 0.961 Thread 0x0000028478462640 redefined class name=java.lang.ClassLoader, count=1
Event: 0.967 Thread 0x0000028478462640 redefined class name=java.net.URLStreamHandler, count=1
Event: 0.972 Thread 0x0000028478462640 redefined class name=java.lang.Thread, count=1

Internal exceptions (20 events):
Event: 16.928 Thread 0x00000284799081c0 Exception <a 'java/lang/NoSuchMethodError'{0x00000000d6051c90}: 'double java.lang.invoke.DirectMethodHandle$Holder.invokeStaticInit(java.lang.Object, java.lang.Object)'> (0x00000000d6051c90) 
thrown [s\src\hotspot\share\interpreter\linkResolver.cpp, line 773]
Event: 17.981 Thread 0x000002847e7b4cb0 Exception <a 'java/lang/NoSuchMethodError'{0x00000000d6966c18}: 'java.lang.Object java.lang.invoke.DirectMethodHandle$Holder.invokeSpecialIFC(java.lang.Object, java.lang.Object, java.lang.Object, java.lang.Object)'> (0x00000000d6966c18) 
thrown [s\src\hotspot\share\interpreter\linkResolver.cpp, line 773]
Event: 18.307 Thread 0x00000284799081c0 Implicit null exception at 0x0000028407ce3f75 to 0x0000028407ce4050
Event: 18.823 Thread 0x00000284799081c0 Exception <a 'java/lang/NoSuchMethodError'{0x00000000d5fc9050}: 'java.lang.Object java.lang.invoke.DirectMethodHandle$Holder.newInvokeSpecial(java.lang.Object, int, java.lang.Object, java.lang.Object)'> (0x00000000d5fc9050) 
thrown [s\src\hotspot\share\interpreter\linkResolver.cpp, line 773]
Event: 18.834 Thread 0x00000284799081c0 Exception <a 'java/io/FileNotFoundException'{0x00000000d5fdf4d8}> (0x00000000d5fdf4d8) 
thrown [s\src\hotspot\share\prims\jni.cpp, line 520]
Event: 18.835 Thread 0x00000284799081c0 Exception <a 'java/io/FileNotFoundException'{0x00000000d5fe08a0}> (0x00000000d5fe08a0) 
thrown [s\src\hotspot\share\prims\jni.cpp, line 520]
Event: 19.854 Thread 0x000002847e7b4cb0 Exception <a 'java/lang/NoClassDefFoundError'{0x00000000d58fee60}: javax/enterprise/inject/Typed> (0x00000000d58fee60) 
thrown [s\src\hotspot\share\classfile\systemDictionary.cpp, line 301]
Event: 20.045 Thread 0x00000284799081c0 Exception <a 'java/lang/ClassNotFoundException'{0x00000000d5c3ce10}: com/sun/org/apache/xerces/internal/impl/msg/spi/DOMMessagesProvider> (0x00000000d5c3ce10) 
thrown [s\src\hotspot\share\classfile\systemDictionary.cpp, line 312]
Event: 20.056 Thread 0x00000284799081c0 Exception <a 'java/lang/ClassNotFoundException'{0x00000000d5d19790}: com/sun/org/apache/xerces/internal/impl/msg/spi/XMLSerializerMessagesProvider> (0x00000000d5d19790) 
thrown [s\src\hotspot\share\classfile\systemDictionary.cpp, line 312]
Event: 20.064 Thread 0x00000284799081c0 Exception <a 'java/lang/ClassNotFoundException'{0x00000000d5d31e60}: com/sun/org/apache/xerces/internal/impl/msg/spi/XMLMessagesProvider> (0x00000000d5d31e60) 
thrown [s\src\hotspot\share\classfile\systemDictionary.cpp, line 312]
Event: 20.826 Thread 0x00000284799081c0 Exception <a 'java/lang/ClassNotFoundException'{0x00000000d5c0c130}: com/sun/org/apache/xml/internal/serializer/spi/XMLEntitiesProvider> (0x00000000d5c0c130) 
thrown [s\src\hotspot\share\classfile\systemDictionary.cpp, line 312]
Event: 21.250 Thread 0x00000284799081c0 Exception <a 'java/io/FileNotFoundException'{0x00000000d650a448}> (0x00000000d650a448) 
thrown [s\src\hotspot\share\prims\jni.cpp, line 520]
Event: 22.460 Thread 0x00000284799081c0 Exception <a 'java/lang/UnsatisfiedLinkError'{0x00000000d680cf68}: La procédure spécifiée est introuvable.
> (0x00000000d680cf68) 
thrown [s\src\hotspot\share\prims\jni.cpp, line 539]
Event: 22.502 Thread 0x00000284799081c0 Exception <a 'java/io/FileNotFoundException'{0x00000000d6825a58}> (0x00000000d6825a58) 
thrown [s\src\hotspot\share\prims\jni.cpp, line 520]
Event: 22.553 Thread 0x00000284799081c0 Exception <a 'java/io/FileNotFoundException'{0x00000000d699e890}> (0x00000000d699e890) 
thrown [s\src\hotspot\share\prims\jni.cpp, line 520]
Event: 22.573 Thread 0x00000284799081c0 Exception <a 'java/lang/UnsatisfiedLinkError'{0x00000000d6a5d280}: La procédure spécifiée est introuvable.
> (0x00000000d6a5d280) 
thrown [s\src\hotspot\share\prims\jni.cpp, line 539]
Event: 24.061 Thread 0x000002847e7b6060 Exception <a 'java/lang/NoSuchMethodError'{0x00000000d5cfec90}: 'void java.lang.invoke.DirectMethodHandle$Holder.invokeStaticInit(java.lang.Object, java.lang.Object, java.lang.Object, java.lang.Object)'> (0x00000000d5cfec90) 
thrown [s\src\hotspot\share\interpreter\linkResolver.cpp, line 773]
Event: 25.522 Thread 0x000002846d08f320 Exception <a 'java/lang/NoSuchMethodError'{0x00000000d664c4c8}: 'java.lang.Object java.lang.invoke.DirectMethodHandle$Holder.invokeStatic(java.lang.Object, long, java.lang.Object)'> (0x00000000d664c4c8) 
thrown [s\src\hotspot\share\interpreter\linkResolver.cpp, line 773]
Event: 25.528 Thread 0x000002846d08f320 Exception <a 'java/lang/NoSuchMethodError'{0x00000000d6689e78}: 'java.lang.Object java.lang.invoke.DirectMethodHandle$Holder.invokeStaticInit(java.lang.Object, long, java.lang.Object)'> (0x00000000d6689e78) 
thrown [s\src\hotspot\share\interpreter\linkResolver.cpp, line 773]
Event: 25.538 Thread 0x000002846d08f320 Exception <a 'java/lang/NoSuchMethodError'{0x00000000d66a52a8}: 'java.lang.Object java.lang.invoke.DirectMethodHandle$Holder.newInvokeSpecial(java.lang.Object, long)'> (0x00000000d66a52a8) 
thrown [s\src\hotspot\share\interpreter\linkResolver.cpp, line 773]

ZGC Phase Switch (0 events):
No events

VM Operations (20 events):
Event: 19.796 Executing non-safepoint VM operation: HandshakeAllThreads (Deoptimize) done
Event: 20.341 Executing non-safepoint VM operation: HandshakeAllThreads (Deoptimize)
Event: 20.359 Executing non-safepoint VM operation: HandshakeAllThreads (Deoptimize) done
Event: 20.500 Executing safepoint VM operation: ParallelGCFailedAllocation (Allocation Failure)
Event: 20.516 Executing safepoint VM operation: ParallelGCFailedAllocation (Allocation Failure) done
Event: 20.955 Executing non-safepoint VM operation: HandshakeAllThreads (Deoptimize)
Event: 20.955 Executing non-safepoint VM operation: HandshakeAllThreads (Deoptimize) done
Event: 21.955 Executing safepoint VM operation: Cleanup
Event: 21.955 Executing safepoint VM operation: Cleanup done
Event: 22.402 Executing non-safepoint VM operation: HandshakeAllThreads (Deoptimize)
Event: 22.402 Executing non-safepoint VM operation: HandshakeAllThreads (Deoptimize) done
Event: 22.576 Executing safepoint VM operation: ParallelGCFailedAllocation (Allocation Failure)
Event: 22.581 Executing safepoint VM operation: ParallelGCFailedAllocation (Allocation Failure) done
Event: 22.673 Executing safepoint VM operation: CollectForMetadataAllocation (Metadata GC Threshold)
Event: 22.753 Executing safepoint VM operation: CollectForMetadataAllocation (Metadata GC Threshold) done
Event: 24.759 Executing safepoint VM operation: Cleanup
Event: 25.239 Executing safepoint VM operation: Cleanup done
Event: 25.476 Executing non-safepoint VM operation: HandshakeAllThreads (Deoptimize)
Event: 25.484 Executing non-safepoint VM operation: HandshakeAllThreads (Deoptimize) done
Event: 26.496 Executing safepoint VM operation: Cleanup

Memory protections (0 events):
No events

Nmethod flushes (20 events):
Event: 22.715 Thread 0x0000028478462640 flushing osr nmethod 0x0000028400663d10
Event: 22.715 Thread 0x0000028478462640 flushing  nmethod 0x0000028400664810
Event: 22.715 Thread 0x0000028478462640 flushing  nmethod 0x0000028400688110
Event: 22.715 Thread 0x0000028478462640 flushing  nmethod 0x00000284006c8790
Event: 22.715 Thread 0x0000028478462640 flushing  nmethod 0x00000284006ca090
Event: 22.715 Thread 0x0000028478462640 flushing  nmethod 0x00000284006ca990
Event: 22.715 Thread 0x0000028478462640 flushing  nmethod 0x00000284006cbb90
Event: 22.715 Thread 0x0000028478462640 flushing  nmethod 0x00000284006cf110
Event: 22.715 Thread 0x0000028478462640 flushing  nmethod 0x00000284006d0e10
Event: 22.715 Thread 0x0000028478462640 flushing  nmethod 0x00000284006d1710
Event: 22.715 Thread 0x0000028478462640 flushing  nmethod 0x00000284006d2010
Event: 22.715 Thread 0x0000028478462640 flushing  nmethod 0x00000284006d3210
Event: 22.715 Thread 0x0000028478462640 flushing  nmethod 0x00000284006d4410
Event: 22.715 Thread 0x0000028478462640 flushing  nmethod 0x00000284006dfe10
Event: 22.715 Thread 0x0000028478462640 flushing  nmethod 0x0000028400725410
Event: 22.715 Thread 0x0000028478462640 flushing  nmethod 0x0000028400727b90
Event: 22.715 Thread 0x0000028478462640 flushing  nmethod 0x000002840072c510
Event: 22.715 Thread 0x0000028478462640 flushing  nmethod 0x0000028400733810
Event: 22.715 Thread 0x0000028478462640 flushing  nmethod 0x0000028400776810
Event: 22.715 Thread 0x0000028478462640 flushing  nmethod 0x0000028400797a90

Events (20 events):
Event: 11.042 Thread 0x0000028479a19930 Thread exited: 0x0000028479a19930
Event: 11.234 Thread 0x0000028479a10be0 Thread exited: 0x0000028479a10be0
Event: 11.469 Thread 0x00000284799081c0 Thread added: 0x0000028479686600
Event: 12.402 Thread 0x00000284784a8770 Thread added: 0x000002847972c360
Event: 12.586 Thread 0x00000284784a8770 Thread added: 0x000002847e63f990
Event: 12.794 Thread 0x000002847e63f990 Thread exited: 0x000002847e63f990
Event: 12.817 Thread 0x000002847972c360 Thread exited: 0x000002847972c360
Event: 13.270 Thread 0x00000284799081c0 Thread added: 0x000002847e7b59d0
Event: 13.432 Thread 0x00000284799081c0 Thread added: 0x000002847e7b6060
Event: 13.534 Thread 0x00000284799081c0 Thread added: 0x000002847e7b4cb0
Event: 13.622 Thread 0x00000284784a8770 Thread added: 0x000002847ee01e00
Event: 13.737 Thread 0x000002847e7b4cb0 Thread added: 0x000002847e7b8130
Event: 14.043 Thread 0x000002847ee01e00 Thread exited: 0x000002847ee01e00
Event: 14.730 Thread 0x000002847849bf80 Thread added: 0x000002847e6325a0
Event: 15.253 Thread 0x000002847e6325a0 Thread exited: 0x000002847e6325a0
Event: 16.542 Thread 0x00000284784a8770 Thread added: 0x000002847e4e49b0
Event: 19.182 Thread 0x00000284784a8770 Thread added: 0x00000284507727a0
Event: 20.224 Thread 0x00000284799081c0 Thread added: 0x000002847e7b6d80
Event: 20.349 Thread 0x000002847e7b6060 Thread added: 0x000002847e7b5340
Event: 25.336 Thread 0x000002847e7b5340 Thread added: 0x000002847e7b7410


Dynamic libraries:
0x00007ff71acf0000 - 0x00007ff71acfe000 	c:\Users\admin\.vscode\extensions\redhat.java-1.54.0-win32-x64\jre\21.0.10-win32-x86_64\bin\java.exe
0x00007ff9d03e0000 - 0x00007ff9d0647000 	C:\WINDOWS\SYSTEM32\ntdll.dll
0x00000000776d0000 - 0x000000007770e000 	C:\WINDOWS\System32\cyinjct.dll
0x00007ff9cfb70000 - 0x00007ff9cfb94000 	C:\WINDOWS\System32\cyvera.dll
0x000002846d140000 - 0x000002846d209000 	C:\WINDOWS\System32\KERNEL32.dll
0x00007ff9cfd00000 - 0x00007ff9d00f4000 	C:\WINDOWS\System32\KERNELBASE.dll
0x00007ff9cfa00000 - 0x00007ff9cfb66000 	C:\WINDOWS\System32\cyvrtrap.dll
0x00007ff99d2e0000 - 0x00007ff99d301000 	C:\Program Files\Avast Software\Avast\aswhook.dll
0x00007ff9cd9b0000 - 0x00007ff9cdafb000 	C:\WINDOWS\System32\ucrtbase.dll
0x00007ff9b38d0000 - 0x00007ff9b38e8000 	c:\Users\admin\.vscode\extensions\redhat.java-1.54.0-win32-x64\jre\21.0.10-win32-x86_64\bin\jli.dll
0x00007ff9d01d0000 - 0x00007ff9d0395000 	C:\WINDOWS\System32\USER32.dll
0x00007ff9cdb00000 - 0x00007ff9cdb27000 	C:\WINDOWS\System32\win32u.dll
0x00007ff9ce220000 - 0x00007ff9ce24b000 	C:\WINDOWS\System32\GDI32.dll
0x00007ff9cd710000 - 0x00007ff9cd83b000 	C:\WINDOWS\System32\gdi32full.dll
0x00007ff9cca70000 - 0x00007ff9ccb13000 	C:\WINDOWS\System32\msvcp_win.dll
0x00007ff9b38b0000 - 0x00007ff9b38ce000 	c:\Users\admin\.vscode\extensions\redhat.java-1.54.0-win32-x64\jre\21.0.10-win32-x86_64\bin\VCRUNTIME140.dll
0x00007ff9aca80000 - 0x00007ff9acd13000 	C:\WINDOWS\WinSxS\amd64_microsoft.windows.common-controls_6595b64144ccf1df_6.0.26100.8115_none_3e075c82e3354f9c\COMCTL32.dll
0x00007ff9cebb0000 - 0x00007ff9cec59000 	C:\WINDOWS\System32\msvcrt.dll
0x00007ff9cf960000 - 0x00007ff9cf992000 	C:\WINDOWS\System32\IMM32.DLL
0x00007ff9c9540000 - 0x00007ff9c954c000 	c:\Users\admin\.vscode\extensions\redhat.java-1.54.0-win32-x64\jre\21.0.10-win32-x86_64\bin\vcruntime140_1.dll
0x00007ff985ba0000 - 0x00007ff985c2d000 	c:\Users\admin\.vscode\extensions\redhat.java-1.54.0-win32-x64\jre\21.0.10-win32-x86_64\bin\msvcp140.dll
0x00007ff8f45a0000 - 0x00007ff8f5341000 	c:\Users\admin\.vscode\extensions\redhat.java-1.54.0-win32-x64\jre\21.0.10-win32-x86_64\bin\server\jvm.dll
0x00007ff9cf7e0000 - 0x00007ff9cf896000 	C:\WINDOWS\System32\ADVAPI32.dll
0x00007ff9ced40000 - 0x00007ff9cede7000 	C:\WINDOWS\System32\sechost.dll
0x00007ff9cfbe0000 - 0x00007ff9cfcf8000 	C:\WINDOWS\System32\RPCRT4.dll
0x00007ff9ceef0000 - 0x00007ff9cef70000 	C:\WINDOWS\System32\WS2_32.dll
0x00007ff9cc8d0000 - 0x00007ff9cc92e000 	C:\WINDOWS\SYSTEM32\POWRPROF.dll
0x00007ff9c9950000 - 0x00007ff9c9986000 	C:\WINDOWS\SYSTEM32\WINMM.dll
0x00007ff9c56d0000 - 0x00007ff9c56db000 	C:\WINDOWS\SYSTEM32\VERSION.dll
0x00007ff9cc8a0000 - 0x00007ff9cc8b4000 	C:\WINDOWS\SYSTEM32\UMPDC.dll
0x00007ff9cb7c0000 - 0x00007ff9cb7db000 	C:\WINDOWS\SYSTEM32\kernel.appcore.dll
0x00007ff9c6e00000 - 0x00007ff9c6e0a000 	c:\Users\admin\.vscode\extensions\redhat.java-1.54.0-win32-x64\jre\21.0.10-win32-x86_64\bin\jimage.dll
0x00007ff9ca840000 - 0x00007ff9caa82000 	C:\WINDOWS\SYSTEM32\DBGHELP.DLL
0x00007ff9cdb30000 - 0x00007ff9cdeb2000 	C:\WINDOWS\System32\combase.dll
0x00007ff9cec60000 - 0x00007ff9ced38000 	C:\WINDOWS\System32\OLEAUT32.dll
0x00007ff9b8b60000 - 0x00007ff9b8b9b000 	C:\WINDOWS\SYSTEM32\dbgcore.DLL
0x00007ff9cd900000 - 0x00007ff9cd9a5000 	C:\WINDOWS\System32\bcryptPrimitives.dll
0x00007ff9c9530000 - 0x00007ff9c953f000 	c:\Users\admin\.vscode\extensions\redhat.java-1.54.0-win32-x64\jre\21.0.10-win32-x86_64\bin\instrument.dll
0x00007ff9af260000 - 0x00007ff9af280000 	c:\Users\admin\.vscode\extensions\redhat.java-1.54.0-win32-x64\jre\21.0.10-win32-x86_64\bin\java.dll
0x00007ff9cf9a0000 - 0x00007ff9cf9fa000 	C:\Program Files\Palo Alto Networks\Traps\cyjagent.dll
0x00007ff9af240000 - 0x00007ff9af258000 	c:\Users\admin\.vscode\extensions\redhat.java-1.54.0-win32-x64\jre\21.0.10-win32-x86_64\bin\zip.dll
0x00007ff9ceff0000 - 0x00007ff9cf757000 	C:\WINDOWS\System32\SHELL32.dll
0x00007ff9ccd30000 - 0x00007ff9cce9a000 	C:\WINDOWS\System32\wintypes.dll
0x00007ff9ccea0000 - 0x00007ff9cd708000 	C:\WINDOWS\System32\windows.storage.dll
0x00007ff9ce700000 - 0x00007ff9ce7f8000 	C:\WINDOWS\System32\SHCORE.dll
0x00007ff9ce800000 - 0x00007ff9ce866000 	C:\WINDOWS\System32\shlwapi.dll
0x00007ff9cc990000 - 0x00007ff9cc9b9000 	C:\WINDOWS\SYSTEM32\profapi.dll
0x00007ff9bfc10000 - 0x00007ff9bfc20000 	C:\Users\admin\.vscode\extensions\redhat.java-1.54.0-win32-x64\jre\21.0.10-win32-x86_64\bin\net.dll
0x00007ff9c65f0000 - 0x00007ff9c671d000 	C:\WINDOWS\SYSTEM32\WINHTTP.dll
0x00007ff9cbd10000 - 0x00007ff9cbd7c000 	C:\WINDOWS\system32\mswsock.dll
0x00007ff98bd10000 - 0x00007ff98bd26000 	C:\Users\admin\.vscode\extensions\redhat.java-1.54.0-win32-x64\jre\21.0.10-win32-x86_64\bin\nio.dll
0x00007ff9b91a0000 - 0x00007ff9b91b0000 	c:\Users\admin\.vscode\extensions\redhat.java-1.54.0-win32-x64\jre\21.0.10-win32-x86_64\bin\verify.dll
0x00007ff9aefe0000 - 0x00007ff9af025000 	C:\Users\admin\AppData\Roaming\Code\User\globalStorage\redhat.java\1.54.0\config_win\org.eclipse.equinox.launcher\org.eclipse.equinox.launcher.win32.win32.x86_64_1.3.0.v20260203-2149\eclipse_11919.dll
0x00007ff9cdec0000 - 0x00007ff9ce057000 	C:\WINDOWS\System32\ole32.dll
0x00007ff9cc110000 - 0x00007ff9cc12b000 	C:\WINDOWS\SYSTEM32\CRYPTSP.dll
0x00007ff9cb720000 - 0x00007ff9cb759000 	C:\WINDOWS\system32\rsaenh.dll
0x00007ff9cbdc0000 - 0x00007ff9cbdf3000 	C:\WINDOWS\SYSTEM32\USERENV.dll
0x00007ff9cc960000 - 0x00007ff9cc98a000 	C:\WINDOWS\SYSTEM32\bcrypt.dll
0x00007ff9cc0f0000 - 0x00007ff9cc0fc000 	C:\WINDOWS\SYSTEM32\CRYPTBASE.dll
0x00007ff9caf70000 - 0x00007ff9cafa2000 	C:\WINDOWS\SYSTEM32\IPHLPAPI.DLL
0x00007ff9ce6f0000 - 0x00007ff9ce6fa000 	C:\WINDOWS\System32\NSI.dll
0x00007ff9aef90000 - 0x00007ff9aefd9000 	C:\Users\admin\AppData\Local\Temp\jna-92668751\jna12929270463868409229.dll
0x00007ff9cefd0000 - 0x00007ff9cefd8000 	C:\WINDOWS\System32\PSAPI.DLL
0x00007ff9c6910000 - 0x00007ff9c692d000 	C:\WINDOWS\SYSTEM32\dhcpcsvc6.DLL
0x00007ff9c68e0000 - 0x00007ff9c6905000 	C:\WINDOWS\SYSTEM32\dhcpcsvc.DLL

JVMTI agents:
c:\Users\admin\.vscode\extensions\redhat.java-1.54.0-win32-x64\lombok\lombok-1.18.39-4050.jar path:c:\Users\admin\.vscode\extensions\redhat.java-1.54.0-win32-x64\jre\21.0.10-win32-x86_64\bin\instrument.dll, loaded, initialized, instrumentlib options:none
C:\Program Files\Palo Alto Networks\Traps\cyjagent.dll path:C:\Program Files\Palo Alto Networks\Traps\cyjagent.dll, loaded, initialized, options:none

dbghelp: loaded successfully - version: 4.0.5 - missing functions: none
symbol engine: initialized successfully - sym options: 0x614 - pdb path: .;c:\Users\admin\.vscode\extensions\redhat.java-1.54.0-win32-x64\jre\21.0.10-win32-x86_64\bin;C:\WINDOWS\SYSTEM32;C:\Program Files\Avast Software\Avast;C:\WINDOWS\WinSxS\amd64_microsoft.windows.common-controls_6595b64144ccf1df_6.0.26100.8115_none_3e075c82e3354f9c;c:\Users\admin\.vscode\extensions\redhat.java-1.54.0-win32-x64\jre\21.0.10-win32-x86_64\bin\server;C:\Program Files\Palo Alto Networks\Traps;C:\Users\admin\AppData\Roaming\Code\User\globalStorage\redhat.java\1.54.0\config_win\org.eclipse.equinox.launcher\org.eclipse.equinox.launcher.win32.win32.x86_64_1.3.0.v20260203-2149;C:\Users\admin\AppData\Local\Temp\jna-92668751

VM Arguments:
jvm_args: --add-modules=ALL-SYSTEM --add-opens=java.base/java.util=ALL-UNNAMED --add-opens=java.base/java.lang=ALL-UNNAMED --add-opens=java.base/sun.nio.fs=ALL-UNNAMED -Declipse.application=org.eclipse.jdt.ls.core.id1 -Dosgi.bundles.defaultStartLevel=4 -Declipse.product=org.eclipse.jdt.ls.core.product -Djava.import.generatesMetadataFilesAtProjectRoot=false -DDetectVMInstallationsJob.disabled=true -Dfile.encoding=utf8 -XX:+UseParallelGC -XX:GCTimeRatio=4 -XX:AdaptiveSizePolicyWeight=90 -Dsun.zip.disableMemoryMapping=true -Xmx2G -Xms100m -Xlog:disable -javaagent:c:\Users\admin\.vscode\extensions\redhat.java-1.54.0-win32-x64\lombok\lombok-1.18.39-4050.jar -XX:+HeapDumpOnOutOfMemoryError -XX:HeapDumpPath=c:\Users\admin\AppData\Roaming\Code\User\workspaceStorage\1c6c7382f2917cdd6518ce0c012ef50e\redhat.java -Daether.dependencyCollector.impl=bf -agentpath:C:\Program Files\Palo Alto Networks\Traps\cyjagent.dll 
java_command: c:\Users\admin\.vscode\extensions\redhat.java-1.54.0-win32-x64\server\plugins\org.eclipse.equinox.launcher_1.7.100.v20251111-0406.jar -configuration c:\Users\admin\AppData\Roaming\Code\User\globalStorage\redhat.java\1.54.0\config_win -data c:\Users\admin\AppData\Roaming\Code\User\workspaceStorage\1c6c7382f2917cdd6518ce0c012ef50e\redhat.java\jdt_ws --pipe=\\.\pipe\lsp-3bf000d27871ede0a4d68c4dc507ac2c-sock
java_class_path (initial): c:\Users\admin\.vscode\extensions\redhat.java-1.54.0-win32-x64\server\plugins\org.eclipse.equinox.launcher_1.7.100.v20251111-0406.jar
Launcher Type: SUN_STANDARD

[Global flags]
    uintx AdaptiveSizePolicyWeight                 = 90                                        {product} {command line}
     intx CICompilerCount                          = 4                                         {product} {ergonomic}
    uintx GCTimeRatio                              = 4                                         {product} {command line}
     bool HeapDumpOnOutOfMemoryError               = true                                   {manageable} {command line}
    ccstr HeapDumpPath                             = c:\Users\admin\AppData\Roaming\Code\User\workspaceStorage\1c6c7382f2917cdd6518ce0c012ef50e\redhat.java         {manageable} {command line}
   size_t InitialHeapSize                          = 104857600                                 {product} {command line}
   size_t MaxHeapSize                              = 2147483648                                {product} {command line}
   size_t MaxNewSize                               = 715653120                                 {product} {ergonomic}
   size_t MinHeapDeltaBytes                        = 524288                                    {product} {ergonomic}
   size_t MinHeapSize                              = 104857600                                 {product} {command line}
   size_t NewSize                                  = 34603008                                  {product} {ergonomic}
    uintx NonNMethodCodeHeapSize                   = 5839372                                {pd product} {ergonomic}
    uintx NonProfiledCodeHeapSize                  = 122909434                              {pd product} {ergonomic}
   size_t OldSize                                  = 70254592                                  {product} {ergonomic}
    uintx ProfiledCodeHeapSize                     = 122909434                              {pd product} {ergonomic}
    uintx ReservedCodeCacheSize                    = 251658240                              {pd product} {ergonomic}
     bool SegmentedCodeCache                       = true                                      {product} {ergonomic}
   size_t SoftMaxHeapSize                          = 2147483648                             {manageable} {ergonomic}
     bool UseCompressedOops                        = true                           {product lp64_product} {ergonomic}
     bool UseLargePagesIndividualAllocation        = false                                  {pd product} {ergonomic}
     bool UseParallelGC                            = true                                      {product} {command line}

Logging:
Log output configuration:
 #0: stdout all=off uptime,level,tags foldmultilines=false
 #1: stderr all=off uptime,level,tags foldmultilines=false

Release file:
JAVA_VERSION="21.0.10" 
MODULES="java.base java.compiler java.datatransfer java.xml java.prefs java.desktop java.instrument java.logging java.management java.security.sasl java.naming java.rmi java.management.rmi java.net.http java.scripting java.security.jgss java.transaction.xa java.sql java.sql.rowset java.xml.crypto java.se java.smartcardio jdk.accessibility jdk.internal.jvmstat jdk.attach jdk.charsets jdk.internal.opt jdk.zipfs jdk.compiler jdk.crypto.ec jdk.crypto.cryptoki jdk.crypto.mscapi jdk.dynalink jdk.internal.ed jdk.editpad jdk.hotspot.agent jdk.httpserver jdk.internal.le jdk.internal.vm.ci jdk.internal.vm.compiler jdk.internal.vm.compiler.management jdk.jartool jdk.javadoc jdk.jcmd jdk.management jdk.management.agent jdk.jconsole jdk.jdeps jdk.jdwp.agent jdk.jdi jdk.jfr jdk.jshell jdk.jsobject jdk.jstatd jdk.localedata jdk.management.jfr jdk.naming.dns jdk.naming.rmi jdk.net jdk.nio.mapmode jdk.random jdk.sctp jdk.security.auth jdk.security.jgss jdk.unsupported jdk.unsupported.desktop jdk.xml.dom" 

Environment Variables:
JAVA_HOME=C:\Program Files\Java\jdk-17
PATH=C:\Program Files (x86)\VMware\VMware Workstation\bin\;C:\oraclexe\app\oracle\product\11.2.0\server\bin;C:\Program Files (x86)\Common Files\Oracle\Java\javapath;C:\WINDOWS\system32;C:\WINDOWS;C:\WINDOWS\System32\Wbem;C:\WINDOWS\System32\WindowsPowerShell\v1.0\;C:\WINDOWS\System32\OpenSSH\;C:\Program Files\Java\jdk-17\bin;C:\Program Files\Git\cmd;C:\xampp\php;C:\composer;C:\apache-maven-3.9.7\bin;C:\Users\admin\Downloads\cmder;C:\Program Files\nodejs\;C:\Program Files\MongoDB\Server\8.0\bin;C:\Program Files\Symfony;C:\Program Files\MongoDB;C:\Users\admin\Desktop\mongosh-2.5.10-win32-x64\bin;C:\Program Files\Docker\Docker\resources\bin;C:\Users\admin\scoop\shims;C:\Users\admin\AppData\Local\Microsoft\WindowsApps;C:\Users\admin\AppData\Local\Programs\Microsoft VS Code\bin;C:\Users\admin\AppData\Roaming\Composer\vendor\bin;C:\Users\admin\AppData\Local\Programs\cursor\resources\app\bin;C:\Users\admin\AppData\Roaming\npm;C:\Users\admin\AppData\Local\Programs\Windsurf\bin;C:\Users\admin\Desktop\mongosh-2.5.10-win32-x64;C:\Program Files\MySQL\MySQL Server 8.4\bin;C:\Users\admin\scoop\shims;C:\Users\admin\AppData\Local\Microsoft\WindowsApps;C:\Users\admin\AppData\Local\Programs\Microsoft VS Code\bin;C:\xampp\php;C:\Users\admin\AppData\Roaming\Composer\vendor\bin;C:\Users\admin\AppData\Local\Programs\cursor\resources\app\bin;C:\Users\admin\Downloads\cmder;C:\Users\admin\AppData\Roaming\npm;C:\Program Files\MongoDB\Server\8.0\bin;C:\Program Files\Symfony;C:\Users\admin\AppData\Local\Programs\Windsurf\bin;C:\Users\admin\Desktop\mongosh-2.5.10-win32-x64;C:\Program Files\Java\jdk-17\bin;
USERNAME=admin
OS=Windows_NT
PROCESSOR_IDENTIFIER=Intel64 Family 6 Model 186 Stepping 3, GenuineIntel
TMP=C:\Users\admin\AppData\Local\Temp
TEMP=C:\Users\admin\AppData\Local\Temp




Periodic native trim disabled

---------------  S Y S T E M  ---------------

OS:
 Windows 11 , 64 bit Build 26100 (10.0.26100.8246)
OS uptime: 23 days 11:48 hours
Hyper-V role detected

CPU: total 12 (initial active 12) (6 cores per cpu, 2 threads per core) family 6 model 186 stepping 3 microcode 0x4128, cx8, cmov, fxsr, ht, mmx, 3dnowpref, sse, sse2, sse3, ssse3, sse4.1, sse4.2, popcnt, lzcnt, tsc, tscinvbit, avx, avx2, aes, erms, clmul, bmi1, bmi2, adx, sha, fma, vzeroupper, clflush, clflushopt, clwb, hv, serialize, rdtscp, rdpid, fsrm, f16c, cet_ibt, cet_ss
Processor Information for processor 0
  Max Mhz: 1300, Current Mhz: 893, Mhz Limit: 884
Processor Information for processor 1
  Max Mhz: 1300, Current Mhz: 893, Mhz Limit: 884
Processor Information for processor 2
  Max Mhz: 1300, Current Mhz: 893, Mhz Limit: 884
Processor Information for processor 3
  Max Mhz: 1300, Current Mhz: 893, Mhz Limit: 884
Processor Information for processor 4
  Max Mhz: 1300, Current Mhz: 866, Mhz Limit: 858
Processor Information for processor 5
  Max Mhz: 1300, Current Mhz: 866, Mhz Limit: 858
Processor Information for processor 6
  Max Mhz: 1300, Current Mhz: 866, Mhz Limit: 858
Processor Information for processor 7
  Max Mhz: 1300, Current Mhz: 866, Mhz Limit: 858
Processor Information for processor 8
  Max Mhz: 1300, Current Mhz: 866, Mhz Limit: 858
Processor Information for processor 9
  Max Mhz: 1300, Current Mhz: 866, Mhz Limit: 858
Processor Information for processor 10
  Max Mhz: 1300, Current Mhz: 866, Mhz Limit: 858
Processor Information for processor 11
  Max Mhz: 1300, Current Mhz: 866, Mhz Limit: 858

Memory: 4k page, system-wide physical 16064M (1100M free)
TotalPageFile size 65216M (AvailPageFile size 11M)
current process WorkingSet (physical memory assigned to process): 211M, peak: 214M
current process commit charge ("private bytes"): 339M, peak: 345M

vm_info: OpenJDK 64-Bit Server VM (21.0.10+7-LTS) for windows-amd64 JRE (21.0.10+7-LTS), built on 2026-01-20T00:00:00Z by "admin" with MS VC++ 17.12 (VS2022)

END.
