#
# There is insufficient memory for the Java Runtime Environment to continue.
# Native memory allocation (malloc) failed to allocate 3156224 bytes. Error detail: Chunk::new
# Possible reasons:
#   The system is out of physical RAM or swap space
#   This process is running with CompressedOops enabled, and the Java Heap may be blocking the growth of the native heap
# Possible solutions:
#   Reduce memory load on the system
#   Increase physical memory or swap space
#   Check if swap backing store is full
#   Decrease Java heap size (-Xmx/-Xms)
#   Decrease number of Java threads
#   Decrease Java thread stack sizes (-Xss)
#   Set larger code cache with -XX:ReservedCodeCacheSize=
#   JVM is running with Unscaled Compressed Oops mode in which the Java heap is
#     placed in the first 4GB address space. The Java Heap base address is the
#     maximum limit for the native heap growth. Please use -XX:HeapBaseMinAddress
#     to set the Java Heap base and to place the Java Heap above 4GB virtual address.
# This output file may be truncated or incomplete.
#
#  Out of Memory Error (arena.cpp:168), pid=47696, tid=24800
#
# JRE version: OpenJDK Runtime Environment Temurin-21.0.10+7 (21.0.10+7) (build 21.0.10+7-LTS)
# Java VM: OpenJDK 64-Bit Server VM Temurin-21.0.10+7 (21.0.10+7-LTS, mixed mode, sharing, tiered, compressed oops, compressed class ptrs, parallel gc, windows-amd64)
# No core dump will be written. Minidumps are not enabled by default on client versions of Windows
#

---------------  S U M M A R Y ------------

Command Line: --add-modules=ALL-SYSTEM --add-opens=java.base/java.util=ALL-UNNAMED --add-opens=java.base/java.lang=ALL-UNNAMED --add-opens=java.base/sun.nio.fs=ALL-UNNAMED -Declipse.application=org.eclipse.jdt.ls.core.id1 -Dosgi.bundles.defaultStartLevel=4 -Declipse.product=org.eclipse.jdt.ls.core.product -Djava.import.generatesMetadataFilesAtProjectRoot=false -DDetectVMInstallationsJob.disabled=true -Dfile.encoding=utf8 -XX:+UseParallelGC -XX:GCTimeRatio=4 -XX:AdaptiveSizePolicyWeight=90 -Dsun.zip.disableMemoryMapping=true -Xmx2G -Xms100m -Xlog:disable -javaagent:c:\Users\admin\.vscode\extensions\redhat.java-1.54.0-win32-x64\lombok\lombok-1.18.39-4050.jar -XX:+HeapDumpOnOutOfMemoryError -XX:HeapDumpPath=c:\Users\admin\AppData\Roaming\Code\User\workspaceStorage\1c6c7382f2917cdd6518ce0c012ef50e\redhat.java -Daether.dependencyCollector.impl=bf -agentpath:C:\Program Files\Palo Alto Networks\Traps\cyjagent.dll c:\Users\admin\.vscode\extensions\redhat.java-1.54.0-win32-x64\server\plugins\org.eclipse.equinox.launcher_1.7.100.v20251111-0406.jar -configuration c:\Users\admin\AppData\Roaming\Code\User\globalStorage\redhat.java\1.54.0\config_win -data c:\Users\admin\AppData\Roaming\Code\User\workspaceStorage\1c6c7382f2917cdd6518ce0c012ef50e\redhat.java\jdt_ws --pipe=\\.\pipe\lsp-b1ac48b0ada165b7c026806fc36a1175-sock

Host: 13th Gen Intel(R) Core(TM) i5-1335U, 12 cores, 15G,  Windows 11 , 64 bit Build 26100 (10.0.26100.8246)
Time: Wed May 13 23:55:17 2026 Afr. centrale Ouest elapsed time: 68.709135 seconds (0d 0h 1m 8s)

---------------  T H R E A D  ---------------

Current thread (0x00000267f56e3ec0):  JavaThread "C2 CompilerThread0" daemon [_thread_in_native, id=24800, stack(0x000000b031700000,0x000000b031800000) (1024K)]


Current CompileTask:
C2:68714 11263       4       lombok.eclipse.EclipseAST::buildStatement (57 bytes)

Stack: [0x000000b031700000,0x000000b031800000]
Native frames: (J=compiled Java code, j=interpreted, Vv=VM code, C=native code)
V  [jvm.dll+0x6d7a39]
V  [jvm.dll+0x8b4b26]
V  [jvm.dll+0x8b70de]
V  [jvm.dll+0x8b77c3]
V  [jvm.dll+0x284346]
V  [jvm.dll+0xc66ed]
V  [jvm.dll+0xc6c31]
V  [jvm.dll+0x3bec3b]
V  [jvm.dll+0x1e3f69]
V  [jvm.dll+0x24c6b3]
V  [jvm.dll+0x24bb40]
V  [jvm.dll+0x1cb34e]
V  [jvm.dll+0x25b85d]
V  [jvm.dll+0x259dea]
V  [jvm.dll+0x3f857e]
V  [jvm.dll+0x85f59d]
V  [jvm.dll+0x6d626d]
C  [ucrtbase.dll+0x37b0]
C  [cyinjct.dll+0x11e7]
C  [KERNEL32.dll+0x2e8d7]
C  [ntdll.dll+0x8c3fc]


---------------  P R O C E S S  ---------------

Threads class SMR info:
_java_thread_list=0x00000267fbaa7450, length=54, elements={
0x000002679c921ab0, 0x00000267f56ce000, 0x00000267f56ce670, 0x00000267f56d13d0,
0x00000267f56d2030, 0x00000267f56d6440, 0x00000267f56d4150, 0x00000267f56e3ec0,
0x00000267f56f48d0, 0x00000267f589d290, 0x00000267fb0dd8b0, 0x00000267fb837530,
0x00000267fba155e0, 0x00000267fba15c70, 0x00000267fba12e80, 0x00000267fba13510,
0x00000267fba13ba0, 0x00000267fba148c0, 0x00000267fba14f50, 0x00000267fbe85410,
0x00000267fbe86e50, 0x00000267fbe84d80, 0x00000267fbe839d0, 0x00000267fbe86130,
0x00000267fbe874e0, 0x00000267fbe85aa0, 0x00000267fbe867c0, 0x00000267fbe84060,
0x00000267fbe846f0, 0x00000267fbe89c40, 0x00000267fbe8aff0, 0x00000267fbe8a2d0,
0x00000267fbe87b70, 0x00000267fbe895b0, 0x00000267fbe88200, 0x00000267fbe88f20,
0x00000267fbe8a960, 0x00000267fbe88890, 0x00000267feec2ed0, 0x00000267feec1b20,
0x00000267feec21b0, 0x00000267feec2840, 0x00000267feec3560, 0x00000267feec1490,
0x00000267feec0e00, 0x00000267feec7070, 0x00000267feec4fa0, 0x00000267feec5630,
0x00000267feec7700, 0x00000267feec5cc0, 0x00000267feec4280, 0x00000267feec7d90,
0x00000267fd0d2fb0, 0x00000267fd0d4af0
}

Java Threads: ( => current thread )
  0x000002679c921ab0 JavaThread "main"                              [_thread_blocked, id=17540, stack(0x000000b030c00000,0x000000b030d00000) (1024K)]
  0x00000267f56ce000 JavaThread "Reference Handler"          daemon [_thread_blocked, id=47208, stack(0x000000b031100000,0x000000b031200000) (1024K)]
  0x00000267f56ce670 JavaThread "Finalizer"                  daemon [_thread_blocked, id=44416, stack(0x000000b031200000,0x000000b031300000) (1024K)]
  0x00000267f56d13d0 JavaThread "Signal Dispatcher"          daemon [_thread_blocked, id=8956, stack(0x000000b031300000,0x000000b031400000) (1024K)]
  0x00000267f56d2030 JavaThread "Attach Listener"            daemon [_thread_blocked, id=38260, stack(0x000000b031400000,0x000000b031500000) (1024K)]
  0x00000267f56d6440 JavaThread "Service Thread"             daemon [_thread_blocked, id=45848, stack(0x000000b031500000,0x000000b031600000) (1024K)]
  0x00000267f56d4150 JavaThread "Monitor Deflation Thread"   daemon [_thread_blocked, id=47856, stack(0x000000b031600000,0x000000b031700000) (1024K)]
=>0x00000267f56e3ec0 JavaThread "C2 CompilerThread0"         daemon [_thread_in_native, id=24800, stack(0x000000b031700000,0x000000b031800000) (1024K)]
  0x00000267f56f48d0 JavaThread "C1 CompilerThread0"         daemon [_thread_blocked, id=48972, stack(0x000000b031800000,0x000000b031900000) (1024K)]
  0x00000267f589d290 JavaThread "Common-Cleaner"             daemon [_thread_blocked, id=15872, stack(0x000000b031900000,0x000000b031a00000) (1024K)]
  0x00000267fb0dd8b0 JavaThread "Notification Thread"        daemon [_thread_blocked, id=15700, stack(0x000000b031b00000,0x000000b031c00000) (1024K)]
  0x00000267fb837530 JavaThread "Active Thread: Equinox Container: 33c3844d-7acd-4039-9170-924744d69740"        [_thread_blocked, id=42976, stack(0x000000b032300000,0x000000b032400000) (1024K)]
  0x00000267fba155e0 JavaThread "Refresh Thread: Equinox Container: 33c3844d-7acd-4039-9170-924744d69740" daemon [_thread_blocked, id=47452, stack(0x000000b032400000,0x000000b032500000) (1024K)]
  0x00000267fba15c70 JavaThread "Framework Event Dispatcher: Equinox Container: 33c3844d-7acd-4039-9170-924744d69740" daemon [_thread_blocked, id=48348, stack(0x000000b031a00000,0x000000b031b00000) (1024K)]
  0x00000267fba12e80 JavaThread "Start Level: Equinox Container: 33c3844d-7acd-4039-9170-924744d69740" daemon [_thread_blocked, id=17656, stack(0x000000b032500000,0x000000b032600000) (1024K)]
  0x00000267fba13510 JavaThread "Bundle File Closer"         daemon [_thread_blocked, id=28972, stack(0x000000b032a00000,0x000000b032b00000) (1024K)]
  0x00000267fba13ba0 JavaThread "SCR Component Actor"        daemon [_thread_blocked, id=36224, stack(0x000000b032600000,0x000000b032700000) (1024K)]
  0x00000267fba148c0 JavaThread "Worker-JM"                         [_thread_blocked, id=31792, stack(0x000000b032700000,0x000000b032800000) (1024K)]
  0x00000267fba14f50 JavaThread "JNA Cleaner"                daemon [_thread_blocked, id=48408, stack(0x000000b032b00000,0x000000b032c00000) (1024K)]
  0x00000267fbe85410 JavaThread "Worker-0"                          [_thread_blocked, id=41752, stack(0x000000b032c00000,0x000000b032d00000) (1024K)]
  0x00000267fbe86e50 JavaThread "Worker-1"                          [_thread_blocked, id=46520, stack(0x000000b032d00000,0x000000b032e00000) (1024K)]
  0x00000267fbe84d80 JavaThread "Worker-2"                          [_thread_blocked, id=12896, stack(0x000000b032f00000,0x000000b033000000) (1024K)]
  0x00000267fbe839d0 JavaThread "Java indexing"              daemon [_thread_blocked, id=48684, stack(0x000000b033100000,0x000000b033200000) (1024K)]
  0x00000267fbe86130 JavaThread "Worker-3: Initialize workspace"        [_thread_blocked, id=44396, stack(0x000000b033200000,0x000000b033300000) (1024K)]
  0x00000267fbe874e0 JavaThread "Worker-4"                          [_thread_blocked, id=22556, stack(0x000000b033600000,0x000000b033700000) (1024K)]
  0x00000267fbe85aa0 JavaThread "Thread-1"                   daemon [_thread_in_native, id=12456, stack(0x000000b033700000,0x000000b033800000) (1024K)]
  0x00000267fbe867c0 JavaThread "Thread-2"                   daemon [_thread_in_native, id=19696, stack(0x000000b033800000,0x000000b033900000) (1024K)]
  0x00000267fbe84060 JavaThread "Thread-3"                   daemon [_thread_in_native, id=34548, stack(0x000000b033900000,0x000000b033a00000) (1024K)]
  0x00000267fbe846f0 JavaThread "Thread-4"                   daemon [_thread_in_native, id=5644, stack(0x000000b033a00000,0x000000b033b00000) (1024K)]
  0x00000267fbe89c40 JavaThread "Thread-5"                   daemon [_thread_in_native, id=23900, stack(0x000000b033b00000,0x000000b033c00000) (1024K)]
  0x00000267fbe8aff0 JavaThread "Thread-6"                   daemon [_thread_in_native, id=26856, stack(0x000000b033c00000,0x000000b033d00000) (1024K)]
  0x00000267fbe8a2d0 JavaThread "Thread-7"                   daemon [_thread_in_native, id=17196, stack(0x000000b033d00000,0x000000b033e00000) (1024K)]
  0x00000267fbe87b70 JavaThread "Thread-8"                   daemon [_thread_in_native, id=48368, stack(0x000000b033e00000,0x000000b033f00000) (1024K)]
  0x00000267fbe895b0 JavaThread "Thread-9"                   daemon [_thread_in_native, id=12500, stack(0x000000b033f00000,0x000000b034000000) (1024K)]
  0x00000267fbe88200 JavaThread "Thread-10"                  daemon [_thread_in_native, id=40144, stack(0x000000b034000000,0x000000b034100000) (1024K)]
  0x00000267fbe88f20 JavaThread "Thread-11"                  daemon [_thread_in_native, id=6596, stack(0x000000b034100000,0x000000b034200000) (1024K)]
  0x00000267fbe8a960 JavaThread "Thread-12"                  daemon [_thread_in_native, id=45104, stack(0x000000b034200000,0x000000b034300000) (1024K)]
  0x00000267fbe88890 JavaThread "Thread-13"                  daemon [_thread_in_native, id=14576, stack(0x000000b034300000,0x000000b034400000) (1024K)]
  0x00000267feec2ed0 JavaThread "pool-2-thread-1"                   [_thread_blocked, id=47272, stack(0x000000b034400000,0x000000b034500000) (1024K)]
  0x00000267feec1b20 JavaThread "WorkspaceEventsHandler"            [_thread_blocked, id=46424, stack(0x000000b034500000,0x000000b034600000) (1024K)]
  0x00000267feec21b0 JavaThread "pool-1-thread-1"                   [_thread_blocked, id=13164, stack(0x000000b034600000,0x000000b034700000) (1024K)]
  0x00000267feec2840 JavaThread "ForkJoinPool.commonPool-worker-1" daemon [_thread_blocked, id=33132, stack(0x000000b034700000,0x000000b034800000) (1024K)]
  0x00000267feec3560 JavaThread "ForkJoinPool.commonPool-worker-3" daemon [_thread_blocked, id=35396, stack(0x000000b034800000,0x000000b034900000) (1024K)]
  0x00000267feec1490 JavaThread "ForkJoinPool.commonPool-worker-2" daemon [_thread_blocked, id=25824, stack(0x000000b034900000,0x000000b034a00000) (1024K)]
  0x00000267feec0e00 JavaThread "ForkJoinPool.commonPool-worker-4" daemon [_thread_blocked, id=27896, stack(0x000000b034a00000,0x000000b034b00000) (1024K)]
  0x00000267feec7070 JavaThread "ForkJoinPool.commonPool-worker-5" daemon [_thread_blocked, id=18472, stack(0x000000b034b00000,0x000000b034c00000) (1024K)]
  0x00000267feec4fa0 JavaThread "ForkJoinPool.commonPool-worker-6" daemon [_thread_blocked, id=30636, stack(0x000000b034c00000,0x000000b034d00000) (1024K)]
  0x00000267feec5630 JavaThread "ForkJoinPool.commonPool-worker-7" daemon [_thread_blocked, id=38644, stack(0x000000b034d00000,0x000000b034e00000) (1024K)]
  0x00000267feec7700 JavaThread "ForkJoinPool.commonPool-worker-8" daemon [_thread_blocked, id=32776, stack(0x000000b034e00000,0x000000b034f00000) (1024K)]
  0x00000267feec5cc0 JavaThread "ForkJoinPool.commonPool-worker-9" daemon [_thread_blocked, id=46968, stack(0x000000b034f00000,0x000000b035000000) (1024K)]
  0x00000267feec4280 JavaThread "ForkJoinPool.commonPool-worker-10" daemon [_thread_blocked, id=25384, stack(0x000000b035000000,0x000000b035100000) (1024K)]
  0x00000267feec7d90 JavaThread "ForkJoinPool.commonPool-worker-11" daemon [_thread_blocked, id=40872, stack(0x000000b035100000,0x000000b035200000) (1024K)]
  0x00000267fd0d2fb0 JavaThread "C2 CompilerThread1"         daemon [_thread_in_native, id=6188, stack(0x000000b032e00000,0x000000b032f00000) (1024K)]
  0x00000267fd0d4af0 JavaThread "C2 CompilerThread2"         daemon [_thread_in_native, id=49120, stack(0x000000b033000000,0x000000b033100000) (1024K)]
Total: 54

Other Threads:
  0x00000267f56c28b0 VMThread "VM Thread"                           [id=42848, stack(0x000000b031000000,0x000000b031100000) (1024K)]
  0x00000267b327cb20 WatcherThread "VM Periodic Task Thread"        [id=47980, stack(0x000000b030f00000,0x000000b031000000) (1024K)]
  0x000002679c932f50 WorkerThread "GC Thread#0"                     [id=38064, stack(0x000000b030e00000,0x000000b030f00000) (1024K)]
  0x00000267fb4e85b0 WorkerThread "GC Thread#1"                     [id=37256, stack(0x000000b031d00000,0x000000b031e00000) (1024K)]
  0x00000267fb4e8b70 WorkerThread "GC Thread#2"                     [id=14704, stack(0x000000b031e00000,0x000000b031f00000) (1024K)]
  0x00000267fb296500 WorkerThread "GC Thread#3"                     [id=43700, stack(0x000000b031f00000,0x000000b032000000) (1024K)]
  0x00000267fb2968b0 WorkerThread "GC Thread#4"                     [id=23848, stack(0x000000b032000000,0x000000b032100000) (1024K)]
  0x00000267fb78c210 WorkerThread "GC Thread#5"                     [id=47708, stack(0x000000b032100000,0x000000b032200000) (1024K)]
  0x00000267fb880300 WorkerThread "GC Thread#6"                     [id=10708, stack(0x000000b032200000,0x000000b032300000) (1024K)]
  0x00000267fba05a30 WorkerThread "GC Thread#7"                     [id=47412, stack(0x000000b031c00000,0x000000b031d00000) (1024K)]
  0x00000267fba81890 WorkerThread "GC Thread#8"                     [id=43144, stack(0x000000b032800000,0x000000b032900000) (1024K)]
  0x00000267fba81c40 WorkerThread "GC Thread#9"                     [id=29360, stack(0x000000b032900000,0x000000b032a00000) (1024K)]
Total: 12

Threads with active compile tasks:
C2 CompilerThread0  69333 11263       4       lombok.eclipse.EclipseAST::buildStatement (57 bytes)
C1 CompilerThread0  70274 11585   !   2       org.eclipse.jdt.internal.compiler.parser.Parser::parse (950 bytes)
C2 CompilerThread1  71282 11213       4       lombok.eclipse.handlers.EclipseHandlerUtil::setGeneratedBy (10 bytes)
C2 CompilerThread2  71284 11207   !   4       lombok.core.FieldAugment$ReflectionFieldAugment::getAndSet (80 bytes)
Total: 4

VM state: not at safepoint (normal execution)

VM Mutex/Monitor currently owned by a thread: None

Heap address: 0x0000000080000000, size: 2048 MB, Compressed Oops mode: 32-bit

CDS archive(s) mapped at: [0x00000267b4000000-0x00000267b4ba0000-0x00000267b4ba0000), size 12189696, SharedBaseAddress: 0x00000267b4000000, ArchiveRelocationMode: 1.
Compressed class space mapped at: 0x00000267b5000000-0x00000267f5000000, reserved size: 1073741824
Narrow klass base: 0x00000267b4000000, Narrow klass shift: 0, Narrow klass range: 0x100000000

GC Precious Log:
 CardTable entry size: 512
 CPUs: 12 total, 12 available
 Memory: 16064M
 Large Page Support: Disabled
 NUMA Support: Disabled
 Compressed Oops: Enabled (32-bit)
 Alignments: Space 512K, Generation 512K, Heap 2M
 Heap Min Capacity: 100M
 Heap Initial Capacity: 100M
 Heap Max Capacity: 2G
 Pre-touch: Disabled
 Parallel Workers: 10

Heap:
 PSYoungGen      total 18944K, used 9998K [0x00000000d5580000, 0x00000000d6b00000, 0x0000000100000000)
  eden space 18432K, 51% used [0x00000000d5580000,0x00000000d5ecb820,0x00000000d6780000)
  from space 512K, 93% used [0x00000000d6a80000,0x00000000d6af8020,0x00000000d6b00000)
  to   space 1536K, 0% used [0x00000000d6800000,0x00000000d6800000,0x00000000d6980000)
 ParOldGen       total 71680K, used 59505K [0x0000000080000000, 0x0000000084600000, 0x00000000d5580000)
  object space 71680K, 83% used [0x0000000080000000,0x0000000083a1c4a8,0x0000000084600000)
 Metaspace       used 62875K, committed 64256K, reserved 1114112K
  class space    used 6631K, committed 7232K, reserved 1048576K

Card table byte_map: [0x000002679c460000,0x000002679c870000] _byte_map_base: 0x000002679c060000

Marking Bits: (ParMarkBitMap*) 0x00007ff8f5263450
 Begin Bits: [0x00000267aeda0000, 0x00000267b0da0000)
 End Bits:   [0x00000267b0da0000, 0x00000267b2da0000)

Polling page: 0x000002679a520000

Metaspace:

Usage:
  Non-class:     54.93 MB used.
      Class:      6.48 MB used.
       Both:     61.40 MB used.

Virtual space:
  Non-class space:       64.00 MB reserved,      55.69 MB ( 87%) committed,  1 nodes.
      Class space:        1.00 GB reserved,       7.06 MB ( <1%) committed,  1 nodes.
             Both:        1.06 GB reserved,      62.75 MB (  6%) committed. 

Chunk freelists:
   Non-Class:  7.44 MB
       Class:  8.88 MB
        Both:  16.32 MB

MaxMetaspaceSize: unlimited
CompressedClassSpaceSize: 1.00 GB
Initial GC threshold: 21.00 MB
Current GC threshold: 97.31 MB
CDS: on
 - commit_granule_bytes: 65536.
 - commit_granule_words: 8192.
 - virtual_space_node_default_size: 8388608.
 - enlarge_chunks_in_place: 1.
 - use_allocation_guard: 0.


Internal statistics:

num_allocs_failed_limit: 9.
num_arena_births: 1218.
num_arena_deaths: 16.
num_vsnodes_births: 2.
num_vsnodes_deaths: 0.
num_space_committed: 1004.
num_space_uncommitted: 0.
num_chunks_returned_to_freelist: 25.
num_chunks_taken_from_freelist: 4263.
num_chunk_merges: 8.
num_chunk_splits: 2558.
num_chunks_enlarged: 1354.
num_inconsistent_stats: 0.

CodeHeap 'non-profiled nmethods': size=120000Kb used=6947Kb max_used=6947Kb free=113052Kb
 bounds [0x00000267a75c0000, 0x00000267a7c90000, 0x00000267aeaf0000]
CodeHeap 'profiled nmethods': size=120000Kb used=23113Kb max_used=23113Kb free=96886Kb
 bounds [0x000002679faf0000, 0x00000267a1190000, 0x00000267a7020000]
CodeHeap 'non-nmethods': size=5760Kb used=1429Kb max_used=1481Kb free=4330Kb
 bounds [0x00000267a7020000, 0x00000267a7290000, 0x00000267a75c0000]
CodeCache: size=245760Kb, used=31489Kb, max_used=31541Kb, free=214268Kb
 total_blobs=11388, nmethods=10645, adapters=649, full_count=0
Compilation: enabled, stopped_count=0, restarted_count=0

Compilation events (20 events):
Event: 66.591 Thread 0x00000267f56f48d0 11446       3       java.nio.MappedByteBuffer::<init> (22 bytes)
Event: 66.592 Thread 0x00000267f56f48d0 nmethod 11446 0x00000267a113da90 code [0x00000267a113dc40, 0x00000267a113ddb0]
Event: 66.620 Thread 0x00000267f56f48d0 11449       3       org.eclipse.core.internal.resources.Filter::filterExcludes (158 bytes)
Event: 66.625 Thread 0x00000267f56f48d0 nmethod 11449 0x00000267a113de90 code [0x00000267a113e140, 0x00000267a113f1a0]
Event: 66.625 Thread 0x00000267f56f48d0 11448       3       org.eclipse.core.internal.resources.Filter::filterIncludes (168 bytes)
Event: 66.629 Thread 0x00000267f56f48d0 nmethod 11448 0x00000267a113f710 code [0x00000267a113f9e0, 0x00000267a1140bc0]
Event: 66.629 Thread 0x00000267f56f48d0 11451       3       org.eclipse.core.internal.preferences.EclipsePreferences::nodeExists (128 bytes)
Event: 66.638 Thread 0x00000267f56f48d0 nmethod 11451 0x00000267a1141210 code [0x00000267a1141640, 0x00000267a1143878]
Event: 66.639 Thread 0x00000267f56f48d0 11452       3       org.eclipse.jdt.internal.compiler.parser.Scanner::isRestrictedKeyword (68 bytes)
Event: 66.641 Thread 0x00000267f56f48d0 nmethod 11452 0x00000267a1144490 code [0x00000267a1144640, 0x00000267a11448c8]
Event: 66.641 Thread 0x00000267f56f48d0 11453       3       org.eclipse.jdt.internal.compiler.parser.Scanner::updateScanContext (275 bytes)
Event: 66.643 Thread 0x00000267f56f48d0 nmethod 11453 0x00000267a1144a10 code [0x00000267a1144c40, 0x00000267a1145488]
Event: 66.643 Thread 0x00000267f56f48d0 11454       3       org.eclipse.jdt.internal.compiler.parser.Parser::getTypeReference (70 bytes)
Event: 66.646 Thread 0x00000267f56f48d0 nmethod 11454 0x00000267a1145610 code [0x00000267a1145860, 0x00000267a11463e0]
Event: 66.647 Thread 0x00000267f56f48d0 11450       3       org.eclipse.jdt.internal.core.PackageFragmentRoot::resource (5 bytes)
Event: 66.647 Thread 0x00000267f56f48d0 nmethod 11450 0x00000267a1146690 code [0x00000267a1146820, 0x00000267a1146930]
Event: 66.651 Thread 0x00000267f56f48d0 11455       3       org.eclipse.core.internal.resources.Marker::getType (15 bytes)
Event: 67.669 Thread 0x00000267f56f48d0 nmethod 11455 0x00000267a1146a10 code [0x00000267a1146c00, 0x00000267a1146fe0]
Event: 67.670 Thread 0x00000267f56f48d0 11456       3       sun.nio.ch.Invoker$GroupAndInvokeCount::resetInvokeCount (6 bytes)
Event: 67.670 Thread 0x00000267f56f48d0 nmethod 11456 0x00000267a1147210 code [0x00000267a11473a0, 0x00000267a11474b0]

GC Heap History (20 events):
Event: 51.624 GC heap before
{Heap before GC invocations=63 (full 2):
 PSYoungGen      total 19456K, used 19371K [0x00000000d5580000, 0x00000000d6a00000, 0x0000000100000000)
  eden space 18432K, 100% used [0x00000000d5580000,0x00000000d6780000,0x00000000d6780000)
  from space 1024K, 91% used [0x00000000d6900000,0x00000000d69eae68,0x00000000d6a00000)
  to   space 1024K, 0% used [0x00000000d6780000,0x00000000d6780000,0x00000000d6880000)
 ParOldGen       total 70656K, used 70308K [0x0000000080000000, 0x0000000084500000, 0x00000000d5580000)
  object space 70656K, 99% used [0x0000000080000000,0x00000000844a9130,0x0000000084500000)
 Metaspace       used 56018K, committed 57408K, reserved 1114112K
  class space    used 5964K, committed 6528K, reserved 1048576K
}
Event: 51.628 GC heap after
{Heap after GC invocations=63 (full 2):
 PSYoungGen      total 19456K, used 544K [0x00000000d5580000, 0x00000000d6980000, 0x0000000100000000)
  eden space 18432K, 0% used [0x00000000d5580000,0x00000000d5580000,0x00000000d6780000)
  from space 1024K, 53% used [0x00000000d6780000,0x00000000d6808020,0x00000000d6880000)
  to   space 1024K, 0% used [0x00000000d6880000,0x00000000d6880000,0x00000000d6980000)
 ParOldGen       total 71168K, used 70958K [0x0000000080000000, 0x0000000084580000, 0x00000000d5580000)
  object space 71168K, 99% used [0x0000000080000000,0x000000008454bba0,0x0000000084580000)
 Metaspace       used 56018K, committed 57408K, reserved 1114112K
  class space    used 5964K, committed 6528K, reserved 1048576K
}
Event: 55.287 GC heap before
{Heap before GC invocations=64 (full 2):
 PSYoungGen      total 19456K, used 18976K [0x00000000d5580000, 0x00000000d6980000, 0x0000000100000000)
  eden space 18432K, 100% used [0x00000000d5580000,0x00000000d6780000,0x00000000d6780000)
  from space 1024K, 53% used [0x00000000d6780000,0x00000000d6808020,0x00000000d6880000)
  to   space 1024K, 0% used [0x00000000d6880000,0x00000000d6880000,0x00000000d6980000)
 ParOldGen       total 71168K, used 70958K [0x0000000080000000, 0x0000000084580000, 0x00000000d5580000)
  object space 71168K, 99% used [0x0000000080000000,0x000000008454bba0,0x0000000084580000)
 Metaspace       used 56589K, committed 57984K, reserved 1114112K
  class space    used 6026K, committed 6656K, reserved 1048576K
}
Event: 55.291 GC heap after
{Heap after GC invocations=64 (full 2):
 PSYoungGen      total 19456K, used 876K [0x00000000d5580000, 0x00000000d6980000, 0x0000000100000000)
  eden space 18432K, 0% used [0x00000000d5580000,0x00000000d5580000,0x00000000d6780000)
  from space 1024K, 85% used [0x00000000d6880000,0x00000000d695b1a8,0x00000000d6980000)
  to   space 1024K, 0% used [0x00000000d6780000,0x00000000d6780000,0x00000000d6880000)
 ParOldGen       total 71168K, used 71134K [0x0000000080000000, 0x0000000084580000, 0x00000000d5580000)
  object space 71168K, 99% used [0x0000000080000000,0x0000000084577bc0,0x0000000084580000)
 Metaspace       used 56589K, committed 57984K, reserved 1114112K
  class space    used 6026K, committed 6656K, reserved 1048576K
}
Event: 59.680 GC heap before
{Heap before GC invocations=65 (full 2):
 PSYoungGen      total 19456K, used 19308K [0x00000000d5580000, 0x00000000d6980000, 0x0000000100000000)
  eden space 18432K, 100% used [0x00000000d5580000,0x00000000d6780000,0x00000000d6780000)
  from space 1024K, 85% used [0x00000000d6880000,0x00000000d695b1a8,0x00000000d6980000)
  to   space 1024K, 0% used [0x00000000d6780000,0x00000000d6780000,0x00000000d6880000)
 ParOldGen       total 71168K, used 71134K [0x0000000080000000, 0x0000000084580000, 0x00000000d5580000)
  object space 71168K, 99% used [0x0000000080000000,0x0000000084577bc0,0x0000000084580000)
 Metaspace       used 57842K, committed 59328K, reserved 1114112K
  class space    used 6167K, committed 6784K, reserved 1048576K
}
Event: 59.684 GC heap after
{Heap after GC invocations=65 (full 2):
 PSYoungGen      total 19456K, used 544K [0x00000000d5580000, 0x00000000d6980000, 0x0000000100000000)
  eden space 18432K, 0% used [0x00000000d5580000,0x00000000d5580000,0x00000000d6780000)
  from space 1024K, 53% used [0x00000000d6780000,0x00000000d6808010,0x00000000d6880000)
  to   space 1024K, 0% used [0x00000000d6880000,0x00000000d6880000,0x00000000d6980000)
 ParOldGen       total 71680K, used 71426K [0x0000000080000000, 0x0000000084600000, 0x00000000d5580000)
  object space 71680K, 99% used [0x0000000080000000,0x00000000845c0b70,0x0000000084600000)
 Metaspace       used 57842K, committed 59328K, reserved 1114112K
  class space    used 6167K, committed 6784K, reserved 1048576K
}
Event: 60.696 GC heap before
{Heap before GC invocations=66 (full 2):
 PSYoungGen      total 19456K, used 6537K [0x00000000d5580000, 0x00000000d6980000, 0x0000000100000000)
  eden space 18432K, 32% used [0x00000000d5580000,0x00000000d5b5a560,0x00000000d6780000)
  from space 1024K, 53% used [0x00000000d6780000,0x00000000d6808010,0x00000000d6880000)
  to   space 1024K, 0% used [0x00000000d6880000,0x00000000d6880000,0x00000000d6980000)
 ParOldGen       total 71680K, used 71426K [0x0000000080000000, 0x0000000084600000, 0x00000000d5580000)
  object space 71680K, 99% used [0x0000000080000000,0x00000000845c0b70,0x0000000084600000)
 Metaspace       used 58377K, committed 59776K, reserved 1114112K
  class space    used 6241K, committed 6848K, reserved 1048576K
}
Event: 60.700 GC heap after
{Heap after GC invocations=66 (full 2):
 PSYoungGen      total 19456K, used 576K [0x00000000d5580000, 0x00000000d6980000, 0x0000000100000000)
  eden space 18432K, 0% used [0x00000000d5580000,0x00000000d5580000,0x00000000d6780000)
  from space 1024K, 56% used [0x00000000d6880000,0x00000000d6910000,0x00000000d6980000)
  to   space 1024K, 0% used [0x00000000d6780000,0x00000000d6780000,0x00000000d6880000)
 ParOldGen       total 71680K, used 71674K [0x0000000080000000, 0x0000000084600000, 0x00000000d5580000)
  object space 71680K, 99% used [0x0000000080000000,0x00000000845feb70,0x0000000084600000)
 Metaspace       used 58377K, committed 59776K, reserved 1114112K
  class space    used 6241K, committed 6848K, reserved 1048576K
}
Event: 60.700 GC heap before
{Heap before GC invocations=67 (full 3):
 PSYoungGen      total 19456K, used 576K [0x00000000d5580000, 0x00000000d6980000, 0x0000000100000000)
  eden space 18432K, 0% used [0x00000000d5580000,0x00000000d5580000,0x00000000d6780000)
  from space 1024K, 56% used [0x00000000d6880000,0x00000000d6910000,0x00000000d6980000)
  to   space 1024K, 0% used [0x00000000d6780000,0x00000000d6780000,0x00000000d6880000)
 ParOldGen       total 71680K, used 71674K [0x0000000080000000, 0x0000000084600000, 0x00000000d5580000)
  object space 71680K, 99% used [0x0000000080000000,0x00000000845feb70,0x0000000084600000)
 Metaspace       used 58377K, committed 59776K, reserved 1114112K
  class space    used 6241K, committed 6848K, reserved 1048576K
}
Event: 61.018 GC heap after
{Heap after GC invocations=67 (full 3):
 PSYoungGen      total 19456K, used 0K [0x00000000d5580000, 0x00000000d6980000, 0x0000000100000000)
  eden space 18432K, 0% used [0x00000000d5580000,0x00000000d5580000,0x00000000d6780000)
  from space 1024K, 0% used [0x00000000d6880000,0x00000000d6880000,0x00000000d6980000)
  to   space 1024K, 0% used [0x00000000d6780000,0x00000000d6780000,0x00000000d6880000)
 ParOldGen       total 71680K, used 55268K [0x0000000080000000, 0x0000000084600000, 0x00000000d5580000)
  object space 71680K, 77% used [0x0000000080000000,0x00000000835f9280,0x0000000084600000)
 Metaspace       used 58375K, committed 59776K, reserved 1114112K
  class space    used 6241K, committed 6848K, reserved 1048576K
}
Event: 61.920 GC heap before
{Heap before GC invocations=68 (full 3):
 PSYoungGen      total 19456K, used 18432K [0x00000000d5580000, 0x00000000d6980000, 0x0000000100000000)
  eden space 18432K, 100% used [0x00000000d5580000,0x00000000d6780000,0x00000000d6780000)
  from space 1024K, 0% used [0x00000000d6880000,0x00000000d6880000,0x00000000d6980000)
  to   space 1024K, 0% used [0x00000000d6780000,0x00000000d6780000,0x00000000d6880000)
 ParOldGen       total 71680K, used 55268K [0x0000000080000000, 0x0000000084600000, 0x00000000d5580000)
  object space 71680K, 77% used [0x0000000080000000,0x00000000835f9280,0x0000000084600000)
 Metaspace       used 59620K, committed 61056K, reserved 1114112K
  class space    used 6342K, committed 6976K, reserved 1048576K
}
Event: 61.934 GC heap after
{Heap after GC invocations=68 (full 3):
 PSYoungGen      total 19456K, used 1018K [0x00000000d5580000, 0x00000000d6e80000, 0x0000000100000000)
  eden space 18432K, 0% used [0x00000000d5580000,0x00000000d5580000,0x00000000d6780000)
  from space 1024K, 99% used [0x00000000d6780000,0x00000000d687e980,0x00000000d6880000)
  to   space 3584K, 0% used [0x00000000d6b00000,0x00000000d6b00000,0x00000000d6e80000)
 ParOldGen       total 71680K, used 57176K [0x0000000080000000, 0x0000000084600000, 0x00000000d5580000)
  object space 71680K, 79% used [0x0000000080000000,0x00000000837d6010,0x0000000084600000)
 Metaspace       used 59620K, committed 61056K, reserved 1114112K
  class space    used 6342K, committed 6976K, reserved 1048576K
}
Event: 62.251 GC heap before
{Heap before GC invocations=69 (full 3):
 PSYoungGen      total 19456K, used 19450K [0x00000000d5580000, 0x00000000d6e80000, 0x0000000100000000)
  eden space 18432K, 100% used [0x00000000d5580000,0x00000000d6780000,0x00000000d6780000)
  from space 1024K, 99% used [0x00000000d6780000,0x00000000d687e980,0x00000000d6880000)
  to   space 3584K, 0% used [0x00000000d6b00000,0x00000000d6b00000,0x00000000d6e80000)
 ParOldGen       total 71680K, used 57176K [0x0000000080000000, 0x0000000084600000, 0x00000000d5580000)
  object space 71680K, 79% used [0x0000000080000000,0x00000000837d6010,0x0000000084600000)
 Metaspace       used 60016K, committed 61440K, reserved 1114112K
  class space    used 6362K, committed 6976K, reserved 1048576K
}
Event: 62.255 GC heap after
{Heap after GC invocations=69 (full 3):
 PSYoungGen      total 19456K, used 713K [0x00000000d5580000, 0x00000000d6c00000, 0x0000000100000000)
  eden space 18432K, 0% used [0x00000000d5580000,0x00000000d5580000,0x00000000d6780000)
  from space 1024K, 69% used [0x00000000d6b00000,0x00000000d6bb26d8,0x00000000d6c00000)
  to   space 1536K, 0% used [0x00000000d6900000,0x00000000d6900000,0x00000000d6a80000)
 ParOldGen       total 71680K, used 58168K [0x0000000080000000, 0x0000000084600000, 0x00000000d5580000)
  object space 71680K, 81% used [0x0000000080000000,0x00000000838ce218,0x0000000084600000)
 Metaspace       used 60016K, committed 61440K, reserved 1114112K
  class space    used 6362K, committed 6976K, reserved 1048576K
}
Event: 62.772 GC heap before
{Heap before GC invocations=70 (full 3):
 PSYoungGen      total 19456K, used 19115K [0x00000000d5580000, 0x00000000d6c00000, 0x0000000100000000)
  eden space 18432K, 99% used [0x00000000d5580000,0x00000000d67788a0,0x00000000d6780000)
  from space 1024K, 69% used [0x00000000d6b00000,0x00000000d6bb26d8,0x00000000d6c00000)
  to   space 1536K, 0% used [0x00000000d6900000,0x00000000d6900000,0x00000000d6a80000)
 ParOldGen       total 71680K, used 58168K [0x0000000080000000, 0x0000000084600000, 0x00000000d5580000)
  object space 71680K, 81% used [0x0000000080000000,0x00000000838ce218,0x0000000084600000)
 Metaspace       used 61061K, committed 62464K, reserved 1114112K
  class space    used 6453K, committed 7040K, reserved 1048576K
}
Event: 62.775 GC heap after
{Heap after GC invocations=70 (full 3):
 PSYoungGen      total 19968K, used 320K [0x00000000d5580000, 0x00000000d6b80000, 0x0000000100000000)
  eden space 18432K, 0% used [0x00000000d5580000,0x00000000d5580000,0x00000000d6780000)
  from space 1536K, 20% used [0x00000000d6900000,0x00000000d6950000,0x00000000d6a80000)
  to   space 1024K, 0% used [0x00000000d6a80000,0x00000000d6a80000,0x00000000d6b80000)
 ParOldGen       total 71680K, used 58344K [0x0000000080000000, 0x0000000084600000, 0x00000000d5580000)
  object space 71680K, 81% used [0x0000000080000000,0x00000000838fa218,0x0000000084600000)
 Metaspace       used 61061K, committed 62464K, reserved 1114112K
  class space    used 6453K, committed 7040K, reserved 1048576K
}
Event: 64.277 GC heap before
{Heap before GC invocations=71 (full 3):
 PSYoungGen      total 19968K, used 18752K [0x00000000d5580000, 0x00000000d6b80000, 0x0000000100000000)
  eden space 18432K, 100% used [0x00000000d5580000,0x00000000d6780000,0x00000000d6780000)
  from space 1536K, 20% used [0x00000000d6900000,0x00000000d6950000,0x00000000d6a80000)
  to   space 1024K, 0% used [0x00000000d6a80000,0x00000000d6a80000,0x00000000d6b80000)
 ParOldGen       total 71680K, used 58344K [0x0000000080000000, 0x0000000084600000, 0x00000000d5580000)
  object space 71680K, 81% used [0x0000000080000000,0x00000000838fa218,0x0000000084600000)
 Metaspace       used 62235K, committed 63616K, reserved 1114112K
  class space    used 6572K, committed 7168K, reserved 1048576K
}
Event: 64.281 GC heap after
{Heap after GC invocations=71 (full 3):
 PSYoungGen      total 19456K, used 832K [0x00000000d5580000, 0x00000000d6b80000, 0x0000000100000000)
  eden space 18432K, 0% used [0x00000000d5580000,0x00000000d5580000,0x00000000d6780000)
  from space 1024K, 81% used [0x00000000d6a80000,0x00000000d6b50000,0x00000000d6b80000)
  to   space 1024K, 0% used [0x00000000d6980000,0x00000000d6980000,0x00000000d6a80000)
 ParOldGen       total 71680K, used 58456K [0x0000000080000000, 0x0000000084600000, 0x00000000d5580000)
  object space 71680K, 81% used [0x0000000080000000,0x0000000083916218,0x0000000084600000)
 Metaspace       used 62235K, committed 63616K, reserved 1114112K
  class space    used 6572K, committed 7168K, reserved 1048576K
}
Event: 65.605 GC heap before
{Heap before GC invocations=72 (full 3):
 PSYoungGen      total 19456K, used 19264K [0x00000000d5580000, 0x00000000d6b80000, 0x0000000100000000)
  eden space 18432K, 100% used [0x00000000d5580000,0x00000000d6780000,0x00000000d6780000)
  from space 1024K, 81% used [0x00000000d6a80000,0x00000000d6b50000,0x00000000d6b80000)
  to   space 1024K, 0% used [0x00000000d6980000,0x00000000d6980000,0x00000000d6a80000)
 ParOldGen       total 71680K, used 58456K [0x0000000080000000, 0x0000000084600000, 0x00000000d5580000)
  object space 71680K, 81% used [0x0000000080000000,0x0000000083916218,0x0000000084600000)
 Metaspace       used 62514K, committed 64000K, reserved 1114112K
  class space    used 6599K, committed 7232K, reserved 1048576K
}
Event: 65.610 GC heap after
{Heap after GC invocations=72 (full 3):
 PSYoungGen      total 19456K, used 784K [0x00000000d5580000, 0x00000000d6b00000, 0x0000000100000000)
  eden space 18432K, 0% used [0x00000000d5580000,0x00000000d5580000,0x00000000d6780000)
  from space 1024K, 76% used [0x00000000d6980000,0x00000000d6a44010,0x00000000d6a80000)
  to   space 512K, 0% used [0x00000000d6a80000,0x00000000d6a80000,0x00000000d6b00000)
 ParOldGen       total 71680K, used 58915K [0x0000000080000000, 0x0000000084600000, 0x00000000d5580000)
  object space 71680K, 82% used [0x0000000080000000,0x0000000083988d88,0x0000000084600000)
 Metaspace       used 62514K, committed 64000K, reserved 1114112K
  class space    used 6599K, committed 7232K, reserved 1048576K
}

Dll operation events (10 events):
Event: 0.087 Loaded shared library c:\Users\admin\.vscode\extensions\redhat.java-1.54.0-win32-x64\jre\21.0.10-win32-x86_64\bin\java.dll
Event: 0.127 Loaded shared library c:\Users\admin\.vscode\extensions\redhat.java-1.54.0-win32-x64\jre\21.0.10-win32-x86_64\bin\zip.dll
Event: 0.239 Loaded shared library C:\Users\admin\.vscode\extensions\redhat.java-1.54.0-win32-x64\jre\21.0.10-win32-x86_64\bin\instrument.dll
Event: 0.267 Loaded shared library C:\Users\admin\.vscode\extensions\redhat.java-1.54.0-win32-x64\jre\21.0.10-win32-x86_64\bin\net.dll
Event: 0.286 Loaded shared library C:\Users\admin\.vscode\extensions\redhat.java-1.54.0-win32-x64\jre\21.0.10-win32-x86_64\bin\nio.dll
Event: 0.292 Loaded shared library C:\Users\admin\.vscode\extensions\redhat.java-1.54.0-win32-x64\jre\21.0.10-win32-x86_64\bin\zip.dll
Event: 0.324 Loaded shared library C:\Users\admin\.vscode\extensions\redhat.java-1.54.0-win32-x64\jre\21.0.10-win32-x86_64\bin\jimage.dll
Event: 0.463 Loaded shared library c:\Users\admin\.vscode\extensions\redhat.java-1.54.0-win32-x64\jre\21.0.10-win32-x86_64\bin\verify.dll
Event: 2.606 Loaded shared library C:\Users\admin\AppData\Roaming\Code\User\globalStorage\redhat.java\1.54.0\config_win\org.eclipse.equinox.launcher\org.eclipse.equinox.launcher.win32.win32.x86_64_1.3.0.v20260203-2149\eclipse_11919.dll
Event: 11.028 Loaded shared library C:\Users\admin\AppData\Local\Temp\jna-92668751\jna3849084188417505030.dll

Deoptimization events (20 events):
Event: 66.019 Thread 0x00000267fbe86130 Uncommon trap: trap_request=0xffffff45 fr.pc=0x00000267a7b29d64 relative=0x0000000000000044
Event: 66.019 Thread 0x00000267fbe86130 Uncommon trap: reason=unstable_if action=reinterpret pc=0x00000267a7b29d64 method=java.util.IdentityHashMap.maskNull(Ljava/lang/Object;)Ljava/lang/Object; @ 1 c2
Event: 66.019 Thread 0x00000267fbe86130 DEOPT PACKING pc=0x00000267a7b29d64 sp=0x000000b0332fcd50
Event: 66.019 Thread 0x00000267fbe86130 DEOPT UNPACKING pc=0x00000267a7073aa2 sp=0x000000b0332fccf0 mode 2
Event: 66.032 Thread 0x00000267fbe86130 Uncommon trap: trap_request=0xffffffc6 fr.pc=0x00000267a7c6c948 relative=0x0000000000000528
Event: 66.032 Thread 0x00000267fbe86130 Uncommon trap: reason=bimorphic_or_optimized_type_check action=maybe_recompile pc=0x00000267a7c6c948 method=lombok.eclipse.handlers.EclipseHandlerUtil.typeMatches(Ljava/lang/String;Llombok/eclipse/EclipseNode;Lorg/eclipse/jdt/internal/compiler/ast/TypeRef
Event: 66.032 Thread 0x00000267fbe86130 DEOPT PACKING pc=0x00000267a7c6c948 sp=0x000000b0332fe170
Event: 66.033 Thread 0x00000267fbe86130 DEOPT UNPACKING pc=0x00000267a7073aa2 sp=0x000000b0332fe110 mode 2
Event: 66.033 Thread 0x00000267fbe86130 Uncommon trap: trap_request=0xffffffc6 fr.pc=0x00000267a7c6c948 relative=0x0000000000000528
Event: 66.033 Thread 0x00000267fbe86130 Uncommon trap: reason=bimorphic_or_optimized_type_check action=maybe_recompile pc=0x00000267a7c6c948 method=lombok.eclipse.handlers.EclipseHandlerUtil.typeMatches(Ljava/lang/String;Llombok/eclipse/EclipseNode;Lorg/eclipse/jdt/internal/compiler/ast/TypeRef
Event: 66.033 Thread 0x00000267fbe86130 DEOPT PACKING pc=0x00000267a7c6c948 sp=0x000000b0332fe170
Event: 66.033 Thread 0x00000267fbe86130 DEOPT UNPACKING pc=0x00000267a7073aa2 sp=0x000000b0332fe110 mode 2
Event: 66.033 Thread 0x00000267fbe86130 Uncommon trap: trap_request=0xffffffc6 fr.pc=0x00000267a7c6c948 relative=0x0000000000000528
Event: 66.033 Thread 0x00000267fbe86130 Uncommon trap: reason=bimorphic_or_optimized_type_check action=maybe_recompile pc=0x00000267a7c6c948 method=lombok.eclipse.handlers.EclipseHandlerUtil.typeMatches(Ljava/lang/String;Llombok/eclipse/EclipseNode;Lorg/eclipse/jdt/internal/compiler/ast/TypeRef
Event: 66.033 Thread 0x00000267fbe86130 DEOPT PACKING pc=0x00000267a7c6c948 sp=0x000000b0332fe170
Event: 66.033 Thread 0x00000267fbe86130 DEOPT UNPACKING pc=0x00000267a7073aa2 sp=0x000000b0332fe110 mode 2
Event: 66.034 Thread 0x00000267fbe86130 Uncommon trap: trap_request=0xffffffc6 fr.pc=0x00000267a7c6c948 relative=0x0000000000000528
Event: 66.034 Thread 0x00000267fbe86130 Uncommon trap: reason=bimorphic_or_optimized_type_check action=maybe_recompile pc=0x00000267a7c6c948 method=lombok.eclipse.handlers.EclipseHandlerUtil.typeMatches(Ljava/lang/String;Llombok/eclipse/EclipseNode;Lorg/eclipse/jdt/internal/compiler/ast/TypeRef
Event: 66.034 Thread 0x00000267fbe86130 DEOPT PACKING pc=0x00000267a7c6c948 sp=0x000000b0332fe170
Event: 66.034 Thread 0x00000267fbe86130 DEOPT UNPACKING pc=0x00000267a7073aa2 sp=0x000000b0332fe110 mode 2

Classes loaded (20 events):
Event: 53.658 Loading class java/util/Vector$1
Event: 53.659 Loading class java/util/Vector$1 done
Event: 59.873 Loading class java/util/stream/ReduceOps$4
Event: 59.883 Loading class java/util/stream/ReduceOps$4 done
Event: 59.884 Loading class java/util/stream/ReduceOps$4ReducingSink
Event: 59.885 Loading class java/util/stream/ReduceOps$4ReducingSink done
Event: 61.540 Loading class java/util/Hashtable$ValueCollection
Event: 61.541 Loading class java/util/Hashtable$ValueCollection done
Event: 61.696 Loading class java/lang/UnsupportedClassVersionError
Event: 61.697 Loading class java/lang/UnsupportedClassVersionError done
Event: 65.947 Loading class java/util/stream/ReferencePipeline$4
Event: 65.947 Loading class java/util/stream/ReferencePipeline$4 done
Event: 65.949 Loading class java/util/stream/Nodes$IntFixedNodeBuilder
Event: 65.951 Loading class java/util/stream/Node$Builder$OfInt
Event: 65.951 Loading class java/util/stream/Node$Builder$OfInt done
Event: 65.951 Loading class java/util/stream/Nodes$IntArrayNode
Event: 65.951 Loading class java/util/stream/Nodes$IntArrayNode done
Event: 65.952 Loading class java/util/stream/Nodes$IntFixedNodeBuilder done
Event: 65.952 Loading class java/util/stream/ReferencePipeline$4$1
Event: 65.953 Loading class java/util/stream/ReferencePipeline$4$1 done

Classes unloaded (8 events):
Event: 12.931 Thread 0x00000267f56c28b0 Unloading class 0x00000267b51a3400 'java/lang/invoke/LambdaForm$MH+0x00000267b51a3400'
Event: 12.931 Thread 0x00000267f56c28b0 Unloading class 0x00000267b51a3000 'java/lang/invoke/LambdaForm$MH+0x00000267b51a3000'
Event: 12.931 Thread 0x00000267f56c28b0 Unloading class 0x00000267b51a2c00 'java/lang/invoke/LambdaForm$MH+0x00000267b51a2c00'
Event: 12.931 Thread 0x00000267f56c28b0 Unloading class 0x00000267b51a2800 'java/lang/invoke/LambdaForm$MH+0x00000267b51a2800'
Event: 12.931 Thread 0x00000267f56c28b0 Unloading class 0x00000267b51a2400 'java/lang/invoke/LambdaForm$BMH+0x00000267b51a2400'
Event: 12.931 Thread 0x00000267f56c28b0 Unloading class 0x00000267b51a2000 'java/lang/invoke/LambdaForm$DMH+0x00000267b51a2000'
Event: 12.931 Thread 0x00000267f56c28b0 Unloading class 0x00000267b51a1000 'java/lang/invoke/LambdaForm$DMH+0x00000267b51a1000'
Event: 60.765 Thread 0x00000267f56c28b0 Unloading class 0x00000267b5619800 'java/lang/invoke/LambdaForm$DMH+0x00000267b5619800'

Classes redefined (6 events):
Event: 0.718 Thread 0x00000267f56c28b0 redefined class name=java.io.FileOutputStream, count=1
Event: 0.723 Thread 0x00000267f56c28b0 redefined class name=java.io.File, count=1
Event: 0.728 Thread 0x00000267f56c28b0 redefined class name=java.nio.file.Files, count=1
Event: 0.734 Thread 0x00000267f56c28b0 redefined class name=java.lang.ClassLoader, count=1
Event: 0.737 Thread 0x00000267f56c28b0 redefined class name=java.net.URLStreamHandler, count=1
Event: 0.742 Thread 0x00000267f56c28b0 redefined class name=java.lang.Thread, count=1

Internal exceptions (20 events):
Event: 47.576 Thread 0x00000267fbe86130 Exception <a 'sun/nio/fs/WindowsException'{0x00000000d66efa80}> (0x00000000d66efa80) 
thrown [s\src\hotspot\share\prims\jni.cpp, line 520]
Event: 47.577 Thread 0x00000267fbe86130 Exception <a 'sun/nio/fs/WindowsException'{0x00000000d66f05a8}> (0x00000000d66f05a8) 
thrown [s\src\hotspot\share\prims\jni.cpp, line 520]
Event: 49.227 Thread 0x00000267feec3560 Exception <a 'java/lang/NoSuchMethodError'{0x00000000d63db8e8}: 'java.lang.Object java.lang.invoke.DirectMethodHandle$Holder.invokeVirtual(java.lang.Object, java.lang.Object, int)'> (0x00000000d63db8e8) 
thrown [s\src\hotspot\share\interpreter\linkResolver.cpp, line 773]
Event: 50.969 Thread 0x00000267feec0e00 Exception <a 'sun/nio/fs/WindowsException'{0x00000000d599d3c8}> (0x00000000d599d3c8) 
thrown [s\src\hotspot\share\prims\jni.cpp, line 520]
Event: 50.970 Thread 0x00000267feec0e00 Exception <a 'sun/nio/fs/WindowsException'{0x00000000d599dcc8}> (0x00000000d599dcc8) 
thrown [s\src\hotspot\share\prims\jni.cpp, line 520]
Event: 50.973 Thread 0x00000267feec0e00 Exception <a 'sun/nio/fs/WindowsException'{0x00000000d599ea28}> (0x00000000d599ea28) 
thrown [s\src\hotspot\share\prims\jni.cpp, line 520]
Event: 50.975 Thread 0x00000267feec0e00 Exception <a 'sun/nio/fs/WindowsException'{0x00000000d599f308}> (0x00000000d599f308) 
thrown [s\src\hotspot\share\prims\jni.cpp, line 520]
Event: 50.980 Thread 0x00000267feec0e00 Exception <a 'sun/nio/fs/WindowsException'{0x00000000d59a0b00}> (0x00000000d59a0b00) 
thrown [s\src\hotspot\share\prims\jni.cpp, line 520]
Event: 50.980 Thread 0x00000267feec0e00 Exception <a 'sun/nio/fs/WindowsException'{0x00000000d59a13e0}> (0x00000000d59a13e0) 
thrown [s\src\hotspot\share\prims\jni.cpp, line 520]
Event: 51.021 Thread 0x00000267feec0e00 Exception <a 'sun/nio/fs/WindowsException'{0x00000000d5a7b6d8}> (0x00000000d5a7b6d8) 
thrown [s\src\hotspot\share\prims\jni.cpp, line 520]
Event: 51.022 Thread 0x00000267feec0e00 Exception <a 'sun/nio/fs/WindowsException'{0x00000000d5a7bfb8}> (0x00000000d5a7bfb8) 
thrown [s\src\hotspot\share\prims\jni.cpp, line 520]
Event: 51.437 Thread 0x00000267fbe86130 Exception <a 'java/lang/NoSuchMethodError'{0x00000000d6428bc8}: 'java.lang.Object java.lang.invoke.DirectMethodHandle$Holder.invokeSpecial(java.lang.Object, java.lang.Object, int, long)'> (0x00000000d6428bc8) 
thrown [s\src\hotspot\share\interpreter\linkResolver.cpp, line 773]
Event: 59.897 Thread 0x00000267feec3560 Exception <a 'java/lang/NoSuchMethodError'{0x00000000d57e9e60}: 'int java.lang.invoke.DirectMethodHandle$Holder.invokeSpecialIFC(java.lang.Object, java.lang.Object, java.lang.Object)'> (0x00000000d57e9e60) 
thrown [s\src\hotspot\share\interpreter\linkResolver.cpp, line 773]
Event: 61.728 Thread 0x00000267feec3560 Exception <a 'java/lang/NoSuchMethodError'{0x00000000d5e52420}: 'int java.lang.invoke.Invokers$Holder.invokeExact_MT(java.lang.Object, java.lang.Object)'> (0x00000000d5e52420) 
thrown [s\src\hotspot\share\interpreter\linkResolver.cpp, line 773]
Event: 63.236 Thread 0x00000267fbe86130 Exception <a 'java/lang/NoSuchMethodError'{0x00000000d59164e0}: 'java.lang.Object java.lang.invoke.DirectMethodHandle$Holder.invokeStatic(java.lang.Object, java.lang.Object, int, java.lang.Object)'> (0x00000000d59164e0) 
thrown [s\src\hotspot\share\interpreter\linkResolver.cpp, line 773]
Event: 63.238 Thread 0x00000267fbe86130 Exception <a 'java/lang/NoSuchMethodError'{0x00000000d5959e00}: 'java.lang.Object java.lang.invoke.DirectMethodHandle$Holder.newInvokeSpecial(java.lang.Object, java.lang.Object, int)'> (0x00000000d5959e00) 
thrown [s\src\hotspot\share\interpreter\linkResolver.cpp, line 773]
Event: 64.288 Thread 0x00000267fbe86130 Exception <a 'java/lang/NoSuchMethodError'{0x00000000d559ba80}: 'java.lang.Object java.lang.invoke.DirectMethodHandle$Holder.invokeStatic(java.lang.Object, java.lang.Object, int, int)'> (0x00000000d559ba80) 
thrown [s\src\hotspot\share\interpreter\linkResolver.cpp, line 773]
Event: 64.290 Thread 0x00000267fbe86130 Exception <a 'java/lang/NoSuchMethodError'{0x00000000d559fae0}: 'java.lang.Object java.lang.invoke.DirectMethodHandle$Holder.invokeSpecial(java.lang.Object, java.lang.Object, java.lang.Object, int, int)'> (0x00000000d559fae0) 
thrown [s\src\hotspot\share\interpreter\linkResolver.cpp, line 773]
Event: 65.118 Thread 0x00000267fbe86130 Exception <a 'java/lang/NoSuchMethodError'{0x00000000d5d4be80}: 'void java.lang.invoke.DelegatingMethodHandle$Holder.reinvoke_L(java.lang.Object, java.lang.Object, java.lang.Object, int, java.lang.Object, int, int)'> (0x00000000d5d4be80) 
thrown [s\src\hotspot\share\interpreter\linkResolver.cpp, line 773]
Event: 66.016 Thread 0x00000267fbe86130 Implicit null exception at 0x00000267a7b2d927 to 0x00000267a7b2dcc0

ZGC Phase Switch (0 events):
No events

VM Operations (20 events):
Event: 62.251 Executing safepoint VM operation: ParallelGCFailedAllocation (Allocation Failure)
Event: 62.255 Executing safepoint VM operation: ParallelGCFailedAllocation (Allocation Failure) done
Event: 62.772 Executing safepoint VM operation: ParallelGCFailedAllocation (Allocation Failure)
Event: 62.775 Executing safepoint VM operation: ParallelGCFailedAllocation (Allocation Failure) done
Event: 62.848 Executing non-safepoint VM operation: HandshakeAllThreads (Deoptimize)
Event: 62.849 Executing non-safepoint VM operation: HandshakeAllThreads (Deoptimize) done
Event: 63.143 Executing non-safepoint VM operation: HandshakeAllThreads (Deoptimize)
Event: 63.144 Executing non-safepoint VM operation: HandshakeAllThreads (Deoptimize) done
Event: 64.155 Executing safepoint VM operation: Cleanup
Event: 64.156 Executing safepoint VM operation: Cleanup done
Event: 64.277 Executing safepoint VM operation: ParallelGCFailedAllocation (Allocation Failure)
Event: 64.281 Executing safepoint VM operation: ParallelGCFailedAllocation (Allocation Failure) done
Event: 65.293 Executing safepoint VM operation: Cleanup
Event: 65.293 Executing safepoint VM operation: Cleanup done
Event: 65.605 Executing safepoint VM operation: ParallelGCFailedAllocation (Allocation Failure)
Event: 65.610 Executing safepoint VM operation: ParallelGCFailedAllocation (Allocation Failure) done
Event: 66.621 Executing safepoint VM operation: Cleanup
Event: 66.621 Executing safepoint VM operation: Cleanup done
Event: 67.636 Executing safepoint VM operation: Cleanup
Event: 67.668 Executing safepoint VM operation: Cleanup done

Memory protections (0 events):
No events

Nmethod flushes (20 events):
Event: 60.836 Thread 0x00000267f56c28b0 flushing  nmethod 0x00000267a045fc10
Event: 60.836 Thread 0x00000267f56c28b0 flushing  nmethod 0x00000267a0460310
Event: 60.836 Thread 0x00000267f56c28b0 flushing osr nmethod 0x00000267a0461110
Event: 60.836 Thread 0x00000267f56c28b0 flushing  nmethod 0x00000267a048fd90
Event: 60.836 Thread 0x00000267f56c28b0 flushing  nmethod 0x00000267a0492a10
Event: 60.836 Thread 0x00000267f56c28b0 flushing  nmethod 0x00000267a0494890
Event: 60.836 Thread 0x00000267f56c28b0 flushing  nmethod 0x00000267a0495f10
Event: 60.836 Thread 0x00000267f56c28b0 flushing  nmethod 0x00000267a0496790
Event: 60.836 Thread 0x00000267f56c28b0 flushing  nmethod 0x00000267a0496d10
Event: 60.836 Thread 0x00000267f56c28b0 flushing  nmethod 0x00000267a0497f10
Event: 60.836 Thread 0x00000267f56c28b0 flushing  nmethod 0x00000267a0498e10
Event: 60.836 Thread 0x00000267f56c28b0 flushing  nmethod 0x00000267a0499b10
Event: 60.836 Thread 0x00000267f56c28b0 flushing  nmethod 0x00000267a0499e90
Event: 60.836 Thread 0x00000267f56c28b0 flushing  nmethod 0x00000267a049a710
Event: 60.836 Thread 0x00000267f56c28b0 flushing  nmethod 0x00000267a049ab90
Event: 60.836 Thread 0x00000267f56c28b0 flushing  nmethod 0x00000267a049b110
Event: 60.836 Thread 0x00000267f56c28b0 flushing  nmethod 0x00000267a04a1b90
Event: 60.836 Thread 0x00000267f56c28b0 flushing  nmethod 0x00000267a04a2d10
Event: 60.836 Thread 0x00000267f56c28b0 flushing  nmethod 0x00000267a04a8790
Event: 60.836 Thread 0x00000267f56c28b0 flushing  nmethod 0x00000267a04ce210

Events (20 events):
Event: 45.689 Thread 0x00000267f56f48d0 Thread added: 0x00000267fd0d28e0
Event: 46.937 Thread 0x00000267fe1a2310 Thread exited: 0x00000267fe1a2310
Event: 46.937 Thread 0x00000267fe1a3030 Thread exited: 0x00000267fe1a3030
Event: 46.937 Thread 0x00000267fe1a0f60 Thread exited: 0x00000267fe1a0f60
Event: 46.937 Thread 0x00000267fe1a29a0 Thread exited: 0x00000267fe1a29a0
Event: 46.938 Thread 0x00000267fe1a36c0 Thread exited: 0x00000267fe1a36c0
Event: 47.943 Thread 0x00000267fd0d28e0 Thread exited: 0x00000267fd0d28e0
Event: 50.429 Thread 0x00000267fd0d1b40 Thread exited: 0x00000267fd0d1b40
Event: 51.074 Thread 0x00000267f56f48d0 Thread added: 0x00000267fd0d4af0
Event: 51.378 Thread 0x00000267fd0d4af0 Thread exited: 0x00000267fd0d4af0
Event: 55.225 Thread 0x00000267f56f48d0 Thread added: 0x00000267fd0d2210
Event: 55.284 Thread 0x00000267f56f48d0 Thread added: 0x00000267fd0d4af0
Event: 55.776 Thread 0x00000267fd0d4af0 Thread exited: 0x00000267fd0d4af0
Event: 55.927 Thread 0x00000267fd0d2210 Thread exited: 0x00000267fd0d2210
Event: 59.888 Thread 0x00000267f56f48d0 Thread added: 0x00000267fd0d2210
Event: 60.321 Thread 0x00000267fd0d2210 Thread exited: 0x00000267fd0d2210
Event: 61.208 Thread 0x00000267f56f48d0 Thread added: 0x00000267fd0d2fb0
Event: 61.912 Thread 0x00000267f56f48d0 Thread added: 0x00000267fd0d51c0
Event: 63.820 Thread 0x00000267fd0d51c0 Thread exited: 0x00000267fd0d51c0
Event: 63.919 Thread 0x00000267f56f48d0 Thread added: 0x00000267fd0d4af0


Dynamic libraries:
0x00007ff71acf0000 - 0x00007ff71acfe000 	c:\Users\admin\.vscode\extensions\redhat.java-1.54.0-win32-x64\jre\21.0.10-win32-x86_64\bin\java.exe
0x00007ff9d03e0000 - 0x00007ff9d0647000 	C:\WINDOWS\SYSTEM32\ntdll.dll
0x0000000078fe0000 - 0x000000007901e000 	C:\WINDOWS\System32\cyinjct.dll
0x00007ff9cfb70000 - 0x00007ff9cfb94000 	C:\WINDOWS\System32\cyvera.dll
0x000002679a2f0000 - 0x000002679a3b9000 	C:\WINDOWS\System32\KERNEL32.dll
0x00007ff9cfd00000 - 0x00007ff9d00f4000 	C:\WINDOWS\System32\KERNELBASE.dll
0x00007ff9cfa00000 - 0x00007ff9cfb66000 	C:\WINDOWS\System32\cyvrtrap.dll
0x00007ff99d2e0000 - 0x00007ff99d301000 	C:\Program Files\Avast Software\Avast\aswhook.dll
0x00007ff9cd9b0000 - 0x00007ff9cdafb000 	C:\WINDOWS\System32\ucrtbase.dll
0x00007ff9b38d0000 - 0x00007ff9b38e8000 	c:\Users\admin\.vscode\extensions\redhat.java-1.54.0-win32-x64\jre\21.0.10-win32-x86_64\bin\jli.dll
0x00007ff9d01d0000 - 0x00007ff9d0395000 	C:\WINDOWS\System32\USER32.dll
0x00007ff9cdb00000 - 0x00007ff9cdb27000 	C:\WINDOWS\System32\win32u.dll
0x00007ff9ce220000 - 0x00007ff9ce24b000 	C:\WINDOWS\System32\GDI32.dll
0x00007ff9cd710000 - 0x00007ff9cd83b000 	C:\WINDOWS\System32\gdi32full.dll
0x00007ff9cca70000 - 0x00007ff9ccb13000 	C:\WINDOWS\System32\msvcp_win.dll
0x00007ff9b38b0000 - 0x00007ff9b38ce000 	c:\Users\admin\.vscode\extensions\redhat.java-1.54.0-win32-x64\jre\21.0.10-win32-x86_64\bin\VCRUNTIME140.dll
0x00007ff9aca80000 - 0x00007ff9acd13000 	C:\WINDOWS\WinSxS\amd64_microsoft.windows.common-controls_6595b64144ccf1df_6.0.26100.8115_none_3e075c82e3354f9c\COMCTL32.dll
0x00007ff9cebb0000 - 0x00007ff9cec59000 	C:\WINDOWS\System32\msvcrt.dll
0x00007ff9cf960000 - 0x00007ff9cf992000 	C:\WINDOWS\System32\IMM32.DLL
0x00007ff9c9540000 - 0x00007ff9c954c000 	c:\Users\admin\.vscode\extensions\redhat.java-1.54.0-win32-x64\jre\21.0.10-win32-x86_64\bin\vcruntime140_1.dll
0x00007ff985ba0000 - 0x00007ff985c2d000 	c:\Users\admin\.vscode\extensions\redhat.java-1.54.0-win32-x64\jre\21.0.10-win32-x86_64\bin\msvcp140.dll
0x00007ff8f45a0000 - 0x00007ff8f5341000 	c:\Users\admin\.vscode\extensions\redhat.java-1.54.0-win32-x64\jre\21.0.10-win32-x86_64\bin\server\jvm.dll
0x00007ff9cf7e0000 - 0x00007ff9cf896000 	C:\WINDOWS\System32\ADVAPI32.dll
0x00007ff9ced40000 - 0x00007ff9cede7000 	C:\WINDOWS\System32\sechost.dll
0x00007ff9cfbe0000 - 0x00007ff9cfcf8000 	C:\WINDOWS\System32\RPCRT4.dll
0x00007ff9ceef0000 - 0x00007ff9cef70000 	C:\WINDOWS\System32\WS2_32.dll
0x00007ff9cc8d0000 - 0x00007ff9cc92e000 	C:\WINDOWS\SYSTEM32\POWRPROF.dll
0x00007ff9c9950000 - 0x00007ff9c9986000 	C:\WINDOWS\SYSTEM32\WINMM.dll
0x00007ff9c56d0000 - 0x00007ff9c56db000 	C:\WINDOWS\SYSTEM32\VERSION.dll
0x00007ff9cc8a0000 - 0x00007ff9cc8b4000 	C:\WINDOWS\SYSTEM32\UMPDC.dll
0x00007ff9cb7c0000 - 0x00007ff9cb7db000 	C:\WINDOWS\SYSTEM32\kernel.appcore.dll
0x00007ff9c6e00000 - 0x00007ff9c6e0a000 	c:\Users\admin\.vscode\extensions\redhat.java-1.54.0-win32-x64\jre\21.0.10-win32-x86_64\bin\jimage.dll
0x00007ff9ca840000 - 0x00007ff9caa82000 	C:\WINDOWS\SYSTEM32\DBGHELP.DLL
0x00007ff9cdb30000 - 0x00007ff9cdeb2000 	C:\WINDOWS\System32\combase.dll
0x00007ff9cec60000 - 0x00007ff9ced38000 	C:\WINDOWS\System32\OLEAUT32.dll
0x00007ff9b8b60000 - 0x00007ff9b8b9b000 	C:\WINDOWS\SYSTEM32\dbgcore.DLL
0x00007ff9cd900000 - 0x00007ff9cd9a5000 	C:\WINDOWS\System32\bcryptPrimitives.dll
0x00007ff9bf7a0000 - 0x00007ff9bf7af000 	c:\Users\admin\.vscode\extensions\redhat.java-1.54.0-win32-x64\jre\21.0.10-win32-x86_64\bin\instrument.dll
0x00007ff9af260000 - 0x00007ff9af280000 	c:\Users\admin\.vscode\extensions\redhat.java-1.54.0-win32-x64\jre\21.0.10-win32-x86_64\bin\java.dll
0x00007ff9cf9a0000 - 0x00007ff9cf9fa000 	C:\Program Files\Palo Alto Networks\Traps\cyjagent.dll
0x00007ff9af240000 - 0x00007ff9af258000 	c:\Users\admin\.vscode\extensions\redhat.java-1.54.0-win32-x64\jre\21.0.10-win32-x86_64\bin\zip.dll
0x00007ff9ceff0000 - 0x00007ff9cf757000 	C:\WINDOWS\System32\SHELL32.dll
0x00007ff9ccd30000 - 0x00007ff9cce9a000 	C:\WINDOWS\System32\wintypes.dll
0x00007ff9ccea0000 - 0x00007ff9cd708000 	C:\WINDOWS\System32\windows.storage.dll
0x00007ff9ce700000 - 0x00007ff9ce7f8000 	C:\WINDOWS\System32\SHCORE.dll
0x00007ff9ce800000 - 0x00007ff9ce866000 	C:\WINDOWS\System32\shlwapi.dll
0x00007ff9cc990000 - 0x00007ff9cc9b9000 	C:\WINDOWS\SYSTEM32\profapi.dll
0x00007ff9bfc10000 - 0x00007ff9bfc20000 	C:\Users\admin\.vscode\extensions\redhat.java-1.54.0-win32-x64\jre\21.0.10-win32-x86_64\bin\net.dll
0x00007ff9c65f0000 - 0x00007ff9c671d000 	C:\WINDOWS\SYSTEM32\WINHTTP.dll
0x00007ff9cbd10000 - 0x00007ff9cbd7c000 	C:\WINDOWS\system32\mswsock.dll
0x00007ff98bd10000 - 0x00007ff98bd26000 	C:\Users\admin\.vscode\extensions\redhat.java-1.54.0-win32-x64\jre\21.0.10-win32-x86_64\bin\nio.dll
0x00007ff9b91a0000 - 0x00007ff9b91b0000 	c:\Users\admin\.vscode\extensions\redhat.java-1.54.0-win32-x64\jre\21.0.10-win32-x86_64\bin\verify.dll
0x00007ff9aef90000 - 0x00007ff9aefd5000 	C:\Users\admin\AppData\Roaming\Code\User\globalStorage\redhat.java\1.54.0\config_win\org.eclipse.equinox.launcher\org.eclipse.equinox.launcher.win32.win32.x86_64_1.3.0.v20260203-2149\eclipse_11919.dll
0x00007ff9cdec0000 - 0x00007ff9ce057000 	C:\WINDOWS\System32\ole32.dll
0x00007ff9cc110000 - 0x00007ff9cc12b000 	C:\WINDOWS\SYSTEM32\CRYPTSP.dll
0x00007ff9cb720000 - 0x00007ff9cb759000 	C:\WINDOWS\system32\rsaenh.dll
0x00007ff9cbdc0000 - 0x00007ff9cbdf3000 	C:\WINDOWS\SYSTEM32\USERENV.dll
0x00007ff9cc960000 - 0x00007ff9cc98a000 	C:\WINDOWS\SYSTEM32\bcrypt.dll
0x00007ff9cc0f0000 - 0x00007ff9cc0fc000 	C:\WINDOWS\SYSTEM32\CRYPTBASE.dll
0x00007ff9caf70000 - 0x00007ff9cafa2000 	C:\WINDOWS\SYSTEM32\IPHLPAPI.DLL
0x00007ff9ce6f0000 - 0x00007ff9ce6fa000 	C:\WINDOWS\System32\NSI.dll
0x00007ff9ae7b0000 - 0x00007ff9ae7f9000 	C:\Users\admin\AppData\Local\Temp\jna-92668751\jna3849084188417505030.dll
0x00007ff9cefd0000 - 0x00007ff9cefd8000 	C:\WINDOWS\System32\PSAPI.DLL
0x00007ff9c6910000 - 0x00007ff9c692d000 	C:\WINDOWS\SYSTEM32\dhcpcsvc6.DLL
0x00007ff9c68e0000 - 0x00007ff9c6905000 	C:\WINDOWS\SYSTEM32\dhcpcsvc.DLL

JVMTI agents:
c:\Users\admin\.vscode\extensions\redhat.java-1.54.0-win32-x64\lombok\lombok-1.18.39-4050.jar path:c:\Users\admin\.vscode\extensions\redhat.java-1.54.0-win32-x64\jre\21.0.10-win32-x86_64\bin\instrument.dll, loaded, initialized, instrumentlib options:none
C:\Program Files\Palo Alto Networks\Traps\cyjagent.dll path:C:\Program Files\Palo Alto Networks\Traps\cyjagent.dll, loaded, initialized, options:none

dbghelp: loaded successfully - version: 4.0.5 - missing functions: none
symbol engine: initialized successfully - sym options: 0x614 - pdb path: .;c:\Users\admin\.vscode\extensions\redhat.java-1.54.0-win32-x64\jre\21.0.10-win32-x86_64\bin;C:\WINDOWS\SYSTEM32;C:\Program Files\Avast Software\Avast;C:\WINDOWS\WinSxS\amd64_microsoft.windows.common-controls_6595b64144ccf1df_6.0.26100.8115_none_3e075c82e3354f9c;c:\Users\admin\.vscode\extensions\redhat.java-1.54.0-win32-x64\jre\21.0.10-win32-x86_64\bin\server;C:\Program Files\Palo Alto Networks\Traps;C:\Users\admin\AppData\Roaming\Code\User\globalStorage\redhat.java\1.54.0\config_win\org.eclipse.equinox.launcher\org.eclipse.equinox.launcher.win32.win32.x86_64_1.3.0.v20260203-2149;C:\Users\admin\AppData\Local\Temp\jna-92668751

VM Arguments:
jvm_args: --add-modules=ALL-SYSTEM --add-opens=java.base/java.util=ALL-UNNAMED --add-opens=java.base/java.lang=ALL-UNNAMED --add-opens=java.base/sun.nio.fs=ALL-UNNAMED -Declipse.application=org.eclipse.jdt.ls.core.id1 -Dosgi.bundles.defaultStartLevel=4 -Declipse.product=org.eclipse.jdt.ls.core.product -Djava.import.generatesMetadataFilesAtProjectRoot=false -DDetectVMInstallationsJob.disabled=true -Dfile.encoding=utf8 -XX:+UseParallelGC -XX:GCTimeRatio=4 -XX:AdaptiveSizePolicyWeight=90 -Dsun.zip.disableMemoryMapping=true -Xmx2G -Xms100m -Xlog:disable -javaagent:c:\Users\admin\.vscode\extensions\redhat.java-1.54.0-win32-x64\lombok\lombok-1.18.39-4050.jar -XX:+HeapDumpOnOutOfMemoryError -XX:HeapDumpPath=c:\Users\admin\AppData\Roaming\Code\User\workspaceStorage\1c6c7382f2917cdd6518ce0c012ef50e\redhat.java -Daether.dependencyCollector.impl=bf -agentpath:C:\Program Files\Palo Alto Networks\Traps\cyjagent.dll 
java_command: c:\Users\admin\.vscode\extensions\redhat.java-1.54.0-win32-x64\server\plugins\org.eclipse.equinox.launcher_1.7.100.v20251111-0406.jar -configuration c:\Users\admin\AppData\Roaming\Code\User\globalStorage\redhat.java\1.54.0\config_win -data c:\Users\admin\AppData\Roaming\Code\User\workspaceStorage\1c6c7382f2917cdd6518ce0c012ef50e\redhat.java\jdt_ws --pipe=\\.\pipe\lsp-b1ac48b0ada165b7c026806fc36a1175-sock
java_class_path (initial): c:\Users\admin\.vscode\extensions\redhat.java-1.54.0-win32-x64\server\plugins\org.eclipse.equinox.launcher_1.7.100.v20251111-0406.jar
Launcher Type: SUN_STANDARD

[Global flags]
    uintx AdaptiveSizePolicyWeight                 = 90                                        {product} {command line}
     intx CICompilerCount                          = 4                                         {product} {ergonomic}
    uintx GCTimeRatio                              = 4                                         {product} {command line}
     bool HeapDumpOnOutOfMemoryError               = true                                   {manageable} {command line}
    ccstr HeapDumpPath                             = c:\Users\admin\AppData\Roaming\Code\User\workspaceStorage\1c6c7382f2917cdd6518ce0c012ef50e\redhat.java         {manageable} {command line}
   size_t InitialHeapSize                          = 104857600                                 {product} {command line}
   size_t MaxHeapSize                              = 2147483648                                {product} {command line}
   size_t MaxNewSize                               = 715653120                                 {product} {ergonomic}
   size_t MinHeapDeltaBytes                        = 524288                                    {product} {ergonomic}
   size_t MinHeapSize                              = 104857600                                 {product} {command line}
   size_t NewSize                                  = 34603008                                  {product} {ergonomic}
    uintx NonNMethodCodeHeapSize                   = 5839372                                {pd product} {ergonomic}
    uintx NonProfiledCodeHeapSize                  = 122909434                              {pd product} {ergonomic}
   size_t OldSize                                  = 70254592                                  {product} {ergonomic}
    uintx ProfiledCodeHeapSize                     = 122909434                              {pd product} {ergonomic}
    uintx ReservedCodeCacheSize                    = 251658240                              {pd product} {ergonomic}
     bool SegmentedCodeCache                       = true                                      {product} {ergonomic}
   size_t SoftMaxHeapSize                          = 2147483648                             {manageable} {ergonomic}
     bool UseCompressedOops                        = true                           {product lp64_product} {ergonomic}
     bool UseLargePagesIndividualAllocation        = false                                  {pd product} {ergonomic}
     bool UseParallelGC                            = true                                      {product} {command line}

Logging:
Log output configuration:
 #0: stdout all=off uptime,level,tags foldmultilines=false
 #1: stderr all=off uptime,level,tags foldmultilines=false

Release file:
JAVA_VERSION="21.0.10" 
MODULES="java.base java.compiler java.datatransfer java.xml java.prefs java.desktop java.instrument java.logging java.management java.security.sasl java.naming java.rmi java.management.rmi java.net.http java.scripting java.security.jgss java.transaction.xa java.sql java.sql.rowset java.xml.crypto java.se java.smartcardio jdk.accessibility jdk.internal.jvmstat jdk.attach jdk.charsets jdk.internal.opt jdk.zipfs jdk.compiler jdk.crypto.ec jdk.crypto.cryptoki jdk.crypto.mscapi jdk.dynalink jdk.internal.ed jdk.editpad jdk.hotspot.agent jdk.httpserver jdk.internal.le jdk.internal.vm.ci jdk.internal.vm.compiler jdk.internal.vm.compiler.management jdk.jartool jdk.javadoc jdk.jcmd jdk.management jdk.management.agent jdk.jconsole jdk.jdeps jdk.jdwp.agent jdk.jdi jdk.jfr jdk.jshell jdk.jsobject jdk.jstatd jdk.localedata jdk.management.jfr jdk.naming.dns jdk.naming.rmi jdk.net jdk.nio.mapmode jdk.random jdk.sctp jdk.security.auth jdk.security.jgss jdk.unsupported jdk.unsupported.desktop jdk.xml.dom" 

Environment Variables:
JAVA_HOME=C:\Program Files\Java\jdk-17
PATH=C:\Program Files (x86)\VMware\VMware Workstation\bin\;C:\oraclexe\app\oracle\product\11.2.0\server\bin;C:\Program Files (x86)\Common Files\Oracle\Java\javapath;C:\WINDOWS\system32;C:\WINDOWS;C:\WINDOWS\System32\Wbem;C:\WINDOWS\System32\WindowsPowerShell\v1.0\;C:\WINDOWS\System32\OpenSSH\;C:\Program Files\Java\jdk-17\bin;C:\Program Files\Git\cmd;C:\xampp\php;C:\composer;C:\apache-maven-3.9.7\bin;C:\Users\admin\Downloads\cmder;C:\Program Files\nodejs\;C:\Program Files\MongoDB\Server\8.0\bin;C:\Program Files\Symfony;C:\Program Files\MongoDB;C:\Users\admin\Desktop\mongosh-2.5.10-win32-x64\bin;C:\Program Files\Docker\Docker\resources\bin;C:\Users\admin\scoop\shims;C:\Users\admin\AppData\Local\Microsoft\WindowsApps;C:\Users\admin\AppData\Local\Programs\Microsoft VS Code\bin;C:\Users\admin\AppData\Roaming\Composer\vendor\bin;C:\Users\admin\AppData\Local\Programs\cursor\resources\app\bin;C:\Users\admin\AppData\Roaming\npm;C:\Users\admin\AppData\Local\Programs\Windsurf\bin;C:\Users\admin\Desktop\mongosh-2.5.10-win32-x64;C:\Program Files\MySQL\MySQL Server 8.4\bin;C:\Users\admin\scoop\shims;C:\Users\admin\AppData\Local\Microsoft\WindowsApps;C:\Users\admin\AppData\Local\Programs\Microsoft VS Code\bin;C:\xampp\php;C:\Users\admin\AppData\Roaming\Composer\vendor\bin;C:\Users\admin\AppData\Local\Programs\cursor\resources\app\bin;C:\Users\admin\Downloads\cmder;C:\Users\admin\AppData\Roaming\npm;C:\Program Files\MongoDB\Server\8.0\bin;C:\Program Files\Symfony;C:\Users\admin\AppData\Local\Programs\Windsurf\bin;C:\Users\admin\Desktop\mongosh-2.5.10-win32-x64;C:\Program Files\Java\jdk-17\bin;
USERNAME=admin
OS=Windows_NT
PROCESSOR_IDENTIFIER=Intel64 Family 6 Model 186 Stepping 3, GenuineIntel
TMP=C:\Users\admin\AppData\Local\Temp
TEMP=C:\Users\admin\AppData\Local\Temp




Periodic native trim disabled

---------------  S Y S T E M  ---------------

OS:
 Windows 11 , 64 bit Build 26100 (10.0.26100.8246)
OS uptime: 23 days 11:11 hours
Hyper-V role detected

CPU: total 12 (initial active 12) (6 cores per cpu, 2 threads per core) family 6 model 186 stepping 3 microcode 0x4128, cx8, cmov, fxsr, ht, mmx, 3dnowpref, sse, sse2, sse3, ssse3, sse4.1, sse4.2, popcnt, lzcnt, tsc, tscinvbit, avx, avx2, aes, erms, clmul, bmi1, bmi2, adx, sha, fma, vzeroupper, clflush, clflushopt, clwb, hv, serialize, rdtscp, rdpid, fsrm, f16c, cet_ibt, cet_ss
Processor Information for processor 0
  Max Mhz: 1300, Current Mhz: 893, Mhz Limit: 884
Processor Information for processor 1
  Max Mhz: 1300, Current Mhz: 893, Mhz Limit: 884
Processor Information for processor 2
  Max Mhz: 1300, Current Mhz: 893, Mhz Limit: 884
Processor Information for processor 3
  Max Mhz: 1300, Current Mhz: 893, Mhz Limit: 884
Processor Information for processor 4
  Max Mhz: 1300, Current Mhz: 866, Mhz Limit: 858
Processor Information for processor 5
  Max Mhz: 1300, Current Mhz: 866, Mhz Limit: 858
Processor Information for processor 6
  Max Mhz: 1300, Current Mhz: 866, Mhz Limit: 858
Processor Information for processor 7
  Max Mhz: 1300, Current Mhz: 866, Mhz Limit: 858
Processor Information for processor 8
  Max Mhz: 1300, Current Mhz: 866, Mhz Limit: 858
Processor Information for processor 9
  Max Mhz: 1300, Current Mhz: 866, Mhz Limit: 858
Processor Information for processor 10
  Max Mhz: 1300, Current Mhz: 866, Mhz Limit: 858
Processor Information for processor 11
  Max Mhz: 1300, Current Mhz: 866, Mhz Limit: 858

Memory: 4k page, system-wide physical 16064M (982M free)
TotalPageFile size 65216M (AvailPageFile size 5M)
current process WorkingSet (physical memory assigned to process): 393M, peak: 403M
current process commit charge ("private bytes"): 478M, peak: 484M

vm_info: OpenJDK 64-Bit Server VM (21.0.10+7-LTS) for windows-amd64 JRE (21.0.10+7-LTS), built on 2026-01-20T00:00:00Z by "admin" with MS VC++ 17.12 (VS2022)

END.
